

================================================================
== Synthesis Summary Report of 'SneakySnake_bit'
================================================================
+ General Information: 
    * Date:           Fri May  9 17:21:10 2025
    * Version:        2024.2 (Build 5238294 on Nov  8 2024)
    * Project:        SneakySnake_bit
    * Solution:       hls (Vitis Kernel Flow Target)
    * Product family: virtexuplus
    * Target device:  xcvu9p-flga2104-2-i
    

+ Performance & Resource Estimates: 
    
    PS: '+' for module; 'o' for loop; '*' for dataflow
    +----------------------------------------------------+------+------+---------+-----------+----------+---------+------+----------+------+----+------------+------------+-----+
    |                       Modules                      | Issue|      | Latency |  Latency  | Iteration|         | Trip |          |      |    |            |            |     |
    |                       & Loops                      | Type | Slack| (cycles)|    (ns)   |  Latency | Interval| Count| Pipelined| BRAM | DSP|     FF     |     LUT    | URAM|
    +----------------------------------------------------+------+------+---------+-----------+----------+---------+------+----------+------+----+------------+------------+-----+
    |+ SneakySnake_bit                                   |     -|  0.84|      171|  1.881e+03|         -|      172|     -|        no|     -|   -|  7337 (~0%)|  16068 (1%)|    -|
    | + NeighborhoodMap_bit                              |     -|  7.56|      131|  1.441e+03|         -|      131|     -|        no|     -|   -|  4425 (~0%)|  7029 (~0%)|    -|
    |  + NeighborhoodMap_bit_Pipeline_VITIS_LOOP_380_1   |     -|  7.56|      129|  1.419e+03|         -|      129|     -|        no|     -|   -|   145 (~0%)|   381 (~0%)|    -|
    |   o VITIS_LOOP_380_1                               |     -|  9.68|      127|  1.397e+03|         1|        1|   127|       yes|     -|   -|           -|           -|    -|
    |  + NeighborhoodMap_bit_Pipeline_VITIS_LOOP_400_2   |     -|  7.56|      129|  1.419e+03|         -|      129|     -|        no|     -|   -|   145 (~0%)|   381 (~0%)|    -|
    |   o VITIS_LOOP_400_2                               |     -|  9.68|      127|  1.397e+03|         1|        1|   127|       yes|     -|   -|           -|           -|    -|
    |  + NeighborhoodMap_bit_Pipeline_VITIS_LOOP_419_3   |     -|  7.56|      129|  1.419e+03|         -|      129|     -|        no|     -|   -|   145 (~0%)|   381 (~0%)|    -|
    |   o VITIS_LOOP_419_3                               |     -|  9.68|      127|  1.397e+03|         1|        1|   127|       yes|     -|   -|           -|           -|    -|
    |  + NeighborhoodMap_bit_Pipeline_VITIS_LOOP_438_4   |     -|  7.56|      129|  1.419e+03|         -|      129|     -|        no|     -|   -|   145 (~0%)|   381 (~0%)|    -|
    |   o VITIS_LOOP_438_4                               |     -|  9.68|      127|  1.397e+03|         1|        1|   127|       yes|     -|   -|           -|           -|    -|
    |  + NeighborhoodMap_bit_Pipeline_VITIS_LOOP_462_5   |     -|  7.56|      129|  1.419e+03|         -|      129|     -|        no|     -|   -|   145 (~0%)|   381 (~0%)|    -|
    |   o VITIS_LOOP_462_5                               |     -|  9.68|      127|  1.397e+03|         1|        1|   127|       yes|     -|   -|           -|           -|    -|
    |  + NeighborhoodMap_bit_Pipeline_VITIS_LOOP_488_6   |     -|  7.56|      129|  1.419e+03|         -|      129|     -|        no|     -|   -|   145 (~0%)|   381 (~0%)|    -|
    |   o VITIS_LOOP_488_6                               |     -|  9.68|      127|  1.397e+03|         1|        1|   127|       yes|     -|   -|           -|           -|    -|
    |  + NeighborhoodMap_bit_Pipeline_VITIS_LOOP_516_7   |     -|  7.56|      129|  1.419e+03|         -|      129|     -|        no|     -|   -|   145 (~0%)|   381 (~0%)|    -|
    |   o VITIS_LOOP_516_7                               |     -|  9.68|      127|  1.397e+03|         1|        1|   127|       yes|     -|   -|           -|           -|    -|
    |  + NeighborhoodMap_bit_Pipeline_VITIS_LOOP_534_8   |     -|  7.56|      129|  1.419e+03|         -|      129|     -|        no|     -|   -|   145 (~0%)|   381 (~0%)|    -|
    |   o VITIS_LOOP_534_8                               |     -|  9.68|      127|  1.397e+03|         1|        1|   127|       yes|     -|   -|           -|           -|    -|
    |  + NeighborhoodMap_bit_Pipeline_VITIS_LOOP_556_9   |     -|  7.56|      129|  1.419e+03|         -|      129|     -|        no|     -|   -|   145 (~0%)|   381 (~0%)|    -|
    |   o VITIS_LOOP_556_9                               |     -|  9.68|      127|  1.397e+03|         1|        1|   127|       yes|     -|   -|           -|           -|    -|
    |  + NeighborhoodMap_bit_Pipeline_VITIS_LOOP_580_10  |     -|  7.56|      129|  1.419e+03|         -|      129|     -|        no|     -|   -|   145 (~0%)|   381 (~0%)|    -|
    |   o VITIS_LOOP_580_10                              |     -|  9.68|      127|  1.397e+03|         1|        1|   127|       yes|     -|   -|           -|           -|    -|
    |  + NeighborhoodMap_bit_Pipeline_VITIS_LOOP_607_11  |     -|  7.56|      129|  1.419e+03|         -|      129|     -|        no|     -|   -|   145 (~0%)|   381 (~0%)|    -|
    |   o VITIS_LOOP_607_11                              |     -|  9.68|      127|  1.397e+03|         1|        1|   127|       yes|     -|   -|           -|           -|    -|
    | o VITIS_LOOP_707_1_VITIS_LOOP_640_1                |     -|  9.68|       37|    407.000|         3|        1|    36|       yes|     -|   -|           -|           -|    -|
    |  + count_one_bit                                   |     -|  8.64|        0|      0.000|         -|        1|     -|       yes|     -|   -|           -|    76 (~0%)|    -|
    |  + count_one_bit                                   |     -|  8.64|        0|      0.000|         -|        1|     -|       yes|     -|   -|           -|    76 (~0%)|    -|
    |  + count_one_bit                                   |     -|  8.64|        0|      0.000|         -|        1|     -|       yes|     -|   -|           -|    76 (~0%)|    -|
    |  + count_one_bit                                   |     -|  8.64|        0|      0.000|         -|        1|     -|       yes|     -|   -|           -|    76 (~0%)|    -|
    |  + count_one_bit                                   |     -|  8.64|        0|      0.000|         -|        1|     -|       yes|     -|   -|           -|    76 (~0%)|    -|
    |  + count_one_bit                                   |     -|  8.64|        0|      0.000|         -|        1|     -|       yes|     -|   -|           -|    76 (~0%)|    -|
    |  + count_one_bit                                   |     -|  8.64|        0|      0.000|         -|        1|     -|       yes|     -|   -|           -|    76 (~0%)|    -|
    |  + count_one_bit                                   |     -|  8.64|        0|      0.000|         -|        1|     -|       yes|     -|   -|           -|    76 (~0%)|    -|
    |  + count_one_bit                                   |     -|  8.64|        0|      0.000|         -|        1|     -|       yes|     -|   -|           -|    76 (~0%)|    -|
    |  + count_one_bit                                   |     -|  8.64|        0|      0.000|         -|        1|     -|       yes|     -|   -|           -|    76 (~0%)|    -|
    |  + count_one_bit                                   |     -|  8.64|        0|      0.000|         -|        1|     -|       yes|     -|   -|           -|    76 (~0%)|    -|
    +----------------------------------------------------+------+------+---------+-----------+----------+---------+------+----------+------+----+------------+------------+-----+


================================================================
== HW Interfaces
================================================================
* S_AXILITE Interfaces
+---------------+------------+---------------+--------+----------+
| Interface     | Data Width | Address Width | Offset | Register |
+---------------+------------+---------------+--------+----------+
| s_axi_control | 32         | 7             | 24     | 0        |
+---------------+------------+---------------+--------+----------+

* S_AXILITE Registers
+---------------+---------------+--------+-------+--------+----------------------------------+------------------------------------------------------------------------------------+
| Interface     | Register      | Offset | Width | Access | Description                      | Bit Fields                                                                         |
+---------------+---------------+--------+-------+--------+----------------------------------+------------------------------------------------------------------------------------+
| s_axi_control | CTRL          | 0x00   | 32    | RW     | Control signals                  | 0=AP_START 1=AP_DONE 2=AP_IDLE 3=AP_READY 4=AP_CONTINUE 7=AUTO_RESTART 9=INTERRUPT |
| s_axi_control | GIER          | 0x04   | 32    | RW     | Global Interrupt Enable Register | 0=Enable                                                                           |
| s_axi_control | IP_IER        | 0x08   | 32    | RW     | IP Interrupt Enable Register     | 0=CHAN0_INT_EN 1=CHAN1_INT_EN                                                      |
| s_axi_control | IP_ISR        | 0x0c   | 32    | RW     | IP Interrupt Status Register     | 0=CHAN0_INT_ST 1=CHAN1_INT_ST                                                      |
| s_axi_control | ap_return     | 0x10   | 32    | R      | Data signal of ap_return         |                                                                                    |
| s_axi_control | ReadLength    | 0x18   | 32    | W      | Data signal of ReadLength        |                                                                                    |
| s_axi_control | ReadSeq_1     | 0x20   | 32    | W      | Data signal of ReadSeq           |                                                                                    |
| s_axi_control | ReadSeq_2     | 0x24   | 32    | W      | Data signal of ReadSeq           |                                                                                    |
| s_axi_control | ReadSeq_3     | 0x28   | 32    | W      | Data signal of ReadSeq           |                                                                                    |
| s_axi_control | ReadSeq_4     | 0x2c   | 32    | W      | Data signal of ReadSeq           |                                                                                    |
| s_axi_control | ReadSeq_5     | 0x30   | 32    | W      | Data signal of ReadSeq           |                                                                                    |
| s_axi_control | ReadSeq_6     | 0x34   | 32    | W      | Data signal of ReadSeq           |                                                                                    |
| s_axi_control | ReadSeq_7     | 0x38   | 32    | W      | Data signal of ReadSeq           |                                                                                    |
| s_axi_control | ReadSeq_8     | 0x3c   | 32    | W      | Data signal of ReadSeq           |                                                                                    |
| s_axi_control | RefSeq_1      | 0x44   | 32    | W      | Data signal of RefSeq            |                                                                                    |
| s_axi_control | RefSeq_2      | 0x48   | 32    | W      | Data signal of RefSeq            |                                                                                    |
| s_axi_control | RefSeq_3      | 0x4c   | 32    | W      | Data signal of RefSeq            |                                                                                    |
| s_axi_control | RefSeq_4      | 0x50   | 32    | W      | Data signal of RefSeq            |                                                                                    |
| s_axi_control | RefSeq_5      | 0x54   | 32    | W      | Data signal of RefSeq            |                                                                                    |
| s_axi_control | RefSeq_6      | 0x58   | 32    | W      | Data signal of RefSeq            |                                                                                    |
| s_axi_control | RefSeq_7      | 0x5c   | 32    | W      | Data signal of RefSeq            |                                                                                    |
| s_axi_control | RefSeq_8      | 0x60   | 32    | W      | Data signal of RefSeq            |                                                                                    |
| s_axi_control | EditThreshold | 0x68   | 32    | W      | Data signal of EditThreshold     |                                                                                    |
| s_axi_control | KmerSize      | 0x70   | 32    | W      | Data signal of KmerSize          |                                                                                    |
+---------------+---------------+--------+-------+--------+----------------------------------+------------------------------------------------------------------------------------+

* TOP LEVEL CONTROL
+-----------+---------------+-----------+
| Interface | Type          | Ports     |
+-----------+---------------+-----------+
| ap_clk    | clock         | ap_clk    |
| ap_rst_n  | reset         | ap_rst_n  |
| interrupt | interrupt     | interrupt |
| ap_ctrl   | ap_ctrl_chain |           |
+-----------+---------------+-----------+


================================================================
== SW I/O Information
================================================================
* Top Function Arguments
+---------------+-----------+---------------+
| Argument      | Direction | Datatype      |
+---------------+-----------+---------------+
| ReadLength    | in        | int           |
| ReadSeq       | in        | ap_uint<256>& |
| RefSeq        | in        | ap_uint<256>& |
| EditThreshold | in        | int           |
| KmerSize      | in        | int           |
| return        | out       | int           |
+---------------+-----------+---------------+

* SW-to-HW Mapping
+---------------+---------------+----------+-----------------------------------------+
| Argument      | HW Interface  | HW Type  | HW Info                                 |
+---------------+---------------+----------+-----------------------------------------+
| ReadLength    | s_axi_control | register | name=ReadLength offset=0x18 range=32    |
| ReadSeq       | s_axi_control | register | name=ReadSeq_1 offset=0x20 range=32     |
| ReadSeq       | s_axi_control | register | name=ReadSeq_2 offset=0x24 range=32     |
| ReadSeq       | s_axi_control | register | name=ReadSeq_3 offset=0x28 range=32     |
| ReadSeq       | s_axi_control | register | name=ReadSeq_4 offset=0x2c range=32     |
| ReadSeq       | s_axi_control | register | name=ReadSeq_5 offset=0x30 range=32     |
| ReadSeq       | s_axi_control | register | name=ReadSeq_6 offset=0x34 range=32     |
| ReadSeq       | s_axi_control | register | name=ReadSeq_7 offset=0x38 range=32     |
| ReadSeq       | s_axi_control | register | name=ReadSeq_8 offset=0x3c range=32     |
| RefSeq        | s_axi_control | register | name=RefSeq_1 offset=0x44 range=32      |
| RefSeq        | s_axi_control | register | name=RefSeq_2 offset=0x48 range=32      |
| RefSeq        | s_axi_control | register | name=RefSeq_3 offset=0x4c range=32      |
| RefSeq        | s_axi_control | register | name=RefSeq_4 offset=0x50 range=32      |
| RefSeq        | s_axi_control | register | name=RefSeq_5 offset=0x54 range=32      |
| RefSeq        | s_axi_control | register | name=RefSeq_6 offset=0x58 range=32      |
| RefSeq        | s_axi_control | register | name=RefSeq_7 offset=0x5c range=32      |
| RefSeq        | s_axi_control | register | name=RefSeq_8 offset=0x60 range=32      |
| EditThreshold | s_axi_control | register | name=EditThreshold offset=0x68 range=32 |
| KmerSize      | s_axi_control | register | name=KmerSize offset=0x70 range=32      |
| return        | s_axi_control | register | name=ap_return offset=0x10 range=32     |
+---------------+---------------+----------+-----------------------------------------+


================================================================
== Bind Op Report
================================================================
+----------------------------------------------------+-----+--------+-----------------+------------+------------------------+---------+
| Name                                               | DSP | Pragma | Variable        | Op         | Impl                   | Latency |
+----------------------------------------------------+-----+--------+-----------------+------------+------------------------+---------+
| + SneakySnake_bit                                  | 0   |        |                 |            |                        |         |
|   or_ln706_fu_355_p2                               |     |        | or_ln706        | or         | auto                   | 0       |
|   i_2_fu_361_p3                                    |     |        | i_2             | select     | auto_sel               | 0       |
|   global_count_2_fu_999_p3                         |     |        | global_count_2  | select     | auto_sel               | 0       |
|   icmp_ln710_fu_377_p2                             |     |        | icmp_ln710      | setne      | auto                   | 0       |
|   xor_ln710_fu_392_p2                              |     |        | xor_ln710       | xor        | auto                   | 0       |
|   select_ln710_fu_398_p3                           |     |        | select_ln710    | select     | auto_sel               | 0       |
|   select_ln710_1_fu_405_p3                         |     |        | select_ln710_1  | select     | auto_sel               | 0       |
|   lshr_ln710_fu_417_p2                             |     |        | lshr_ln710      | lshr       | auto_pipe              | 0       |
|   select_ln710_2_fu_427_p3                         |     |        | select_ln710_2  | select     | auto_sel               | 0       |
|   DNA_nsh_1_fu_435_p2                              |     |        | DNA_nsh_1       | and        | auto                   | 0       |
|   select_ln711_fu_450_p3                           |     |        | select_ln711    | select     | auto_sel               | 0       |
|   lshr_ln711_fu_457_p2                             |     |        | lshr_ln711      | lshr       | auto_pipe              | 0       |
|   DNA_shl_one_1_fu_467_p2                          |     |        | DNA_shl_one_1   | and        | auto                   | 0       |
|   select_ln711_1_fu_482_p3                         |     |        | select_ln711_1  | select     | auto_sel               | 0       |
|   lshr_ln711_1_fu_489_p2                           |     |        | lshr_ln711_1    | lshr       | auto_pipe              | 0       |
|   DNA_shl_two_1_fu_499_p2                          |     |        | DNA_shl_two_1   | and        | auto                   | 0       |
|   select_ln711_2_fu_514_p3                         |     |        | select_ln711_2  | select     | auto_sel               | 0       |
|   lshr_ln711_2_fu_521_p2                           |     |        | lshr_ln711_2    | lshr       | auto_pipe              | 0       |
|   DNA_shl_three_1_fu_531_p2                        |     |        | DNA_shl_three_1 | and        | auto                   | 0       |
|   select_ln711_3_fu_546_p3                         |     |        | select_ln711_3  | select     | auto_sel               | 0       |
|   lshr_ln711_3_fu_553_p2                           |     |        | lshr_ln711_3    | lshr       | auto_pipe              | 0       |
|   DNA_shl_four_1_fu_563_p2                         |     |        | DNA_shl_four_1  | and        | auto                   | 0       |
|   select_ln711_4_fu_578_p3                         |     |        | select_ln711_4  | select     | auto_sel               | 0       |
|   lshr_ln711_4_fu_585_p2                           |     |        | lshr_ln711_4    | lshr       | auto_pipe              | 0       |
|   DNA_shl_five_1_fu_595_p2                         |     |        | DNA_shl_five_1  | and        | auto                   | 0       |
|   select_ln712_fu_610_p3                           |     |        | select_ln712    | select     | auto_sel               | 0       |
|   lshr_ln712_fu_617_p2                             |     |        | lshr_ln712      | lshr       | auto_pipe              | 0       |
|   DNA_shr_one_1_fu_627_p2                          |     |        | DNA_shr_one_1   | and        | auto                   | 0       |
|   select_ln712_1_fu_642_p3                         |     |        | select_ln712_1  | select     | auto_sel               | 0       |
|   lshr_ln712_1_fu_649_p2                           |     |        | lshr_ln712_1    | lshr       | auto_pipe              | 0       |
|   DNA_shr_two_1_fu_659_p2                          |     |        | DNA_shr_two_1   | and        | auto                   | 0       |
|   select_ln712_2_fu_674_p3                         |     |        | select_ln712_2  | select     | auto_sel               | 0       |
|   lshr_ln712_2_fu_681_p2                           |     |        | lshr_ln712_2    | lshr       | auto_pipe              | 0       |
|   DNA_shr_three_1_fu_691_p2                        |     |        | DNA_shr_three_1 | and        | auto                   | 0       |
|   select_ln712_3_fu_706_p3                         |     |        | select_ln712_3  | select     | auto_sel               | 0       |
|   lshr_ln712_3_fu_713_p2                           |     |        | lshr_ln712_3    | lshr       | auto_pipe              | 0       |
|   DNA_shr_four_1_fu_723_p2                         |     |        | DNA_shr_four_1  | and        | auto                   | 0       |
|   select_ln712_4_fu_738_p3                         |     |        | select_ln712_4  | select     | auto_sel               | 0       |
|   lshr_ln712_4_fu_745_p2                           |     |        | lshr_ln712_4    | lshr       | auto_pipe              | 0       |
|   DNA_shr_five_1_fu_755_p2                         |     |        | DNA_shr_five_1  | and        | auto                   | 0       |
|   add_ln707_fu_761_p2                              |     |        | add_ln707       | add        | fabric                 | 0       |
|   icmp_ln318_fu_895_p2                             |     |        | icmp_ln318      | setgt      | auto                   | 0       |
|   max_1_fu_901_p3                                  |     |        | max_1           | select     | auto_sel               | 0       |
|   icmp_ln318_1_fu_909_p2                           |     |        | icmp_ln318_1    | setgt      | auto                   | 0       |
|   max_3_fu_915_p3                                  |     |        | max_3           | select     | auto_sel               | 0       |
|   icmp_ln318_2_fu_923_p2                           |     |        | icmp_ln318_2    | setgt      | auto                   | 0       |
|   max_4_fu_929_p3                                  |     |        | max_4           | select     | auto_sel               | 0       |
|   icmp_ln318_3_fu_937_p2                           |     |        | icmp_ln318_3    | setgt      | auto                   | 0       |
|   max_6_fu_943_p3                                  |     |        | max_6           | select     | auto_sel               | 0       |
|   icmp_ln318_4_fu_951_p2                           |     |        | icmp_ln318_4    | setgt      | auto                   | 0       |
|   max_7_fu_957_p3                                  |     |        | max_7           | select     | auto_sel               | 0       |
|   icmp_ln318_5_fu_965_p2                           |     |        | icmp_ln318_5    | setgt      | auto                   | 0       |
|   max_9_fu_971_p3                                  |     |        | max_9           | select     | auto_sel               | 0       |
|   icmp_ln318_6_fu_979_p2                           |     |        | icmp_ln318_6    | setgt      | auto                   | 0       |
|   max_10_fu_985_p3                                 |     |        | max_10          | select     | auto_sel               | 0       |
|   icmp_ln318_7_fu_1022_p2                          |     |        | icmp_ln318_7    | setgt      | auto                   | 0       |
|   max_13_fu_1027_p3                                |     |        | max_13          | select     | auto_sel               | 0       |
|   icmp_ln318_8_fu_1034_p2                          |     |        | icmp_ln318_8    | setgt      | auto                   | 0       |
|   max_14_fu_1040_p3                                |     |        | max_14          | select     | auto_sel               | 0       |
|   icmp_ln318_9_fu_1048_p2                          |     |        | icmp_ln318_9    | setgt      | auto                   | 0       |
|   max_16_fu_1054_p3                                |     |        | max_16          | select     | auto_sel               | 0       |
|   select_ln706_fu_1072_p3                          |     |        | select_ln706    | select     | auto_sel               | 0       |
|   shl_ln663_fu_1090_p2                             |     |        | shl_ln663       | shl        | auto_pipe              | 0       |
|   shl_ln664_fu_1099_p2                             |     |        | shl_ln664       | shl        | auto_pipe              | 0       |
|   shl_ln665_fu_1108_p2                             |     |        | shl_ln665       | shl        | auto_pipe              | 0       |
|   shl_ln666_fu_1117_p2                             |     |        | shl_ln666       | shl        | auto_pipe              | 0       |
|   shl_ln667_fu_1126_p2                             |     |        | shl_ln667       | shl        | auto_pipe              | 0       |
|   shl_ln668_fu_1135_p2                             |     |        | shl_ln668       | shl        | auto_pipe              | 0       |
|   shl_ln669_fu_1144_p2                             |     |        | shl_ln669       | shl        | auto_pipe              | 0       |
|   shl_ln670_fu_1153_p2                             |     |        | shl_ln670       | shl        | auto_pipe              | 0       |
|   shl_ln671_fu_1162_p2                             |     |        | shl_ln671       | shl        | auto_pipe              | 0       |
|   shl_ln672_fu_1172_p2                             |     |        | shl_ln672       | shl        | auto_pipe              | 0       |
|   shl_ln673_fu_1182_p2                             |     |        | shl_ln673       | shl        | auto_pipe              | 0       |
|   add_ln640_fu_767_p2                              |     |        | add_ln640       | add        | fabric                 | 0       |
|   iter_fu_773_p3                                   |     |        | iter            | select     | auto_sel               | 0       |
|   global_count_fu_1188_p2                          |     |        | global_count    | add        | fabric                 | 0       |
|   icmp_ln640_fu_781_p2                             |     |        | icmp_ln640      | seteq      | auto                   | 0       |
|   i_fu_787_p2                                      |     |        | i               | add        | fabric                 | 0       |
|   icmp_ln707_fu_793_p2                             |     |        | icmp_ln707      | seteq      | auto                   | 0       |
|  + NeighborhoodMap_bit                             | 0   |        |                 |            |                        |         |
|    DNA_1_fu_224_p2                                 |     |        | DNA_1           | xor        | auto                   | 0       |
|    DNA_2_fu_237_p2                                 |     |        | DNA_2           | xor        | auto                   | 0       |
|    DNA_3_fu_250_p2                                 |     |        | DNA_3           | xor        | auto                   | 0       |
|    DNA_6_fu_263_p2                                 |     |        | DNA_6           | xor        | auto                   | 0       |
|    DNA_7_fu_276_p2                                 |     |        | DNA_7           | xor        | auto                   | 0       |
|    DNA_8_fu_289_p2                                 |     |        | DNA_8           | xor        | auto                   | 0       |
|    DNA_4_fu_310_p2                                 |     |        | DNA_4           | xor        | auto                   | 0       |
|    DNA_5_fu_331_p2                                 |     |        | DNA_5           | xor        | auto                   | 0       |
|    DNA_9_fu_352_p2                                 |     |        | DNA_9           | xor        | auto                   | 0       |
|    DNA_10_fu_373_p2                                |     |        | DNA_10          | xor        | auto                   | 0       |
|    DNA_11_fu_394_p2                                |     |        | DNA_11          | xor        | auto                   | 0       |
|   + NeighborhoodMap_bit_Pipeline_VITIS_LOOP_380_1  | 0   |        |                 |            |                        |         |
|     icmp_ln380_fu_90_p2                            |     |        | icmp_ln380      | seteq      | auto                   | 0       |
|     index_17_fu_96_p2                              |     |        | index_17        | add        | fabric                 | 0       |
|     partselect_2ns_256ns_32ns_2_1_1_U1             |     |        | tmp             | partselect | auto                   | 0       |
|     partselect_2ns_256ns_32ns_2_1_1_U2             |     |        | tmp_s           | partselect | auto                   | 0       |
|     or_ln385_fu_150_p2                             |     |        | or_ln385        | or         | auto                   | 0       |
|     icmp_ln385_fu_156_p2                           |     |        | icmp_ln385      | seteq      | auto                   | 0       |
|     storemerge_fu_174_p2                           |     |        | p_cast          | select     | auto_sel               | 0       |
|     partset_128ns_128ns_2ns_32ns_128_1_1_U3        |     |        | storemerge      | partset    | auto                   | 0       |
|     i_9_fu_184_p2                                  |     |        | i_9             | add        | fabric                 | 0       |
|   + NeighborhoodMap_bit_Pipeline_VITIS_LOOP_400_2  | 0   |        |                 |            |                        |         |
|     icmp_ln400_fu_90_p2                            |     |        | icmp_ln400      | seteq      | auto                   | 0       |
|     index_15_fu_96_p2                              |     |        | index_15        | add        | fabric                 | 0       |
|     partselect_2ns_256ns_32ns_2_1_1_U8             |     |        | tmp_2           | partselect | auto                   | 0       |
|     partselect_2ns_256ns_32ns_2_1_1_U9             |     |        | tmp_4           | partselect | auto                   | 0       |
|     or_ln403_fu_150_p2                             |     |        | or_ln403        | or         | auto                   | 0       |
|     icmp_ln403_fu_156_p2                           |     |        | icmp_ln403      | seteq      | auto                   | 0       |
|     storemerge9_fu_174_p2                          |     |        | p_cast          | select     | auto_sel               | 0       |
|     partset_128ns_128ns_2ns_32ns_128_1_1_U10       |     |        | storemerge9     | partset    | auto                   | 0       |
|     i_fu_184_p2                                    |     |        | i               | add        | fabric                 | 0       |
|   + NeighborhoodMap_bit_Pipeline_VITIS_LOOP_419_3  | 0   |        |                 |            |                        |         |
|     icmp_ln419_fu_90_p2                            |     |        | icmp_ln419      | seteq      | auto                   | 0       |
|     index_14_fu_96_p2                              |     |        | index_14        | add        | fabric                 | 0       |
|     partselect_2ns_256ns_32ns_2_1_1_U13            |     |        | tmp_6           | partselect | auto                   | 0       |
|     partselect_2ns_256ns_32ns_2_1_1_U14            |     |        | tmp_8           | partselect | auto                   | 0       |
|     or_ln422_fu_150_p2                             |     |        | or_ln422        | or         | auto                   | 0       |
|     icmp_ln422_fu_156_p2                           |     |        | icmp_ln422      | seteq      | auto                   | 0       |
|     storemerge8_fu_174_p2                          |     |        | p_cast          | select     | auto_sel               | 0       |
|     partset_128ns_128ns_2ns_32ns_128_1_1_U15       |     |        | storemerge8     | partset    | auto                   | 0       |
|     i_fu_184_p2                                    |     |        | i               | add        | fabric                 | 0       |
|   + NeighborhoodMap_bit_Pipeline_VITIS_LOOP_438_4  | 0   |        |                 |            |                        |         |
|     icmp_ln438_fu_90_p2                            |     |        | icmp_ln438      | seteq      | auto                   | 0       |
|     index_13_fu_96_p2                              |     |        | index_13        | add        | fabric                 | 0       |
|     partselect_2ns_256ns_32ns_2_1_1_U18            |     |        | tmp_10          | partselect | auto                   | 0       |
|     partselect_2ns_256ns_32ns_2_1_1_U19            |     |        | tmp_12          | partselect | auto                   | 0       |
|     or_ln441_fu_150_p2                             |     |        | or_ln441        | or         | auto                   | 0       |
|     icmp_ln441_fu_156_p2                           |     |        | icmp_ln441      | seteq      | auto                   | 0       |
|     storemerge7_fu_174_p2                          |     |        | p_cast          | select     | auto_sel               | 0       |
|     partset_128ns_128ns_2ns_32ns_128_1_1_U20       |     |        | storemerge7     | partset    | auto                   | 0       |
|     i_fu_184_p2                                    |     |        | i               | add        | fabric                 | 0       |
|   + NeighborhoodMap_bit_Pipeline_VITIS_LOOP_462_5  | 0   |        |                 |            |                        |         |
|     icmp_ln462_fu_90_p2                            |     |        | icmp_ln462      | seteq      | auto                   | 0       |
|     index_12_fu_96_p2                              |     |        | index_12        | add        | fabric                 | 0       |
|     partselect_2ns_256ns_32ns_2_1_1_U23            |     |        | tmp_s           | partselect | auto                   | 0       |
|     partselect_2ns_256ns_32ns_2_1_1_U24            |     |        | tmp_14          | partselect | auto                   | 0       |
|     or_ln465_fu_150_p2                             |     |        | or_ln465        | or         | auto                   | 0       |
|     icmp_ln465_fu_156_p2                           |     |        | icmp_ln465      | seteq      | auto                   | 0       |
|     storemerge6_fu_174_p2                          |     |        | p_cast          | select     | auto_sel               | 0       |
|     partset_128ns_128ns_2ns_32ns_128_1_1_U25       |     |        | storemerge6     | partset    | auto                   | 0       |
|     i_fu_184_p2                                    |     |        | i               | add        | fabric                 | 0       |
|   + NeighborhoodMap_bit_Pipeline_VITIS_LOOP_488_6  | 0   |        |                 |            |                        |         |
|     icmp_ln488_fu_90_p2                            |     |        | icmp_ln488      | seteq      | auto                   | 0       |
|     index_11_fu_96_p2                              |     |        | index_11        | add        | fabric                 | 0       |
|     partselect_2ns_256ns_32ns_2_1_1_U28            |     |        | tmp_s           | partselect | auto                   | 0       |
|     partselect_2ns_256ns_32ns_2_1_1_U29            |     |        | tmp_12          | partselect | auto                   | 0       |
|     or_ln491_fu_150_p2                             |     |        | or_ln491        | or         | auto                   | 0       |
|     icmp_ln491_fu_156_p2                           |     |        | icmp_ln491      | seteq      | auto                   | 0       |
|     storemerge5_fu_174_p2                          |     |        | p_cast          | select     | auto_sel               | 0       |
|     partset_128ns_128ns_2ns_32ns_128_1_1_U30       |     |        | storemerge5     | partset    | auto                   | 0       |
|     i_8_fu_184_p2                                  |     |        | i_8             | add        | fabric                 | 0       |
|   + NeighborhoodMap_bit_Pipeline_VITIS_LOOP_516_7  | 0   |        |                 |            |                        |         |
|     icmp_ln516_fu_90_p2                            |     |        | icmp_ln516      | seteq      | auto                   | 0       |
|     index_10_fu_96_p2                              |     |        | index_10        | add        | fabric                 | 0       |
|     partselect_2ns_256ns_32ns_2_1_1_U33            |     |        | tmp_s           | partselect | auto                   | 0       |
|     partselect_2ns_256ns_32ns_2_1_1_U34            |     |        | tmp_10          | partselect | auto                   | 0       |
|     or_ln519_fu_150_p2                             |     |        | or_ln519        | or         | auto                   | 0       |
|     icmp_ln519_fu_156_p2                           |     |        | icmp_ln519      | seteq      | auto                   | 0       |
|     storemerge4_fu_174_p2                          |     |        | p_cast          | select     | auto_sel               | 0       |
|     partset_128ns_128ns_2ns_32ns_128_1_1_U35       |     |        | storemerge4     | partset    | auto                   | 0       |
|     i_7_fu_184_p2                                  |     |        | i_7             | add        | fabric                 | 0       |
|   + NeighborhoodMap_bit_Pipeline_VITIS_LOOP_534_8  | 0   |        |                 |            |                        |         |
|     icmp_ln534_fu_90_p2                            |     |        | icmp_ln534      | seteq      | auto                   | 0       |
|     index_8_fu_96_p2                               |     |        | index_8         | add        | fabric                 | 0       |
|     partselect_2ns_256ns_32ns_2_1_1_U38            |     |        | tmp_s           | partselect | auto                   | 0       |
|     partselect_2ns_256ns_32ns_2_1_1_U39            |     |        | tmp_8           | partselect | auto                   | 0       |
|     or_ln537_fu_150_p2                             |     |        | or_ln537        | or         | auto                   | 0       |
|     icmp_ln537_fu_156_p2                           |     |        | icmp_ln537      | seteq      | auto                   | 0       |
|     storemerge3_fu_174_p2                          |     |        | p_cast          | select     | auto_sel               | 0       |
|     partset_128ns_128ns_2ns_32ns_128_1_1_U40       |     |        | storemerge3     | partset    | auto                   | 0       |
|     i_6_fu_184_p2                                  |     |        | i_6             | add        | fabric                 | 0       |
|   + NeighborhoodMap_bit_Pipeline_VITIS_LOOP_556_9  | 0   |        |                 |            |                        |         |
|     icmp_ln556_fu_90_p2                            |     |        | icmp_ln556      | seteq      | auto                   | 0       |
|     index_6_fu_96_p2                               |     |        | index_6         | add        | fabric                 | 0       |
|     partselect_2ns_256ns_32ns_2_1_1_U43            |     |        | tmp_s           | partselect | auto                   | 0       |
|     partselect_2ns_256ns_32ns_2_1_1_U44            |     |        | tmp_6           | partselect | auto                   | 0       |
|     or_ln559_fu_150_p2                             |     |        | or_ln559        | or         | auto                   | 0       |
|     icmp_ln559_fu_156_p2                           |     |        | icmp_ln559      | seteq      | auto                   | 0       |
|     storemerge2_fu_174_p2                          |     |        | p_cast          | select     | auto_sel               | 0       |
|     partset_128ns_128ns_2ns_32ns_128_1_1_U45       |     |        | storemerge2     | partset    | auto                   | 0       |
|     i_5_fu_184_p2                                  |     |        | i_5             | add        | fabric                 | 0       |
|   + NeighborhoodMap_bit_Pipeline_VITIS_LOOP_580_10 | 0   |        |                 |            |                        |         |
|     icmp_ln580_fu_90_p2                            |     |        | icmp_ln580      | seteq      | auto                   | 0       |
|     index_4_fu_96_p2                               |     |        | index_4         | add        | fabric                 | 0       |
|     partselect_2ns_256ns_32ns_2_1_1_U48            |     |        | tmp_s           | partselect | auto                   | 0       |
|     partselect_2ns_256ns_32ns_2_1_1_U49            |     |        | tmp_4           | partselect | auto                   | 0       |
|     or_ln583_fu_150_p2                             |     |        | or_ln583        | or         | auto                   | 0       |
|     icmp_ln583_fu_156_p2                           |     |        | icmp_ln583      | seteq      | auto                   | 0       |
|     storemerge1_fu_174_p2                          |     |        | p_cast          | select     | auto_sel               | 0       |
|     partset_128ns_128ns_2ns_32ns_128_1_1_U50       |     |        | storemerge1     | partset    | auto                   | 0       |
|     i_4_fu_184_p2                                  |     |        | i_4             | add        | fabric                 | 0       |
|   + NeighborhoodMap_bit_Pipeline_VITIS_LOOP_607_11 | 0   |        |                 |            |                        |         |
|     icmp_ln607_fu_90_p2                            |     |        | icmp_ln607      | seteq      | auto                   | 0       |
|     index_2_fu_96_p2                               |     |        | index_2         | add        | fabric                 | 0       |
|     partselect_2ns_256ns_32ns_2_1_1_U53            |     |        | tmp_s           | partselect | auto                   | 0       |
|     partselect_2ns_256ns_32ns_2_1_1_U54            |     |        | tmp_2           | partselect | auto                   | 0       |
|     or_ln610_fu_150_p2                             |     |        | or_ln610        | or         | auto                   | 0       |
|     icmp_ln610_fu_156_p2                           |     |        | icmp_ln610      | seteq      | auto                   | 0       |
|     storemerge_fu_174_p2                           |     |        | p_cast          | select     | auto_sel               | 0       |
|     partset_128ns_128ns_2ns_32ns_128_1_1_U55       |     |        | storemerge      | partset    | auto                   | 0       |
|     i_3_fu_184_p2                                  |     |        | i_3             | add        | fabric                 | 0       |
|  + count_one_bit (max_count_one_bit_fu_214)        | 0   |        |                 |            |                        |         |
|    UnifiedRetVal_fu_256_p16                        |     |        | select_ln333    | select     | auto_sel               | 0       |
|    xor_ln333_fu_136_p2                             |     |        | xor_ln333       | xor        | auto                   | 0       |
|    and_ln333_fu_142_p2                             |     |        | and_ln333       | and        | auto                   | 0       |
|    or_ln333_fu_148_p2                              |     |        | or_ln333        | or         | auto                   | 0       |
|    xor_ln333_1_fu_154_p2                           |     |        | xor_ln333_1     | xor        | auto                   | 0       |
|    and_ln333_1_fu_160_p2                           |     |        | and_ln333_1     | and        | auto                   | 0       |
|    or_ln333_1_fu_166_p2                            |     |        | or_ln333_1      | or         | auto                   | 0       |
|    xor_ln333_2_fu_172_p2                           |     |        | xor_ln333_2     | xor        | auto                   | 0       |
|    and_ln333_2_fu_178_p2                           |     |        | and_ln333_2     | and        | auto                   | 0       |
|    or_ln333_2_fu_184_p2                            |     |        | or_ln333_2      | or         | auto                   | 0       |
|    xor_ln333_3_fu_190_p2                           |     |        | xor_ln333_3     | xor        | auto                   | 0       |
|    and_ln333_3_fu_196_p2                           |     |        | and_ln333_3     | and        | auto                   | 0       |
|    or_ln333_3_fu_202_p2                            |     |        | or_ln333_3      | or         | auto                   | 0       |
|    xor_ln333_4_fu_208_p2                           |     |        | xor_ln333_4     | xor        | auto                   | 0       |
|    and_ln333_4_fu_214_p2                           |     |        | and_ln333_4     | and        | auto                   | 0       |
|    or_ln333_4_fu_220_p2                            |     |        | or_ln333_4      | or         | auto                   | 0       |
|    xor_ln333_5_fu_226_p2                           |     |        | xor_ln333_5     | xor        | auto                   | 0       |
|    and_ln333_5_fu_232_p2                           |     |        | and_ln333_5     | and        | auto                   | 0       |
|    sparsemux_17_7_4_1_1_U60                        |     |        | UnifiedRetVal   | sparsemux  | onehotencoding_realdef | 0       |
|  + count_one_bit (tmp_8_i_count_one_bit_fu_219)    | 0   |        |                 |            |                        |         |
|    UnifiedRetVal_fu_256_p16                        |     |        | select_ln333    | select     | auto_sel               | 0       |
|    xor_ln333_fu_136_p2                             |     |        | xor_ln333       | xor        | auto                   | 0       |
|    and_ln333_fu_142_p2                             |     |        | and_ln333       | and        | auto                   | 0       |
|    or_ln333_fu_148_p2                              |     |        | or_ln333        | or         | auto                   | 0       |
|    xor_ln333_1_fu_154_p2                           |     |        | xor_ln333_1     | xor        | auto                   | 0       |
|    and_ln333_1_fu_160_p2                           |     |        | and_ln333_1     | and        | auto                   | 0       |
|    or_ln333_1_fu_166_p2                            |     |        | or_ln333_1      | or         | auto                   | 0       |
|    xor_ln333_2_fu_172_p2                           |     |        | xor_ln333_2     | xor        | auto                   | 0       |
|    and_ln333_2_fu_178_p2                           |     |        | and_ln333_2     | and        | auto                   | 0       |
|    or_ln333_2_fu_184_p2                            |     |        | or_ln333_2      | or         | auto                   | 0       |
|    xor_ln333_3_fu_190_p2                           |     |        | xor_ln333_3     | xor        | auto                   | 0       |
|    and_ln333_3_fu_196_p2                           |     |        | and_ln333_3     | and        | auto                   | 0       |
|    or_ln333_3_fu_202_p2                            |     |        | or_ln333_3      | or         | auto                   | 0       |
|    xor_ln333_4_fu_208_p2                           |     |        | xor_ln333_4     | xor        | auto                   | 0       |
|    and_ln333_4_fu_214_p2                           |     |        | and_ln333_4     | and        | auto                   | 0       |
|    or_ln333_4_fu_220_p2                            |     |        | or_ln333_4      | or         | auto                   | 0       |
|    xor_ln333_5_fu_226_p2                           |     |        | xor_ln333_5     | xor        | auto                   | 0       |
|    and_ln333_5_fu_232_p2                           |     |        | and_ln333_5     | and        | auto                   | 0       |
|    sparsemux_17_7_4_1_1_U60                        |     |        | UnifiedRetVal   | sparsemux  | onehotencoding_realdef | 0       |
|  + count_one_bit (max_2_count_one_bit_fu_224)      | 0   |        |                 |            |                        |         |
|    UnifiedRetVal_fu_256_p16                        |     |        | select_ln333    | select     | auto_sel               | 0       |
|    xor_ln333_fu_136_p2                             |     |        | xor_ln333       | xor        | auto                   | 0       |
|    and_ln333_fu_142_p2                             |     |        | and_ln333       | and        | auto                   | 0       |
|    or_ln333_fu_148_p2                              |     |        | or_ln333        | or         | auto                   | 0       |
|    xor_ln333_1_fu_154_p2                           |     |        | xor_ln333_1     | xor        | auto                   | 0       |
|    and_ln333_1_fu_160_p2                           |     |        | and_ln333_1     | and        | auto                   | 0       |
|    or_ln333_1_fu_166_p2                            |     |        | or_ln333_1      | or         | auto                   | 0       |
|    xor_ln333_2_fu_172_p2                           |     |        | xor_ln333_2     | xor        | auto                   | 0       |
|    and_ln333_2_fu_178_p2                           |     |        | and_ln333_2     | and        | auto                   | 0       |
|    or_ln333_2_fu_184_p2                            |     |        | or_ln333_2      | or         | auto                   | 0       |
|    xor_ln333_3_fu_190_p2                           |     |        | xor_ln333_3     | xor        | auto                   | 0       |
|    and_ln333_3_fu_196_p2                           |     |        | and_ln333_3     | and        | auto                   | 0       |
|    or_ln333_3_fu_202_p2                            |     |        | or_ln333_3      | or         | auto                   | 0       |
|    xor_ln333_4_fu_208_p2                           |     |        | xor_ln333_4     | xor        | auto                   | 0       |
|    and_ln333_4_fu_214_p2                           |     |        | and_ln333_4     | and        | auto                   | 0       |
|    or_ln333_4_fu_220_p2                            |     |        | or_ln333_4      | or         | auto                   | 0       |
|    xor_ln333_5_fu_226_p2                           |     |        | xor_ln333_5     | xor        | auto                   | 0       |
|    and_ln333_5_fu_232_p2                           |     |        | and_ln333_5     | and        | auto                   | 0       |
|    sparsemux_17_7_4_1_1_U60                        |     |        | UnifiedRetVal   | sparsemux  | onehotencoding_realdef | 0       |
|  + count_one_bit (tmp_i_count_one_bit_fu_229)      | 0   |        |                 |            |                        |         |
|    UnifiedRetVal_fu_256_p16                        |     |        | select_ln333    | select     | auto_sel               | 0       |
|    xor_ln333_fu_136_p2                             |     |        | xor_ln333       | xor        | auto                   | 0       |
|    and_ln333_fu_142_p2                             |     |        | and_ln333       | and        | auto                   | 0       |
|    or_ln333_fu_148_p2                              |     |        | or_ln333        | or         | auto                   | 0       |
|    xor_ln333_1_fu_154_p2                           |     |        | xor_ln333_1     | xor        | auto                   | 0       |
|    and_ln333_1_fu_160_p2                           |     |        | and_ln333_1     | and        | auto                   | 0       |
|    or_ln333_1_fu_166_p2                            |     |        | or_ln333_1      | or         | auto                   | 0       |
|    xor_ln333_2_fu_172_p2                           |     |        | xor_ln333_2     | xor        | auto                   | 0       |
|    and_ln333_2_fu_178_p2                           |     |        | and_ln333_2     | and        | auto                   | 0       |
|    or_ln333_2_fu_184_p2                            |     |        | or_ln333_2      | or         | auto                   | 0       |
|    xor_ln333_3_fu_190_p2                           |     |        | xor_ln333_3     | xor        | auto                   | 0       |
|    and_ln333_3_fu_196_p2                           |     |        | and_ln333_3     | and        | auto                   | 0       |
|    or_ln333_3_fu_202_p2                            |     |        | or_ln333_3      | or         | auto                   | 0       |
|    xor_ln333_4_fu_208_p2                           |     |        | xor_ln333_4     | xor        | auto                   | 0       |
|    and_ln333_4_fu_214_p2                           |     |        | and_ln333_4     | and        | auto                   | 0       |
|    or_ln333_4_fu_220_p2                            |     |        | or_ln333_4      | or         | auto                   | 0       |
|    xor_ln333_5_fu_226_p2                           |     |        | xor_ln333_5     | xor        | auto                   | 0       |
|    and_ln333_5_fu_232_p2                           |     |        | and_ln333_5     | and        | auto                   | 0       |
|    sparsemux_17_7_4_1_1_U60                        |     |        | UnifiedRetVal   | sparsemux  | onehotencoding_realdef | 0       |
|  + count_one_bit (max_5_count_one_bit_fu_234)      | 0   |        |                 |            |                        |         |
|    UnifiedRetVal_fu_256_p16                        |     |        | select_ln333    | select     | auto_sel               | 0       |
|    xor_ln333_fu_136_p2                             |     |        | xor_ln333       | xor        | auto                   | 0       |
|    and_ln333_fu_142_p2                             |     |        | and_ln333       | and        | auto                   | 0       |
|    or_ln333_fu_148_p2                              |     |        | or_ln333        | or         | auto                   | 0       |
|    xor_ln333_1_fu_154_p2                           |     |        | xor_ln333_1     | xor        | auto                   | 0       |
|    and_ln333_1_fu_160_p2                           |     |        | and_ln333_1     | and        | auto                   | 0       |
|    or_ln333_1_fu_166_p2                            |     |        | or_ln333_1      | or         | auto                   | 0       |
|    xor_ln333_2_fu_172_p2                           |     |        | xor_ln333_2     | xor        | auto                   | 0       |
|    and_ln333_2_fu_178_p2                           |     |        | and_ln333_2     | and        | auto                   | 0       |
|    or_ln333_2_fu_184_p2                            |     |        | or_ln333_2      | or         | auto                   | 0       |
|    xor_ln333_3_fu_190_p2                           |     |        | xor_ln333_3     | xor        | auto                   | 0       |
|    and_ln333_3_fu_196_p2                           |     |        | and_ln333_3     | and        | auto                   | 0       |
|    or_ln333_3_fu_202_p2                            |     |        | or_ln333_3      | or         | auto                   | 0       |
|    xor_ln333_4_fu_208_p2                           |     |        | xor_ln333_4     | xor        | auto                   | 0       |
|    and_ln333_4_fu_214_p2                           |     |        | and_ln333_4     | and        | auto                   | 0       |
|    or_ln333_4_fu_220_p2                            |     |        | or_ln333_4      | or         | auto                   | 0       |
|    xor_ln333_5_fu_226_p2                           |     |        | xor_ln333_5     | xor        | auto                   | 0       |
|    and_ln333_5_fu_232_p2                           |     |        | and_ln333_5     | and        | auto                   | 0       |
|    sparsemux_17_7_4_1_1_U60                        |     |        | UnifiedRetVal   | sparsemux  | onehotencoding_realdef | 0       |
|  + count_one_bit (tmp_1_i_count_one_bit_fu_239)    | 0   |        |                 |            |                        |         |
|    UnifiedRetVal_fu_256_p16                        |     |        | select_ln333    | select     | auto_sel               | 0       |
|    xor_ln333_fu_136_p2                             |     |        | xor_ln333       | xor        | auto                   | 0       |
|    and_ln333_fu_142_p2                             |     |        | and_ln333       | and        | auto                   | 0       |
|    or_ln333_fu_148_p2                              |     |        | or_ln333        | or         | auto                   | 0       |
|    xor_ln333_1_fu_154_p2                           |     |        | xor_ln333_1     | xor        | auto                   | 0       |
|    and_ln333_1_fu_160_p2                           |     |        | and_ln333_1     | and        | auto                   | 0       |
|    or_ln333_1_fu_166_p2                            |     |        | or_ln333_1      | or         | auto                   | 0       |
|    xor_ln333_2_fu_172_p2                           |     |        | xor_ln333_2     | xor        | auto                   | 0       |
|    and_ln333_2_fu_178_p2                           |     |        | and_ln333_2     | and        | auto                   | 0       |
|    or_ln333_2_fu_184_p2                            |     |        | or_ln333_2      | or         | auto                   | 0       |
|    xor_ln333_3_fu_190_p2                           |     |        | xor_ln333_3     | xor        | auto                   | 0       |
|    and_ln333_3_fu_196_p2                           |     |        | and_ln333_3     | and        | auto                   | 0       |
|    or_ln333_3_fu_202_p2                            |     |        | or_ln333_3      | or         | auto                   | 0       |
|    xor_ln333_4_fu_208_p2                           |     |        | xor_ln333_4     | xor        | auto                   | 0       |
|    and_ln333_4_fu_214_p2                           |     |        | and_ln333_4     | and        | auto                   | 0       |
|    or_ln333_4_fu_220_p2                            |     |        | or_ln333_4      | or         | auto                   | 0       |
|    xor_ln333_5_fu_226_p2                           |     |        | xor_ln333_5     | xor        | auto                   | 0       |
|    and_ln333_5_fu_232_p2                           |     |        | and_ln333_5     | and        | auto                   | 0       |
|    sparsemux_17_7_4_1_1_U60                        |     |        | UnifiedRetVal   | sparsemux  | onehotencoding_realdef | 0       |
|  + count_one_bit (max_8_count_one_bit_fu_244)      | 0   |        |                 |            |                        |         |
|    UnifiedRetVal_fu_256_p16                        |     |        | select_ln333    | select     | auto_sel               | 0       |
|    xor_ln333_fu_136_p2                             |     |        | xor_ln333       | xor        | auto                   | 0       |
|    and_ln333_fu_142_p2                             |     |        | and_ln333       | and        | auto                   | 0       |
|    or_ln333_fu_148_p2                              |     |        | or_ln333        | or         | auto                   | 0       |
|    xor_ln333_1_fu_154_p2                           |     |        | xor_ln333_1     | xor        | auto                   | 0       |
|    and_ln333_1_fu_160_p2                           |     |        | and_ln333_1     | and        | auto                   | 0       |
|    or_ln333_1_fu_166_p2                            |     |        | or_ln333_1      | or         | auto                   | 0       |
|    xor_ln333_2_fu_172_p2                           |     |        | xor_ln333_2     | xor        | auto                   | 0       |
|    and_ln333_2_fu_178_p2                           |     |        | and_ln333_2     | and        | auto                   | 0       |
|    or_ln333_2_fu_184_p2                            |     |        | or_ln333_2      | or         | auto                   | 0       |
|    xor_ln333_3_fu_190_p2                           |     |        | xor_ln333_3     | xor        | auto                   | 0       |
|    and_ln333_3_fu_196_p2                           |     |        | and_ln333_3     | and        | auto                   | 0       |
|    or_ln333_3_fu_202_p2                            |     |        | or_ln333_3      | or         | auto                   | 0       |
|    xor_ln333_4_fu_208_p2                           |     |        | xor_ln333_4     | xor        | auto                   | 0       |
|    and_ln333_4_fu_214_p2                           |     |        | and_ln333_4     | and        | auto                   | 0       |
|    or_ln333_4_fu_220_p2                            |     |        | or_ln333_4      | or         | auto                   | 0       |
|    xor_ln333_5_fu_226_p2                           |     |        | xor_ln333_5     | xor        | auto                   | 0       |
|    and_ln333_5_fu_232_p2                           |     |        | and_ln333_5     | and        | auto                   | 0       |
|    sparsemux_17_7_4_1_1_U60                        |     |        | UnifiedRetVal   | sparsemux  | onehotencoding_realdef | 0       |
|  + count_one_bit (tmp_2_i_count_one_bit_fu_249)    | 0   |        |                 |            |                        |         |
|    UnifiedRetVal_fu_256_p16                        |     |        | select_ln333    | select     | auto_sel               | 0       |
|    xor_ln333_fu_136_p2                             |     |        | xor_ln333       | xor        | auto                   | 0       |
|    and_ln333_fu_142_p2                             |     |        | and_ln333       | and        | auto                   | 0       |
|    or_ln333_fu_148_p2                              |     |        | or_ln333        | or         | auto                   | 0       |
|    xor_ln333_1_fu_154_p2                           |     |        | xor_ln333_1     | xor        | auto                   | 0       |
|    and_ln333_1_fu_160_p2                           |     |        | and_ln333_1     | and        | auto                   | 0       |
|    or_ln333_1_fu_166_p2                            |     |        | or_ln333_1      | or         | auto                   | 0       |
|    xor_ln333_2_fu_172_p2                           |     |        | xor_ln333_2     | xor        | auto                   | 0       |
|    and_ln333_2_fu_178_p2                           |     |        | and_ln333_2     | and        | auto                   | 0       |
|    or_ln333_2_fu_184_p2                            |     |        | or_ln333_2      | or         | auto                   | 0       |
|    xor_ln333_3_fu_190_p2                           |     |        | xor_ln333_3     | xor        | auto                   | 0       |
|    and_ln333_3_fu_196_p2                           |     |        | and_ln333_3     | and        | auto                   | 0       |
|    or_ln333_3_fu_202_p2                            |     |        | or_ln333_3      | or         | auto                   | 0       |
|    xor_ln333_4_fu_208_p2                           |     |        | xor_ln333_4     | xor        | auto                   | 0       |
|    and_ln333_4_fu_214_p2                           |     |        | and_ln333_4     | and        | auto                   | 0       |
|    or_ln333_4_fu_220_p2                            |     |        | or_ln333_4      | or         | auto                   | 0       |
|    xor_ln333_5_fu_226_p2                           |     |        | xor_ln333_5     | xor        | auto                   | 0       |
|    and_ln333_5_fu_232_p2                           |     |        | and_ln333_5     | and        | auto                   | 0       |
|    sparsemux_17_7_4_1_1_U60                        |     |        | UnifiedRetVal   | sparsemux  | onehotencoding_realdef | 0       |
|  + count_one_bit (max_12_count_one_bit_fu_254)     | 0   |        |                 |            |                        |         |
|    UnifiedRetVal_fu_256_p16                        |     |        | select_ln333    | select     | auto_sel               | 0       |
|    xor_ln333_fu_136_p2                             |     |        | xor_ln333       | xor        | auto                   | 0       |
|    and_ln333_fu_142_p2                             |     |        | and_ln333       | and        | auto                   | 0       |
|    or_ln333_fu_148_p2                              |     |        | or_ln333        | or         | auto                   | 0       |
|    xor_ln333_1_fu_154_p2                           |     |        | xor_ln333_1     | xor        | auto                   | 0       |
|    and_ln333_1_fu_160_p2                           |     |        | and_ln333_1     | and        | auto                   | 0       |
|    or_ln333_1_fu_166_p2                            |     |        | or_ln333_1      | or         | auto                   | 0       |
|    xor_ln333_2_fu_172_p2                           |     |        | xor_ln333_2     | xor        | auto                   | 0       |
|    and_ln333_2_fu_178_p2                           |     |        | and_ln333_2     | and        | auto                   | 0       |
|    or_ln333_2_fu_184_p2                            |     |        | or_ln333_2      | or         | auto                   | 0       |
|    xor_ln333_3_fu_190_p2                           |     |        | xor_ln333_3     | xor        | auto                   | 0       |
|    and_ln333_3_fu_196_p2                           |     |        | and_ln333_3     | and        | auto                   | 0       |
|    or_ln333_3_fu_202_p2                            |     |        | or_ln333_3      | or         | auto                   | 0       |
|    xor_ln333_4_fu_208_p2                           |     |        | xor_ln333_4     | xor        | auto                   | 0       |
|    and_ln333_4_fu_214_p2                           |     |        | and_ln333_4     | and        | auto                   | 0       |
|    or_ln333_4_fu_220_p2                            |     |        | or_ln333_4      | or         | auto                   | 0       |
|    xor_ln333_5_fu_226_p2                           |     |        | xor_ln333_5     | xor        | auto                   | 0       |
|    and_ln333_5_fu_232_p2                           |     |        | and_ln333_5     | and        | auto                   | 0       |
|    sparsemux_17_7_4_1_1_U60                        |     |        | UnifiedRetVal   | sparsemux  | onehotencoding_realdef | 0       |
|  + count_one_bit (tmp_3_i_count_one_bit_fu_259)    | 0   |        |                 |            |                        |         |
|    UnifiedRetVal_fu_256_p16                        |     |        | select_ln333    | select     | auto_sel               | 0       |
|    xor_ln333_fu_136_p2                             |     |        | xor_ln333       | xor        | auto                   | 0       |
|    and_ln333_fu_142_p2                             |     |        | and_ln333       | and        | auto                   | 0       |
|    or_ln333_fu_148_p2                              |     |        | or_ln333        | or         | auto                   | 0       |
|    xor_ln333_1_fu_154_p2                           |     |        | xor_ln333_1     | xor        | auto                   | 0       |
|    and_ln333_1_fu_160_p2                           |     |        | and_ln333_1     | and        | auto                   | 0       |
|    or_ln333_1_fu_166_p2                            |     |        | or_ln333_1      | or         | auto                   | 0       |
|    xor_ln333_2_fu_172_p2                           |     |        | xor_ln333_2     | xor        | auto                   | 0       |
|    and_ln333_2_fu_178_p2                           |     |        | and_ln333_2     | and        | auto                   | 0       |
|    or_ln333_2_fu_184_p2                            |     |        | or_ln333_2      | or         | auto                   | 0       |
|    xor_ln333_3_fu_190_p2                           |     |        | xor_ln333_3     | xor        | auto                   | 0       |
|    and_ln333_3_fu_196_p2                           |     |        | and_ln333_3     | and        | auto                   | 0       |
|    or_ln333_3_fu_202_p2                            |     |        | or_ln333_3      | or         | auto                   | 0       |
|    xor_ln333_4_fu_208_p2                           |     |        | xor_ln333_4     | xor        | auto                   | 0       |
|    and_ln333_4_fu_214_p2                           |     |        | and_ln333_4     | and        | auto                   | 0       |
|    or_ln333_4_fu_220_p2                            |     |        | or_ln333_4      | or         | auto                   | 0       |
|    xor_ln333_5_fu_226_p2                           |     |        | xor_ln333_5     | xor        | auto                   | 0       |
|    and_ln333_5_fu_232_p2                           |     |        | and_ln333_5     | and        | auto                   | 0       |
|    sparsemux_17_7_4_1_1_U60                        |     |        | UnifiedRetVal   | sparsemux  | onehotencoding_realdef | 0       |
|  + count_one_bit (max_11_count_one_bit_fu_264)     | 0   |        |                 |            |                        |         |
|    UnifiedRetVal_fu_256_p16                        |     |        | select_ln333    | select     | auto_sel               | 0       |
|    xor_ln333_fu_136_p2                             |     |        | xor_ln333       | xor        | auto                   | 0       |
|    and_ln333_fu_142_p2                             |     |        | and_ln333       | and        | auto                   | 0       |
|    or_ln333_fu_148_p2                              |     |        | or_ln333        | or         | auto                   | 0       |
|    xor_ln333_1_fu_154_p2                           |     |        | xor_ln333_1     | xor        | auto                   | 0       |
|    and_ln333_1_fu_160_p2                           |     |        | and_ln333_1     | and        | auto                   | 0       |
|    or_ln333_1_fu_166_p2                            |     |        | or_ln333_1      | or         | auto                   | 0       |
|    xor_ln333_2_fu_172_p2                           |     |        | xor_ln333_2     | xor        | auto                   | 0       |
|    and_ln333_2_fu_178_p2                           |     |        | and_ln333_2     | and        | auto                   | 0       |
|    or_ln333_2_fu_184_p2                            |     |        | or_ln333_2      | or         | auto                   | 0       |
|    xor_ln333_3_fu_190_p2                           |     |        | xor_ln333_3     | xor        | auto                   | 0       |
|    and_ln333_3_fu_196_p2                           |     |        | and_ln333_3     | and        | auto                   | 0       |
|    or_ln333_3_fu_202_p2                            |     |        | or_ln333_3      | or         | auto                   | 0       |
|    xor_ln333_4_fu_208_p2                           |     |        | xor_ln333_4     | xor        | auto                   | 0       |
|    and_ln333_4_fu_214_p2                           |     |        | and_ln333_4     | and        | auto                   | 0       |
|    or_ln333_4_fu_220_p2                            |     |        | or_ln333_4      | or         | auto                   | 0       |
|    xor_ln333_5_fu_226_p2                           |     |        | xor_ln333_5     | xor        | auto                   | 0       |
|    and_ln333_5_fu_232_p2                           |     |        | and_ln333_5     | and        | auto                   | 0       |
|    sparsemux_17_7_4_1_1_U60                        |     |        | UnifiedRetVal   | sparsemux  | onehotencoding_realdef | 0       |
+----------------------------------------------------+-----+--------+-----------------+------------+------------------------+---------+


================================================================
== Storage Report
================================================================
+-------------------+-----------+-----------+------+------+--------+----------+------+---------+------------------+
| Name              | Usage     | Type      | BRAM | URAM | Pragma | Variable | Impl | Latency | Bitwidth, Depth, |
|                   |           |           |      |      |        |          |      |         | Banks            |
+-------------------+-----------+-----------+------+------+--------+----------+------+---------+------------------+
| + SneakySnake_bit |           |           | 0    | 0    |        |          |      |         |                  |
|   control_s_axi_U | interface | s_axilite |      |      |        |          |      |         |                  |
+-------------------+-----------+-----------+------+------+--------+----------+------+---------+------------------+


================================================================
== Pragma Report
================================================================
* Valid Pragma Syntax
+----------+---------+----------------------------------------------------------------------+
| Type     | Options | Location                                                             |
+----------+---------+----------------------------------------------------------------------+
| pipeline |         | ../../SneakySnake-HLS-HBM/hw/pipeline.cpp:332 in count_one_bit       |
| pipeline |         | ../../SneakySnake-HLS-HBM/hw/pipeline.cpp:384 in neighborhoodmap_bit |
| pipeline |         | ../../SneakySnake-HLS-HBM/hw/pipeline.cpp:402 in neighborhoodmap_bit |
| pipeline |         | ../../SneakySnake-HLS-HBM/hw/pipeline.cpp:421 in neighborhoodmap_bit |
| pipeline |         | ../../SneakySnake-HLS-HBM/hw/pipeline.cpp:440 in neighborhoodmap_bit |
| pipeline |         | ../../SneakySnake-HLS-HBM/hw/pipeline.cpp:464 in neighborhoodmap_bit |
| pipeline |         | ../../SneakySnake-HLS-HBM/hw/pipeline.cpp:490 in neighborhoodmap_bit |
| pipeline |         | ../../SneakySnake-HLS-HBM/hw/pipeline.cpp:518 in neighborhoodmap_bit |
| pipeline |         | ../../SneakySnake-HLS-HBM/hw/pipeline.cpp:536 in neighborhoodmap_bit |
| pipeline |         | ../../SneakySnake-HLS-HBM/hw/pipeline.cpp:558 in neighborhoodmap_bit |
| pipeline |         | ../../SneakySnake-HLS-HBM/hw/pipeline.cpp:582 in neighborhoodmap_bit |
| pipeline |         | ../../SneakySnake-HLS-HBM/hw/pipeline.cpp:609 in neighborhoodmap_bit |
| pipeline |         | ../../SneakySnake-HLS-HBM/hw/pipeline.cpp:643 in after_neighbohood   |
| inline   | OFF     | ../../SneakySnake-HLS-HBM/hw/pipeline.cpp:695 in sneakysnake_bit     |
+----------+---------+----------------------------------------------------------------------+


