

================================================================
== Vitis HLS Report for 'SneakySnake_bit'
================================================================
* Date:           Fri May  9 16:51:47 2025

* Version:        2024.2 (Build 5238294 on Nov  8 2024)
* Project:        SneakySnake_bit
* Solution:       hls (Vitis Kernel Flow Target)
* Product family: virtexuplus
* Target device:  xcvu9p-flga2104-2-i


================================================================
== Performance Estimates
================================================================
+ Timing: 
    * Summary: 
    +--------+----------+-----------+------------+
    |  Clock |  Target  | Estimated | Uncertainty|
    +--------+----------+-----------+------------+
    |ap_clk  |  50.00 ns|  15.877 ns|     6.00 ns|
    +--------+----------+-----------+------------+

+ Latency: 
    * Summary: 
    +---------+---------+----------+----------+-----+-----+---------+
    |  Latency (cycles) |  Latency (absolute) |  Interval | Pipeline|
    |   min   |   max   |    min   |    max   | min | max |   Type  |
    +---------+---------+----------+----------+-----+-----+---------+
    |      169|      169|  8.450 us|  8.450 us|  170|  170|       no|
    +---------+---------+----------+----------+-----+-----+---------+

    + Detail: 
        * Instance: 
        N/A

        * Loop: 
        +-------------------------------------+---------+---------+----------+-----------+-----------+------+----------+
        |                                     |  Latency (cycles) | Iteration|  Initiation Interval  | Trip |          |
        |              Loop Name              |   min   |   max   |  Latency |  achieved |   target  | Count| Pipelined|
        +-------------------------------------+---------+---------+----------+-----------+-----------+------+----------+
        |- VITIS_LOOP_707_1_VITIS_LOOP_640_1  |       35|       35|         1|          1|          1|    36|       yes|
        +-------------------------------------+---------+---------+----------+-----------+-----------+------+----------+

============================================================
+ Verbose Summary: Synthesis Manager
============================================================
InlineROM: 1
ExposeGlobal: 0
============================================================
+ Verbose Summary: CDFG Model
============================================================
IsTopModel: 1
ResetActiveHigh: 1
IsCombinational: 0
IsDatapathOnly: 0
HasWiredReturn: 1
HasMFsm: 2
HasVarLatency: 1
IsPipeline: 0
IsRtlPipelined: 0
IsInstanceOverlapped: 0
IsDontTouch: 0
HasImplIP: 0
IsGatedGlobalClock: 0

+ Individual pipeline summary: 
  * Pipeline-0: initiation interval (II) = 1, depth = 1


============================================================
+ Verbose Summary: Schedule
============================================================
* Number of FSM states : 4
* Pipeline : 1
  Pipeline-0 : II = 1, D = 1, States = { 3 }
* Dataflow Pipeline: 0

* FSM state transitions: 
1 --> 2 
2 --> 3 
3 --> 4 3 
4 --> 

* FSM state operations: 

State 1 <SV = 0> <Delay = 3.02>
ST_1 : Operation 5 [1/1] (0.00ns)   --->   "%indvar_flatten14 = alloca i32 1"   --->   Operation 5 'alloca' 'indvar_flatten14' <Predicate = true> <Delay = 0.00>
ST_1 : Operation 6 [1/1] (0.00ns)   --->   "%i15 = alloca i32 1"   --->   Operation 6 'alloca' 'i15' <Predicate = true> <Delay = 0.00>
ST_1 : Operation 7 [1/1] (0.00ns)   --->   "%global_count16 = alloca i32 1"   --->   Operation 7 'alloca' 'global_count16' <Predicate = true> <Delay = 0.00>
ST_1 : Operation 8 [1/1] (0.00ns)   --->   "%global_count_21218 = alloca i32 1"   --->   Operation 8 'alloca' 'global_count_21218' <Predicate = true> <Delay = 0.00>
ST_1 : Operation 9 [1/1] (0.00ns)   --->   "%iter31 = alloca i32 1"   --->   Operation 9 'alloca' 'iter31' <Predicate = true> <Delay = 0.00>
ST_1 : Operation 10 [1/1] (0.00ns)   --->   "%global_count_332 = alloca i32 1"   --->   Operation 10 'alloca' 'global_count_332' <Predicate = true> <Delay = 0.00>
ST_1 : Operation 11 [1/1] (0.00ns)   --->   "%i_134 = alloca i32 1"   --->   Operation 11 'alloca' 'i_134' <Predicate = true> <Delay = 0.00>
ST_1 : Operation 12 [1/1] (0.00ns)   --->   "%p_val2546_i20 = alloca i32 1"   --->   Operation 12 'alloca' 'p_val2546_i20' <Predicate = true> <Delay = 0.00>
ST_1 : Operation 13 [1/1] (0.00ns)   --->   "%p_val2444_i21 = alloca i32 1"   --->   Operation 13 'alloca' 'p_val2444_i21' <Predicate = true> <Delay = 0.00>
ST_1 : Operation 14 [1/1] (0.00ns)   --->   "%p_val2342_i22 = alloca i32 1"   --->   Operation 14 'alloca' 'p_val2342_i22' <Predicate = true> <Delay = 0.00>
ST_1 : Operation 15 [1/1] (0.00ns)   --->   "%p_val2240_i23 = alloca i32 1"   --->   Operation 15 'alloca' 'p_val2240_i23' <Predicate = true> <Delay = 0.00>
ST_1 : Operation 16 [1/1] (0.00ns)   --->   "%p_val2138_i24 = alloca i32 1"   --->   Operation 16 'alloca' 'p_val2138_i24' <Predicate = true> <Delay = 0.00>
ST_1 : Operation 17 [1/1] (0.00ns)   --->   "%p_val2036_i25 = alloca i32 1"   --->   Operation 17 'alloca' 'p_val2036_i25' <Predicate = true> <Delay = 0.00>
ST_1 : Operation 18 [1/1] (0.00ns)   --->   "%p_val1934_i26 = alloca i32 1"   --->   Operation 18 'alloca' 'p_val1934_i26' <Predicate = true> <Delay = 0.00>
ST_1 : Operation 19 [1/1] (0.00ns)   --->   "%p_val1832_i27 = alloca i32 1"   --->   Operation 19 'alloca' 'p_val1832_i27' <Predicate = true> <Delay = 0.00>
ST_1 : Operation 20 [1/1] (0.00ns)   --->   "%p_val1730_i28 = alloca i32 1"   --->   Operation 20 'alloca' 'p_val1730_i28' <Predicate = true> <Delay = 0.00>
ST_1 : Operation 21 [1/1] (0.00ns)   --->   "%p_val1628_i29 = alloca i32 1"   --->   Operation 21 'alloca' 'p_val1628_i29' <Predicate = true> <Delay = 0.00>
ST_1 : Operation 22 [1/1] (0.00ns)   --->   "%p_val26_i30 = alloca i32 1"   --->   Operation 22 'alloca' 'p_val26_i30' <Predicate = true> <Delay = 0.00>
ST_1 : Operation 23 [1/1] (1.00ns)   --->   "%ReadSeq_read = read i256 @_ssdm_op_Read.ap_none.i256P0A, i256 %ReadSeq"   --->   Operation 23 'read' 'ReadSeq_read' <Predicate = true> <Delay = 1.00> <CoreInst = "s_axilite">   --->   Core 120 's_axilite' <Latency = 0> <II = 1> <Delay = 1.00> <Adapter> <Opcode : 'read' 'write'>
ST_1 : Operation 24 [1/1] (1.00ns)   --->   "%RefSeq_read = read i256 @_ssdm_op_Read.ap_none.i256P0A, i256 %RefSeq"   --->   Operation 24 'read' 'RefSeq_read' <Predicate = true> <Delay = 1.00> <CoreInst = "s_axilite">   --->   Core 120 's_axilite' <Latency = 0> <II = 1> <Delay = 1.00> <Adapter> <Opcode : 'read' 'write'>
ST_1 : Operation 25 [2/2] (2.02ns)   --->   "%call_ret = call i1408 @NeighborhoodMap_bit, i256 %ReadSeq_read, i256 %RefSeq_read" [/home/deniz/Projects/SneakySnake/SneakySnake-HLS-HBM/hw/pipeline.cpp:701]   --->   Operation 25 'call' 'call_ret' <Predicate = true> <Delay = 2.02> <CoreType = "Generic">   --->   Generic Core
ST_1 : Operation 26 [1/1] (0.38ns)   --->   "%store_ln0 = store i4 1, i4 %i_134"   --->   Operation 26 'store' 'store_ln0' <Predicate = true> <Delay = 0.38>
ST_1 : Operation 27 [1/1] (0.38ns)   --->   "%store_ln0 = store i2 0, i2 %global_count_332"   --->   Operation 27 'store' 'store_ln0' <Predicate = true> <Delay = 0.38>
ST_1 : Operation 28 [1/1] (0.38ns)   --->   "%store_ln0 = store i2 0, i2 %iter31"   --->   Operation 28 'store' 'store_ln0' <Predicate = true> <Delay = 0.38>
ST_1 : Operation 29 [1/1] (0.38ns)   --->   "%store_ln0 = store i2 0, i2 %global_count16"   --->   Operation 29 'store' 'store_ln0' <Predicate = true> <Delay = 0.38>
ST_1 : Operation 30 [1/1] (0.38ns)   --->   "%store_ln0 = store i4 0, i4 %i15"   --->   Operation 30 'store' 'store_ln0' <Predicate = true> <Delay = 0.38>
ST_1 : Operation 31 [1/1] (0.38ns)   --->   "%store_ln0 = store i6 0, i6 %indvar_flatten14"   --->   Operation 31 'store' 'store_ln0' <Predicate = true> <Delay = 0.38>

State 2 <SV = 1> <Delay = 0.38>
ST_2 : Operation 32 [1/1] (0.00ns)   --->   "%specbitsmap_ln0 = specbitsmap void @_ssdm_op_SpecBitsMap, i32 0"   --->   Operation 32 'specbitsmap' 'specbitsmap_ln0' <Predicate = true> <Delay = 0.00>
ST_2 : Operation 33 [1/1] (0.00ns)   --->   "%spectopmodule_ln679 = spectopmodule void @_ssdm_op_SpecTopModule, void @empty_17" [/home/deniz/Projects/SneakySnake/SneakySnake-HLS-HBM/hw/pipeline.cpp:679]   --->   Operation 33 'spectopmodule' 'spectopmodule_ln679' <Predicate = true> <Delay = 0.00>
ST_2 : Operation 34 [1/1] (0.00ns)   --->   "%specinterface_ln679 = specinterface void @_ssdm_op_SpecInterface, i32 0, void @empty_19, i32 0, i32 0, void @empty_2, i32 0, i32 0, void @empty_2, void @empty_2, void @empty_2, i32 0, i32 0, i32 0, i32 0, void @empty_2, void @empty_2, i32 4294967295, i32 0, i32 0" [/home/deniz/Projects/SneakySnake/SneakySnake-HLS-HBM/hw/pipeline.cpp:679]   --->   Operation 34 'specinterface' 'specinterface_ln679' <Predicate = true> <Delay = 0.00>
ST_2 : Operation 35 [1/1] (0.00ns)   --->   "%specbitsmap_ln0 = specbitsmap void @_ssdm_op_SpecBitsMap, i32 %ReadLength"   --->   Operation 35 'specbitsmap' 'specbitsmap_ln0' <Predicate = true> <Delay = 0.00>
ST_2 : Operation 36 [1/1] (0.00ns)   --->   "%specinterface_ln0 = specinterface void @_ssdm_op_SpecInterface, i32 %ReadLength, void @empty_1, i32 0, i32 0, void @empty_2, i32 0, i32 0, void @empty_3, void @empty_4, void @empty_2, i32 0, i32 0, i32 0, i32 0, void @empty_2, void @empty_2, i32 4294967295, i32 0, i32 0"   --->   Operation 36 'specinterface' 'specinterface_ln0' <Predicate = true> <Delay = 0.00>
ST_2 : Operation 37 [1/1] (0.00ns)   --->   "%specinterface_ln0 = specinterface void @_ssdm_op_SpecInterface, i32 %ReadLength, void @empty_5, i32 0, i32 0, void @empty_2, i32 0, i32 0, void @empty_2, void @empty_2, void @empty_2, i32 0, i32 0, i32 0, i32 0, void @empty_2, void @empty_2, i32 4294967295, i32 0, i32 0"   --->   Operation 37 'specinterface' 'specinterface_ln0' <Predicate = true> <Delay = 0.00>
ST_2 : Operation 38 [1/1] (0.00ns)   --->   "%specbitsmap_ln0 = specbitsmap void @_ssdm_op_SpecBitsMap, i256 %ReadSeq"   --->   Operation 38 'specbitsmap' 'specbitsmap_ln0' <Predicate = true> <Delay = 0.00>
ST_2 : Operation 39 [1/1] (0.00ns)   --->   "%specinterface_ln0 = specinterface void @_ssdm_op_SpecInterface, i256 %ReadSeq, void @empty_1, i32 0, i32 0, void @empty_2, i32 0, i32 0, void @empty_3, void @empty_6, void @empty_2, i32 0, i32 0, i32 0, i32 0, void @empty_2, void @empty_2, i32 4294967295, i32 0, i32 0"   --->   Operation 39 'specinterface' 'specinterface_ln0' <Predicate = true> <Delay = 0.00>
ST_2 : Operation 40 [1/1] (0.00ns)   --->   "%specinterface_ln0 = specinterface void @_ssdm_op_SpecInterface, i256 %ReadSeq, void @empty_5, i32 0, i32 0, void @empty_2, i32 0, i32 0, void @empty_2, void @empty_2, void @empty_2, i32 0, i32 0, i32 0, i32 0, void @empty_2, void @empty_2, i32 4294967295, i32 0, i32 0"   --->   Operation 40 'specinterface' 'specinterface_ln0' <Predicate = true> <Delay = 0.00>
ST_2 : Operation 41 [1/1] (0.00ns)   --->   "%specbitsmap_ln0 = specbitsmap void @_ssdm_op_SpecBitsMap, i256 %RefSeq"   --->   Operation 41 'specbitsmap' 'specbitsmap_ln0' <Predicate = true> <Delay = 0.00>
ST_2 : Operation 42 [1/1] (0.00ns)   --->   "%specinterface_ln0 = specinterface void @_ssdm_op_SpecInterface, i256 %RefSeq, void @empty_1, i32 0, i32 0, void @empty_2, i32 0, i32 0, void @empty_3, void @empty_8, void @empty_2, i32 0, i32 0, i32 0, i32 0, void @empty_2, void @empty_2, i32 4294967295, i32 0, i32 0"   --->   Operation 42 'specinterface' 'specinterface_ln0' <Predicate = true> <Delay = 0.00>
ST_2 : Operation 43 [1/1] (0.00ns)   --->   "%specinterface_ln0 = specinterface void @_ssdm_op_SpecInterface, i256 %RefSeq, void @empty_5, i32 0, i32 0, void @empty_2, i32 0, i32 0, void @empty_2, void @empty_2, void @empty_2, i32 0, i32 0, i32 0, i32 0, void @empty_2, void @empty_2, i32 4294967295, i32 0, i32 0"   --->   Operation 43 'specinterface' 'specinterface_ln0' <Predicate = true> <Delay = 0.00>
ST_2 : Operation 44 [1/1] (0.00ns)   --->   "%specbitsmap_ln0 = specbitsmap void @_ssdm_op_SpecBitsMap, i32 %EditThreshold"   --->   Operation 44 'specbitsmap' 'specbitsmap_ln0' <Predicate = true> <Delay = 0.00>
ST_2 : Operation 45 [1/1] (0.00ns)   --->   "%specinterface_ln0 = specinterface void @_ssdm_op_SpecInterface, i32 %EditThreshold, void @empty_1, i32 0, i32 0, void @empty_2, i32 0, i32 0, void @empty_3, void @empty_14, void @empty_2, i32 0, i32 0, i32 0, i32 0, void @empty_2, void @empty_2, i32 4294967295, i32 0, i32 0"   --->   Operation 45 'specinterface' 'specinterface_ln0' <Predicate = true> <Delay = 0.00>
ST_2 : Operation 46 [1/1] (0.00ns)   --->   "%specinterface_ln0 = specinterface void @_ssdm_op_SpecInterface, i32 %EditThreshold, void @empty_5, i32 0, i32 0, void @empty_2, i32 0, i32 0, void @empty_2, void @empty_2, void @empty_2, i32 0, i32 0, i32 0, i32 0, void @empty_2, void @empty_2, i32 4294967295, i32 0, i32 0"   --->   Operation 46 'specinterface' 'specinterface_ln0' <Predicate = true> <Delay = 0.00>
ST_2 : Operation 47 [1/1] (0.00ns)   --->   "%specbitsmap_ln0 = specbitsmap void @_ssdm_op_SpecBitsMap, i32 %KmerSize"   --->   Operation 47 'specbitsmap' 'specbitsmap_ln0' <Predicate = true> <Delay = 0.00>
ST_2 : Operation 48 [1/1] (0.00ns)   --->   "%specinterface_ln0 = specinterface void @_ssdm_op_SpecInterface, i32 %KmerSize, void @empty_1, i32 0, i32 0, void @empty_2, i32 0, i32 0, void @empty_3, void @empty_9, void @empty_2, i32 0, i32 0, i32 0, i32 0, void @empty_2, void @empty_2, i32 4294967295, i32 0, i32 0"   --->   Operation 48 'specinterface' 'specinterface_ln0' <Predicate = true> <Delay = 0.00>
ST_2 : Operation 49 [1/1] (0.00ns)   --->   "%specinterface_ln0 = specinterface void @_ssdm_op_SpecInterface, i32 %KmerSize, void @empty_5, i32 0, i32 0, void @empty_2, i32 0, i32 0, void @empty_2, void @empty_2, void @empty_2, i32 0, i32 0, i32 0, i32 0, void @empty_2, void @empty_2, i32 4294967295, i32 0, i32 0"   --->   Operation 49 'specinterface' 'specinterface_ln0' <Predicate = true> <Delay = 0.00>
ST_2 : Operation 50 [1/1] (0.00ns)   --->   "%specinterface_ln0 = specinterface void @_ssdm_op_SpecInterface, i32 0, void @empty_1, i32 0, i32 0, void @empty_2, i32 0, i32 0, void @empty_3, void @empty, void @empty_2, i32 0, i32 0, i32 0, i32 0, void @empty_2, void @empty_2, i32 4294967295, i32 0, i32 0"   --->   Operation 50 'specinterface' 'specinterface_ln0' <Predicate = true> <Delay = 0.00>
ST_2 : Operation 51 [1/2] (0.00ns)   --->   "%call_ret = call i1408 @NeighborhoodMap_bit, i256 %ReadSeq_read, i256 %RefSeq_read" [/home/deniz/Projects/SneakySnake/SneakySnake-HLS-HBM/hw/pipeline.cpp:701]   --->   Operation 51 'call' 'call_ret' <Predicate = true> <Delay = 0.00> <CoreType = "Generic">   --->   Generic Core
ST_2 : Operation 52 [1/1] (0.00ns)   --->   "%DNA_nsh = extractvalue i1408 %call_ret" [/home/deniz/Projects/SneakySnake/SneakySnake-HLS-HBM/hw/pipeline.cpp:701]   --->   Operation 52 'extractvalue' 'DNA_nsh' <Predicate = true> <Delay = 0.00>
ST_2 : Operation 53 [1/1] (0.00ns)   --->   "%DNA_shl_one = extractvalue i1408 %call_ret" [/home/deniz/Projects/SneakySnake/SneakySnake-HLS-HBM/hw/pipeline.cpp:701]   --->   Operation 53 'extractvalue' 'DNA_shl_one' <Predicate = true> <Delay = 0.00>
ST_2 : Operation 54 [1/1] (0.00ns)   --->   "%DNA_shl_two = extractvalue i1408 %call_ret" [/home/deniz/Projects/SneakySnake/SneakySnake-HLS-HBM/hw/pipeline.cpp:701]   --->   Operation 54 'extractvalue' 'DNA_shl_two' <Predicate = true> <Delay = 0.00>
ST_2 : Operation 55 [1/1] (0.00ns)   --->   "%DNA_shl_three = extractvalue i1408 %call_ret" [/home/deniz/Projects/SneakySnake/SneakySnake-HLS-HBM/hw/pipeline.cpp:701]   --->   Operation 55 'extractvalue' 'DNA_shl_three' <Predicate = true> <Delay = 0.00>
ST_2 : Operation 56 [1/1] (0.00ns)   --->   "%DNA_shl_four = extractvalue i1408 %call_ret" [/home/deniz/Projects/SneakySnake/SneakySnake-HLS-HBM/hw/pipeline.cpp:701]   --->   Operation 56 'extractvalue' 'DNA_shl_four' <Predicate = true> <Delay = 0.00>
ST_2 : Operation 57 [1/1] (0.00ns)   --->   "%DNA_shl_five = extractvalue i1408 %call_ret" [/home/deniz/Projects/SneakySnake/SneakySnake-HLS-HBM/hw/pipeline.cpp:701]   --->   Operation 57 'extractvalue' 'DNA_shl_five' <Predicate = true> <Delay = 0.00>
ST_2 : Operation 58 [1/1] (0.00ns)   --->   "%DNA_shr_one = extractvalue i1408 %call_ret" [/home/deniz/Projects/SneakySnake/SneakySnake-HLS-HBM/hw/pipeline.cpp:701]   --->   Operation 58 'extractvalue' 'DNA_shr_one' <Predicate = true> <Delay = 0.00>
ST_2 : Operation 59 [1/1] (0.00ns)   --->   "%DNA_shr_two = extractvalue i1408 %call_ret" [/home/deniz/Projects/SneakySnake/SneakySnake-HLS-HBM/hw/pipeline.cpp:701]   --->   Operation 59 'extractvalue' 'DNA_shr_two' <Predicate = true> <Delay = 0.00>
ST_2 : Operation 60 [1/1] (0.00ns)   --->   "%DNA_shr_three = extractvalue i1408 %call_ret" [/home/deniz/Projects/SneakySnake/SneakySnake-HLS-HBM/hw/pipeline.cpp:701]   --->   Operation 60 'extractvalue' 'DNA_shr_three' <Predicate = true> <Delay = 0.00>
ST_2 : Operation 61 [1/1] (0.00ns)   --->   "%DNA_shr_four = extractvalue i1408 %call_ret" [/home/deniz/Projects/SneakySnake/SneakySnake-HLS-HBM/hw/pipeline.cpp:701]   --->   Operation 61 'extractvalue' 'DNA_shr_four' <Predicate = true> <Delay = 0.00>
ST_2 : Operation 62 [1/1] (0.00ns)   --->   "%DNA_shr_five = extractvalue i1408 %call_ret" [/home/deniz/Projects/SneakySnake/SneakySnake-HLS-HBM/hw/pipeline.cpp:701]   --->   Operation 62 'extractvalue' 'DNA_shr_five' <Predicate = true> <Delay = 0.00>
ST_2 : Operation 63 [1/1] (0.38ns)   --->   "%br_ln0 = br void %after_neighbohood.exit"   --->   Operation 63 'br' 'br_ln0' <Predicate = true> <Delay = 0.38>

State 3 <SV = 2> <Delay = 15.8>
ST_3 : Operation 64 [1/1] (0.00ns)   --->   "%icmp_ln64033 = phi i1 0, void %entry, i1 %icmp_ln640, void %for.body.split.i" [/home/deniz/Projects/SneakySnake/SneakySnake-HLS-HBM/hw/pipeline.cpp:640->/home/deniz/Projects/SneakySnake/SneakySnake-HLS-HBM/hw/pipeline.cpp:710]   --->   Operation 64 'phi' 'icmp_ln64033' <Predicate = true> <Delay = 0.00>
ST_3 : Operation 65 [1/1] (0.00ns)   --->   "%first_iter_019 = phi i1 1, void %entry, i1 0, void %for.body.split.i"   --->   Operation 65 'phi' 'first_iter_019' <Predicate = true> <Delay = 0.00>
ST_3 : Operation 66 [1/1] (0.00ns)   --->   "%indvar_flatten14_load = load i6 %indvar_flatten14" [/home/deniz/Projects/SneakySnake/SneakySnake-HLS-HBM/hw/pipeline.cpp:707]   --->   Operation 66 'load' 'indvar_flatten14_load' <Predicate = true> <Delay = 0.00>
ST_3 : Operation 67 [1/1] (0.00ns)   --->   "%i15_load = load i4 %i15" [/home/deniz/Projects/SneakySnake/SneakySnake-HLS-HBM/hw/pipeline.cpp:707]   --->   Operation 67 'load' 'i15_load' <Predicate = true> <Delay = 0.00>
ST_3 : Operation 68 [1/1] (0.00ns)   --->   "%global_count16_load = load i2 %global_count16" [/home/deniz/Projects/SneakySnake/SneakySnake-HLS-HBM/hw/pipeline.cpp:707]   --->   Operation 68 'load' 'global_count16_load' <Predicate = true> <Delay = 0.00>
ST_3 : Operation 69 [1/1] (0.00ns)   --->   "%global_count_21218_load = load i2 %global_count_21218" [/home/deniz/Projects/SneakySnake/SneakySnake-HLS-HBM/hw/pipeline.cpp:707]   --->   Operation 69 'load' 'global_count_21218_load' <Predicate = true> <Delay = 0.00>
ST_3 : Operation 70 [1/1] (0.00ns)   --->   "%iter31_load = load i2 %iter31" [/home/deniz/Projects/SneakySnake/SneakySnake-HLS-HBM/hw/pipeline.cpp:640->/home/deniz/Projects/SneakySnake/SneakySnake-HLS-HBM/hw/pipeline.cpp:710]   --->   Operation 70 'load' 'iter31_load' <Predicate = true> <Delay = 0.00>
ST_3 : Operation 71 [1/1] (0.00ns)   --->   "%i_134_load = load i4 %i_134" [/home/deniz/Projects/SneakySnake/SneakySnake-HLS-HBM/hw/pipeline.cpp:707]   --->   Operation 71 'load' 'i_134_load' <Predicate = true> <Delay = 0.00>
ST_3 : Operation 72 [1/1] (0.00ns)   --->   "%specloopname_ln0 = specloopname void @_ssdm_op_SpecLoopName, void @VITIS_LOOP_707_1_VITIS_LOOP_640_1_str"   --->   Operation 72 'specloopname' 'specloopname_ln0' <Predicate = true> <Delay = 0.00>
ST_3 : Operation 73 [1/1] (0.00ns)   --->   "%speclooptripcount_ln0 = speclooptripcount void @_ssdm_op_SpecLoopTripCount, i64 36, i64 36, i64 36"   --->   Operation 73 'speclooptripcount' 'speclooptripcount_ln0' <Predicate = true> <Delay = 0.00>
ST_3 : Operation 74 [1/1] (0.12ns)   --->   "%or_ln706 = or i1 %icmp_ln64033, i1 %first_iter_019" [/home/deniz/Projects/SneakySnake/SneakySnake-HLS-HBM/hw/pipeline.cpp:706]   --->   Operation 74 'or' 'or_ln706' <Predicate = true> <Delay = 0.12> <CoreInst = "LogicGate">   --->   Core 74 'LogicGate' <Latency = 0> <II = 1> <Delay = 0.12> <FuncUnit> <Opcode : 'and' 'or' 'xor'> <InPorts = 2> <OutPorts = 1>
ST_3 : Operation 75 [1/1] (0.35ns)   --->   "%i_2 = select i1 %icmp_ln64033, i4 %i_134_load, i4 %i15_load" [/home/deniz/Projects/SneakySnake/SneakySnake-HLS-HBM/hw/pipeline.cpp:707]   --->   Operation 75 'select' 'i_2' <Predicate = true> <Delay = 0.35> <CoreInst = "Sel">   --->   Core 73 'Sel' <Latency = 0> <II = 1> <Delay = 0.35> <FuncUnit> <Opcode : 'select'> <InPorts = 3> <OutPorts = 1>
ST_3 : Operation 76 [1/1] (0.27ns)   --->   "%global_count_2 = select i1 %icmp_ln64033, i2 %global_count_21218_load, i2 %global_count16_load" [/home/deniz/Projects/SneakySnake/SneakySnake-HLS-HBM/hw/pipeline.cpp:707]   --->   Operation 76 'select' 'global_count_2' <Predicate = true> <Delay = 0.27> <CoreInst = "Sel">   --->   Core 73 'Sel' <Latency = 0> <II = 1> <Delay = 0.27> <FuncUnit> <Opcode : 'select'> <InPorts = 3> <OutPorts = 1>
ST_3 : Operation 77 [1/1] (0.00ns)   --->   "%shl_ln = bitconcatenate i7 @_ssdm_op_BitConcatenate.i7.i4.i3, i4 %i_2, i3 0" [/home/deniz/Projects/SneakySnake/SneakySnake-HLS-HBM/hw/pipeline.cpp:710]   --->   Operation 77 'bitconcatenate' 'shl_ln' <Predicate = true> <Delay = 0.00>
ST_3 : Operation 78 [1/1] (0.70ns)   --->   "%icmp_ln710 = icmp_ne  i7 %shl_ln, i7 0" [/home/deniz/Projects/SneakySnake/SneakySnake-HLS-HBM/hw/pipeline.cpp:710]   --->   Operation 78 'icmp' 'icmp_ln710' <Predicate = true> <Delay = 0.70> <CoreInst = "Cmp">   --->   Core 9 'Cmp' <Latency = 0> <II = 1> <Delay = 0.70> <FuncUnit> <Opcode : 'seteq' 'setne' 'setle' 'setge' 'setlt' 'setgt'> <InPorts = 2> <OutPorts = 1>
ST_3 : Operation 79 [1/1] (0.00ns) (grouped into LUT with out node lshr_ln710)   --->   "%tmp = partselect i128 @llvm.part.select.i128, i128 %DNA_nsh, i32 127, i32 0" [/home/deniz/Projects/SneakySnake/SneakySnake-HLS-HBM/hw/pipeline.cpp:710]   --->   Operation 79 'partselect' 'tmp' <Predicate = true> <Delay = 0.00>
ST_3 : Operation 80 [1/1] (0.00ns) (grouped into LUT with out node select_ln710_1)   --->   "%xor_ln710 = xor i7 %shl_ln, i7 127" [/home/deniz/Projects/SneakySnake/SneakySnake-HLS-HBM/hw/pipeline.cpp:710]   --->   Operation 80 'xor' 'xor_ln710' <Predicate = true> <Delay = 0.00> <CoreInst = "LogicGate">   --->   Core 74 'LogicGate' <Latency = 0> <II = 1> <Delay = 0.22> <FuncUnit> <Opcode : 'and' 'or' 'xor'> <InPorts = 2> <OutPorts = 1>
ST_3 : Operation 81 [1/1] (0.00ns) (grouped into LUT with out node lshr_ln710)   --->   "%select_ln710 = select i1 %icmp_ln710, i128 %tmp, i128 %DNA_nsh" [/home/deniz/Projects/SneakySnake/SneakySnake-HLS-HBM/hw/pipeline.cpp:710]   --->   Operation 81 'select' 'select_ln710' <Predicate = true> <Delay = 0.00> <CoreInst = "Sel">   --->   Core 73 'Sel' <Latency = 0> <II = 1> <Delay = 0.34> <FuncUnit> <Opcode : 'select'> <InPorts = 3> <OutPorts = 1>
ST_3 : Operation 82 [1/1] (0.30ns) (out node of the LUT)   --->   "%select_ln710_1 = select i1 %icmp_ln710, i7 %xor_ln710, i7 0" [/home/deniz/Projects/SneakySnake/SneakySnake-HLS-HBM/hw/pipeline.cpp:710]   --->   Operation 82 'select' 'select_ln710_1' <Predicate = true> <Delay = 0.30> <CoreInst = "Sel">   --->   Core 73 'Sel' <Latency = 0> <II = 1> <Delay = 0.30> <FuncUnit> <Opcode : 'select'> <InPorts = 3> <OutPorts = 1>
ST_3 : Operation 83 [1/1] (0.00ns)   --->   "%zext_ln710 = zext i7 %select_ln710_1" [/home/deniz/Projects/SneakySnake/SneakySnake-HLS-HBM/hw/pipeline.cpp:710]   --->   Operation 83 'zext' 'zext_ln710' <Predicate = true> <Delay = 0.00>
ST_3 : Operation 84 [1/1] (1.17ns) (out node of the LUT)   --->   "%lshr_ln710 = lshr i128 %select_ln710, i128 %zext_ln710" [/home/deniz/Projects/SneakySnake/SneakySnake-HLS-HBM/hw/pipeline.cpp:710]   --->   Operation 84 'lshr' 'lshr_ln710' <Predicate = true> <Delay = 1.17> <CoreInst = "Shifter">   --->   Core 75 'Shifter' <Latency = 0> <II = 1> <Delay = 1.17> <FuncUnit> <Opcode : 'shl' 'lshr' 'ashr'> <InPorts = 2> <OutPorts = 1>
ST_3 : Operation 85 [1/1] (0.00ns)   --->   "%trunc_ln710 = trunc i128 %lshr_ln710" [/home/deniz/Projects/SneakySnake/SneakySnake-HLS-HBM/hw/pipeline.cpp:710]   --->   Operation 85 'trunc' 'trunc_ln710' <Predicate = true> <Delay = 0.00>
ST_3 : Operation 86 [1/1] (0.27ns)   --->   "%select_ln710_2 = select i1 %icmp_ln710, i8 3, i8 255" [/home/deniz/Projects/SneakySnake/SneakySnake-HLS-HBM/hw/pipeline.cpp:710]   --->   Operation 86 'select' 'select_ln710_2' <Predicate = true> <Delay = 0.27> <CoreInst = "Sel">   --->   Core 73 'Sel' <Latency = 0> <II = 1> <Delay = 0.27> <FuncUnit> <Opcode : 'select'> <InPorts = 3> <OutPorts = 1>
ST_3 : Operation 87 [1/1] (0.22ns)   --->   "%DNA_nsh_1 = and i8 %trunc_ln710, i8 %select_ln710_2" [/home/deniz/Projects/SneakySnake/SneakySnake-HLS-HBM/hw/pipeline.cpp:710]   --->   Operation 87 'and' 'DNA_nsh_1' <Predicate = true> <Delay = 0.22> <CoreInst = "LogicGate">   --->   Core 74 'LogicGate' <Latency = 0> <II = 1> <Delay = 0.22> <FuncUnit> <Opcode : 'and' 'or' 'xor'> <InPorts = 2> <OutPorts = 1>
ST_3 : Operation 88 [1/1] (0.00ns) (grouped into LUT with out node lshr_ln711)   --->   "%tmp_7 = partselect i128 @llvm.part.select.i128, i128 %DNA_shl_one, i32 127, i32 0" [/home/deniz/Projects/SneakySnake/SneakySnake-HLS-HBM/hw/pipeline.cpp:711]   --->   Operation 88 'partselect' 'tmp_7' <Predicate = true> <Delay = 0.00>
ST_3 : Operation 89 [1/1] (0.00ns) (grouped into LUT with out node lshr_ln711)   --->   "%select_ln711 = select i1 %icmp_ln710, i128 %tmp_7, i128 %DNA_shl_one" [/home/deniz/Projects/SneakySnake/SneakySnake-HLS-HBM/hw/pipeline.cpp:711]   --->   Operation 89 'select' 'select_ln711' <Predicate = true> <Delay = 0.00> <CoreInst = "Sel">   --->   Core 73 'Sel' <Latency = 0> <II = 1> <Delay = 0.34> <FuncUnit> <Opcode : 'select'> <InPorts = 3> <OutPorts = 1>
ST_3 : Operation 90 [1/1] (1.17ns) (out node of the LUT)   --->   "%lshr_ln711 = lshr i128 %select_ln711, i128 %zext_ln710" [/home/deniz/Projects/SneakySnake/SneakySnake-HLS-HBM/hw/pipeline.cpp:711]   --->   Operation 90 'lshr' 'lshr_ln711' <Predicate = true> <Delay = 1.17> <CoreInst = "Shifter">   --->   Core 75 'Shifter' <Latency = 0> <II = 1> <Delay = 1.17> <FuncUnit> <Opcode : 'shl' 'lshr' 'ashr'> <InPorts = 2> <OutPorts = 1>
ST_3 : Operation 91 [1/1] (0.00ns)   --->   "%trunc_ln711 = trunc i128 %lshr_ln711" [/home/deniz/Projects/SneakySnake/SneakySnake-HLS-HBM/hw/pipeline.cpp:711]   --->   Operation 91 'trunc' 'trunc_ln711' <Predicate = true> <Delay = 0.00>
ST_3 : Operation 92 [1/1] (0.22ns)   --->   "%DNA_shl_one_1 = and i8 %trunc_ln711, i8 %select_ln710_2" [/home/deniz/Projects/SneakySnake/SneakySnake-HLS-HBM/hw/pipeline.cpp:711]   --->   Operation 92 'and' 'DNA_shl_one_1' <Predicate = true> <Delay = 0.22> <CoreInst = "LogicGate">   --->   Core 74 'LogicGate' <Latency = 0> <II = 1> <Delay = 0.22> <FuncUnit> <Opcode : 'and' 'or' 'xor'> <InPorts = 2> <OutPorts = 1>
ST_3 : Operation 93 [1/1] (0.00ns) (grouped into LUT with out node lshr_ln711_1)   --->   "%tmp_8 = partselect i128 @llvm.part.select.i128, i128 %DNA_shl_two, i32 127, i32 0" [/home/deniz/Projects/SneakySnake/SneakySnake-HLS-HBM/hw/pipeline.cpp:711]   --->   Operation 93 'partselect' 'tmp_8' <Predicate = true> <Delay = 0.00>
ST_3 : Operation 94 [1/1] (0.00ns) (grouped into LUT with out node lshr_ln711_1)   --->   "%select_ln711_1 = select i1 %icmp_ln710, i128 %tmp_8, i128 %DNA_shl_two" [/home/deniz/Projects/SneakySnake/SneakySnake-HLS-HBM/hw/pipeline.cpp:711]   --->   Operation 94 'select' 'select_ln711_1' <Predicate = true> <Delay = 0.00> <CoreInst = "Sel">   --->   Core 73 'Sel' <Latency = 0> <II = 1> <Delay = 0.34> <FuncUnit> <Opcode : 'select'> <InPorts = 3> <OutPorts = 1>
ST_3 : Operation 95 [1/1] (1.17ns) (out node of the LUT)   --->   "%lshr_ln711_1 = lshr i128 %select_ln711_1, i128 %zext_ln710" [/home/deniz/Projects/SneakySnake/SneakySnake-HLS-HBM/hw/pipeline.cpp:711]   --->   Operation 95 'lshr' 'lshr_ln711_1' <Predicate = true> <Delay = 1.17> <CoreInst = "Shifter">   --->   Core 75 'Shifter' <Latency = 0> <II = 1> <Delay = 1.17> <FuncUnit> <Opcode : 'shl' 'lshr' 'ashr'> <InPorts = 2> <OutPorts = 1>
ST_3 : Operation 96 [1/1] (0.00ns)   --->   "%trunc_ln711_1 = trunc i128 %lshr_ln711_1" [/home/deniz/Projects/SneakySnake/SneakySnake-HLS-HBM/hw/pipeline.cpp:711]   --->   Operation 96 'trunc' 'trunc_ln711_1' <Predicate = true> <Delay = 0.00>
ST_3 : Operation 97 [1/1] (0.22ns)   --->   "%DNA_shl_two_1 = and i8 %trunc_ln711_1, i8 %select_ln710_2" [/home/deniz/Projects/SneakySnake/SneakySnake-HLS-HBM/hw/pipeline.cpp:711]   --->   Operation 97 'and' 'DNA_shl_two_1' <Predicate = true> <Delay = 0.22> <CoreInst = "LogicGate">   --->   Core 74 'LogicGate' <Latency = 0> <II = 1> <Delay = 0.22> <FuncUnit> <Opcode : 'and' 'or' 'xor'> <InPorts = 2> <OutPorts = 1>
ST_3 : Operation 98 [1/1] (0.00ns) (grouped into LUT with out node lshr_ln711_2)   --->   "%tmp_9 = partselect i128 @llvm.part.select.i128, i128 %DNA_shl_three, i32 127, i32 0" [/home/deniz/Projects/SneakySnake/SneakySnake-HLS-HBM/hw/pipeline.cpp:711]   --->   Operation 98 'partselect' 'tmp_9' <Predicate = true> <Delay = 0.00>
ST_3 : Operation 99 [1/1] (0.00ns) (grouped into LUT with out node lshr_ln711_2)   --->   "%select_ln711_2 = select i1 %icmp_ln710, i128 %tmp_9, i128 %DNA_shl_three" [/home/deniz/Projects/SneakySnake/SneakySnake-HLS-HBM/hw/pipeline.cpp:711]   --->   Operation 99 'select' 'select_ln711_2' <Predicate = true> <Delay = 0.00> <CoreInst = "Sel">   --->   Core 73 'Sel' <Latency = 0> <II = 1> <Delay = 0.34> <FuncUnit> <Opcode : 'select'> <InPorts = 3> <OutPorts = 1>
ST_3 : Operation 100 [1/1] (1.17ns) (out node of the LUT)   --->   "%lshr_ln711_2 = lshr i128 %select_ln711_2, i128 %zext_ln710" [/home/deniz/Projects/SneakySnake/SneakySnake-HLS-HBM/hw/pipeline.cpp:711]   --->   Operation 100 'lshr' 'lshr_ln711_2' <Predicate = true> <Delay = 1.17> <CoreInst = "Shifter">   --->   Core 75 'Shifter' <Latency = 0> <II = 1> <Delay = 1.17> <FuncUnit> <Opcode : 'shl' 'lshr' 'ashr'> <InPorts = 2> <OutPorts = 1>
ST_3 : Operation 101 [1/1] (0.00ns)   --->   "%trunc_ln711_2 = trunc i128 %lshr_ln711_2" [/home/deniz/Projects/SneakySnake/SneakySnake-HLS-HBM/hw/pipeline.cpp:711]   --->   Operation 101 'trunc' 'trunc_ln711_2' <Predicate = true> <Delay = 0.00>
ST_3 : Operation 102 [1/1] (0.22ns)   --->   "%DNA_shl_three_1 = and i8 %trunc_ln711_2, i8 %select_ln710_2" [/home/deniz/Projects/SneakySnake/SneakySnake-HLS-HBM/hw/pipeline.cpp:711]   --->   Operation 102 'and' 'DNA_shl_three_1' <Predicate = true> <Delay = 0.22> <CoreInst = "LogicGate">   --->   Core 74 'LogicGate' <Latency = 0> <II = 1> <Delay = 0.22> <FuncUnit> <Opcode : 'and' 'or' 'xor'> <InPorts = 2> <OutPorts = 1>
ST_3 : Operation 103 [1/1] (0.00ns) (grouped into LUT with out node lshr_ln711_3)   --->   "%tmp_10 = partselect i128 @llvm.part.select.i128, i128 %DNA_shl_four, i32 127, i32 0" [/home/deniz/Projects/SneakySnake/SneakySnake-HLS-HBM/hw/pipeline.cpp:711]   --->   Operation 103 'partselect' 'tmp_10' <Predicate = true> <Delay = 0.00>
ST_3 : Operation 104 [1/1] (0.00ns) (grouped into LUT with out node lshr_ln711_3)   --->   "%select_ln711_3 = select i1 %icmp_ln710, i128 %tmp_10, i128 %DNA_shl_four" [/home/deniz/Projects/SneakySnake/SneakySnake-HLS-HBM/hw/pipeline.cpp:711]   --->   Operation 104 'select' 'select_ln711_3' <Predicate = true> <Delay = 0.00> <CoreInst = "Sel">   --->   Core 73 'Sel' <Latency = 0> <II = 1> <Delay = 0.34> <FuncUnit> <Opcode : 'select'> <InPorts = 3> <OutPorts = 1>
ST_3 : Operation 105 [1/1] (1.17ns) (out node of the LUT)   --->   "%lshr_ln711_3 = lshr i128 %select_ln711_3, i128 %zext_ln710" [/home/deniz/Projects/SneakySnake/SneakySnake-HLS-HBM/hw/pipeline.cpp:711]   --->   Operation 105 'lshr' 'lshr_ln711_3' <Predicate = true> <Delay = 1.17> <CoreInst = "Shifter">   --->   Core 75 'Shifter' <Latency = 0> <II = 1> <Delay = 1.17> <FuncUnit> <Opcode : 'shl' 'lshr' 'ashr'> <InPorts = 2> <OutPorts = 1>
ST_3 : Operation 106 [1/1] (0.00ns)   --->   "%trunc_ln711_3 = trunc i128 %lshr_ln711_3" [/home/deniz/Projects/SneakySnake/SneakySnake-HLS-HBM/hw/pipeline.cpp:711]   --->   Operation 106 'trunc' 'trunc_ln711_3' <Predicate = true> <Delay = 0.00>
ST_3 : Operation 107 [1/1] (0.22ns)   --->   "%DNA_shl_four_1 = and i8 %trunc_ln711_3, i8 %select_ln710_2" [/home/deniz/Projects/SneakySnake/SneakySnake-HLS-HBM/hw/pipeline.cpp:711]   --->   Operation 107 'and' 'DNA_shl_four_1' <Predicate = true> <Delay = 0.22> <CoreInst = "LogicGate">   --->   Core 74 'LogicGate' <Latency = 0> <II = 1> <Delay = 0.22> <FuncUnit> <Opcode : 'and' 'or' 'xor'> <InPorts = 2> <OutPorts = 1>
ST_3 : Operation 108 [1/1] (0.00ns) (grouped into LUT with out node lshr_ln711_4)   --->   "%tmp_11 = partselect i128 @llvm.part.select.i128, i128 %DNA_shl_five, i32 127, i32 0" [/home/deniz/Projects/SneakySnake/SneakySnake-HLS-HBM/hw/pipeline.cpp:711]   --->   Operation 108 'partselect' 'tmp_11' <Predicate = true> <Delay = 0.00>
ST_3 : Operation 109 [1/1] (0.00ns) (grouped into LUT with out node lshr_ln711_4)   --->   "%select_ln711_4 = select i1 %icmp_ln710, i128 %tmp_11, i128 %DNA_shl_five" [/home/deniz/Projects/SneakySnake/SneakySnake-HLS-HBM/hw/pipeline.cpp:711]   --->   Operation 109 'select' 'select_ln711_4' <Predicate = true> <Delay = 0.00> <CoreInst = "Sel">   --->   Core 73 'Sel' <Latency = 0> <II = 1> <Delay = 0.34> <FuncUnit> <Opcode : 'select'> <InPorts = 3> <OutPorts = 1>
ST_3 : Operation 110 [1/1] (1.17ns) (out node of the LUT)   --->   "%lshr_ln711_4 = lshr i128 %select_ln711_4, i128 %zext_ln710" [/home/deniz/Projects/SneakySnake/SneakySnake-HLS-HBM/hw/pipeline.cpp:711]   --->   Operation 110 'lshr' 'lshr_ln711_4' <Predicate = true> <Delay = 1.17> <CoreInst = "Shifter">   --->   Core 75 'Shifter' <Latency = 0> <II = 1> <Delay = 1.17> <FuncUnit> <Opcode : 'shl' 'lshr' 'ashr'> <InPorts = 2> <OutPorts = 1>
ST_3 : Operation 111 [1/1] (0.00ns)   --->   "%trunc_ln711_4 = trunc i128 %lshr_ln711_4" [/home/deniz/Projects/SneakySnake/SneakySnake-HLS-HBM/hw/pipeline.cpp:711]   --->   Operation 111 'trunc' 'trunc_ln711_4' <Predicate = true> <Delay = 0.00>
ST_3 : Operation 112 [1/1] (0.22ns)   --->   "%DNA_shl_five_1 = and i8 %trunc_ln711_4, i8 %select_ln710_2" [/home/deniz/Projects/SneakySnake/SneakySnake-HLS-HBM/hw/pipeline.cpp:711]   --->   Operation 112 'and' 'DNA_shl_five_1' <Predicate = true> <Delay = 0.22> <CoreInst = "LogicGate">   --->   Core 74 'LogicGate' <Latency = 0> <II = 1> <Delay = 0.22> <FuncUnit> <Opcode : 'and' 'or' 'xor'> <InPorts = 2> <OutPorts = 1>
ST_3 : Operation 113 [1/1] (0.00ns) (grouped into LUT with out node lshr_ln712)   --->   "%tmp_12 = partselect i128 @llvm.part.select.i128, i128 %DNA_shr_one, i32 127, i32 0" [/home/deniz/Projects/SneakySnake/SneakySnake-HLS-HBM/hw/pipeline.cpp:712]   --->   Operation 113 'partselect' 'tmp_12' <Predicate = true> <Delay = 0.00>
ST_3 : Operation 114 [1/1] (0.00ns) (grouped into LUT with out node lshr_ln712)   --->   "%select_ln712 = select i1 %icmp_ln710, i128 %tmp_12, i128 %DNA_shr_one" [/home/deniz/Projects/SneakySnake/SneakySnake-HLS-HBM/hw/pipeline.cpp:712]   --->   Operation 114 'select' 'select_ln712' <Predicate = true> <Delay = 0.00> <CoreInst = "Sel">   --->   Core 73 'Sel' <Latency = 0> <II = 1> <Delay = 0.34> <FuncUnit> <Opcode : 'select'> <InPorts = 3> <OutPorts = 1>
ST_3 : Operation 115 [1/1] (1.17ns) (out node of the LUT)   --->   "%lshr_ln712 = lshr i128 %select_ln712, i128 %zext_ln710" [/home/deniz/Projects/SneakySnake/SneakySnake-HLS-HBM/hw/pipeline.cpp:712]   --->   Operation 115 'lshr' 'lshr_ln712' <Predicate = true> <Delay = 1.17> <CoreInst = "Shifter">   --->   Core 75 'Shifter' <Latency = 0> <II = 1> <Delay = 1.17> <FuncUnit> <Opcode : 'shl' 'lshr' 'ashr'> <InPorts = 2> <OutPorts = 1>
ST_3 : Operation 116 [1/1] (0.00ns)   --->   "%trunc_ln712 = trunc i128 %lshr_ln712" [/home/deniz/Projects/SneakySnake/SneakySnake-HLS-HBM/hw/pipeline.cpp:712]   --->   Operation 116 'trunc' 'trunc_ln712' <Predicate = true> <Delay = 0.00>
ST_3 : Operation 117 [1/1] (0.22ns)   --->   "%DNA_shr_one_1 = and i8 %trunc_ln712, i8 %select_ln710_2" [/home/deniz/Projects/SneakySnake/SneakySnake-HLS-HBM/hw/pipeline.cpp:712]   --->   Operation 117 'and' 'DNA_shr_one_1' <Predicate = true> <Delay = 0.22> <CoreInst = "LogicGate">   --->   Core 74 'LogicGate' <Latency = 0> <II = 1> <Delay = 0.22> <FuncUnit> <Opcode : 'and' 'or' 'xor'> <InPorts = 2> <OutPorts = 1>
ST_3 : Operation 118 [1/1] (0.00ns) (grouped into LUT with out node lshr_ln712_1)   --->   "%tmp_13 = partselect i128 @llvm.part.select.i128, i128 %DNA_shr_two, i32 127, i32 0" [/home/deniz/Projects/SneakySnake/SneakySnake-HLS-HBM/hw/pipeline.cpp:712]   --->   Operation 118 'partselect' 'tmp_13' <Predicate = true> <Delay = 0.00>
ST_3 : Operation 119 [1/1] (0.00ns) (grouped into LUT with out node lshr_ln712_1)   --->   "%select_ln712_1 = select i1 %icmp_ln710, i128 %tmp_13, i128 %DNA_shr_two" [/home/deniz/Projects/SneakySnake/SneakySnake-HLS-HBM/hw/pipeline.cpp:712]   --->   Operation 119 'select' 'select_ln712_1' <Predicate = true> <Delay = 0.00> <CoreInst = "Sel">   --->   Core 73 'Sel' <Latency = 0> <II = 1> <Delay = 0.34> <FuncUnit> <Opcode : 'select'> <InPorts = 3> <OutPorts = 1>
ST_3 : Operation 120 [1/1] (1.17ns) (out node of the LUT)   --->   "%lshr_ln712_1 = lshr i128 %select_ln712_1, i128 %zext_ln710" [/home/deniz/Projects/SneakySnake/SneakySnake-HLS-HBM/hw/pipeline.cpp:712]   --->   Operation 120 'lshr' 'lshr_ln712_1' <Predicate = true> <Delay = 1.17> <CoreInst = "Shifter">   --->   Core 75 'Shifter' <Latency = 0> <II = 1> <Delay = 1.17> <FuncUnit> <Opcode : 'shl' 'lshr' 'ashr'> <InPorts = 2> <OutPorts = 1>
ST_3 : Operation 121 [1/1] (0.00ns)   --->   "%trunc_ln712_1 = trunc i128 %lshr_ln712_1" [/home/deniz/Projects/SneakySnake/SneakySnake-HLS-HBM/hw/pipeline.cpp:712]   --->   Operation 121 'trunc' 'trunc_ln712_1' <Predicate = true> <Delay = 0.00>
ST_3 : Operation 122 [1/1] (0.22ns)   --->   "%DNA_shr_two_1 = and i8 %trunc_ln712_1, i8 %select_ln710_2" [/home/deniz/Projects/SneakySnake/SneakySnake-HLS-HBM/hw/pipeline.cpp:712]   --->   Operation 122 'and' 'DNA_shr_two_1' <Predicate = true> <Delay = 0.22> <CoreInst = "LogicGate">   --->   Core 74 'LogicGate' <Latency = 0> <II = 1> <Delay = 0.22> <FuncUnit> <Opcode : 'and' 'or' 'xor'> <InPorts = 2> <OutPorts = 1>
ST_3 : Operation 123 [1/1] (0.00ns) (grouped into LUT with out node lshr_ln712_2)   --->   "%tmp_14 = partselect i128 @llvm.part.select.i128, i128 %DNA_shr_three, i32 127, i32 0" [/home/deniz/Projects/SneakySnake/SneakySnake-HLS-HBM/hw/pipeline.cpp:712]   --->   Operation 123 'partselect' 'tmp_14' <Predicate = true> <Delay = 0.00>
ST_3 : Operation 124 [1/1] (0.00ns) (grouped into LUT with out node lshr_ln712_2)   --->   "%select_ln712_2 = select i1 %icmp_ln710, i128 %tmp_14, i128 %DNA_shr_three" [/home/deniz/Projects/SneakySnake/SneakySnake-HLS-HBM/hw/pipeline.cpp:712]   --->   Operation 124 'select' 'select_ln712_2' <Predicate = true> <Delay = 0.00> <CoreInst = "Sel">   --->   Core 73 'Sel' <Latency = 0> <II = 1> <Delay = 0.34> <FuncUnit> <Opcode : 'select'> <InPorts = 3> <OutPorts = 1>
ST_3 : Operation 125 [1/1] (1.17ns) (out node of the LUT)   --->   "%lshr_ln712_2 = lshr i128 %select_ln712_2, i128 %zext_ln710" [/home/deniz/Projects/SneakySnake/SneakySnake-HLS-HBM/hw/pipeline.cpp:712]   --->   Operation 125 'lshr' 'lshr_ln712_2' <Predicate = true> <Delay = 1.17> <CoreInst = "Shifter">   --->   Core 75 'Shifter' <Latency = 0> <II = 1> <Delay = 1.17> <FuncUnit> <Opcode : 'shl' 'lshr' 'ashr'> <InPorts = 2> <OutPorts = 1>
ST_3 : Operation 126 [1/1] (0.00ns)   --->   "%trunc_ln712_2 = trunc i128 %lshr_ln712_2" [/home/deniz/Projects/SneakySnake/SneakySnake-HLS-HBM/hw/pipeline.cpp:712]   --->   Operation 126 'trunc' 'trunc_ln712_2' <Predicate = true> <Delay = 0.00>
ST_3 : Operation 127 [1/1] (0.22ns)   --->   "%DNA_shr_three_1 = and i8 %trunc_ln712_2, i8 %select_ln710_2" [/home/deniz/Projects/SneakySnake/SneakySnake-HLS-HBM/hw/pipeline.cpp:712]   --->   Operation 127 'and' 'DNA_shr_three_1' <Predicate = true> <Delay = 0.22> <CoreInst = "LogicGate">   --->   Core 74 'LogicGate' <Latency = 0> <II = 1> <Delay = 0.22> <FuncUnit> <Opcode : 'and' 'or' 'xor'> <InPorts = 2> <OutPorts = 1>
ST_3 : Operation 128 [1/1] (0.00ns) (grouped into LUT with out node lshr_ln712_3)   --->   "%tmp_15 = partselect i128 @llvm.part.select.i128, i128 %DNA_shr_four, i32 127, i32 0" [/home/deniz/Projects/SneakySnake/SneakySnake-HLS-HBM/hw/pipeline.cpp:712]   --->   Operation 128 'partselect' 'tmp_15' <Predicate = true> <Delay = 0.00>
ST_3 : Operation 129 [1/1] (0.00ns) (grouped into LUT with out node lshr_ln712_3)   --->   "%select_ln712_3 = select i1 %icmp_ln710, i128 %tmp_15, i128 %DNA_shr_four" [/home/deniz/Projects/SneakySnake/SneakySnake-HLS-HBM/hw/pipeline.cpp:712]   --->   Operation 129 'select' 'select_ln712_3' <Predicate = true> <Delay = 0.00> <CoreInst = "Sel">   --->   Core 73 'Sel' <Latency = 0> <II = 1> <Delay = 0.34> <FuncUnit> <Opcode : 'select'> <InPorts = 3> <OutPorts = 1>
ST_3 : Operation 130 [1/1] (1.17ns) (out node of the LUT)   --->   "%lshr_ln712_3 = lshr i128 %select_ln712_3, i128 %zext_ln710" [/home/deniz/Projects/SneakySnake/SneakySnake-HLS-HBM/hw/pipeline.cpp:712]   --->   Operation 130 'lshr' 'lshr_ln712_3' <Predicate = true> <Delay = 1.17> <CoreInst = "Shifter">   --->   Core 75 'Shifter' <Latency = 0> <II = 1> <Delay = 1.17> <FuncUnit> <Opcode : 'shl' 'lshr' 'ashr'> <InPorts = 2> <OutPorts = 1>
ST_3 : Operation 131 [1/1] (0.00ns)   --->   "%trunc_ln712_3 = trunc i128 %lshr_ln712_3" [/home/deniz/Projects/SneakySnake/SneakySnake-HLS-HBM/hw/pipeline.cpp:712]   --->   Operation 131 'trunc' 'trunc_ln712_3' <Predicate = true> <Delay = 0.00>
ST_3 : Operation 132 [1/1] (0.22ns)   --->   "%DNA_shr_four_1 = and i8 %trunc_ln712_3, i8 %select_ln710_2" [/home/deniz/Projects/SneakySnake/SneakySnake-HLS-HBM/hw/pipeline.cpp:712]   --->   Operation 132 'and' 'DNA_shr_four_1' <Predicate = true> <Delay = 0.22> <CoreInst = "LogicGate">   --->   Core 74 'LogicGate' <Latency = 0> <II = 1> <Delay = 0.22> <FuncUnit> <Opcode : 'and' 'or' 'xor'> <InPorts = 2> <OutPorts = 1>
ST_3 : Operation 133 [1/1] (0.00ns) (grouped into LUT with out node lshr_ln712_4)   --->   "%tmp_16 = partselect i128 @llvm.part.select.i128, i128 %DNA_shr_five, i32 127, i32 0" [/home/deniz/Projects/SneakySnake/SneakySnake-HLS-HBM/hw/pipeline.cpp:712]   --->   Operation 133 'partselect' 'tmp_16' <Predicate = true> <Delay = 0.00>
ST_3 : Operation 134 [1/1] (0.00ns) (grouped into LUT with out node lshr_ln712_4)   --->   "%select_ln712_4 = select i1 %icmp_ln710, i128 %tmp_16, i128 %DNA_shr_five" [/home/deniz/Projects/SneakySnake/SneakySnake-HLS-HBM/hw/pipeline.cpp:712]   --->   Operation 134 'select' 'select_ln712_4' <Predicate = true> <Delay = 0.00> <CoreInst = "Sel">   --->   Core 73 'Sel' <Latency = 0> <II = 1> <Delay = 0.34> <FuncUnit> <Opcode : 'select'> <InPorts = 3> <OutPorts = 1>
ST_3 : Operation 135 [1/1] (1.17ns) (out node of the LUT)   --->   "%lshr_ln712_4 = lshr i128 %select_ln712_4, i128 %zext_ln710" [/home/deniz/Projects/SneakySnake/SneakySnake-HLS-HBM/hw/pipeline.cpp:712]   --->   Operation 135 'lshr' 'lshr_ln712_4' <Predicate = true> <Delay = 1.17> <CoreInst = "Shifter">   --->   Core 75 'Shifter' <Latency = 0> <II = 1> <Delay = 1.17> <FuncUnit> <Opcode : 'shl' 'lshr' 'ashr'> <InPorts = 2> <OutPorts = 1>
ST_3 : Operation 136 [1/1] (0.00ns)   --->   "%trunc_ln712_4 = trunc i128 %lshr_ln712_4" [/home/deniz/Projects/SneakySnake/SneakySnake-HLS-HBM/hw/pipeline.cpp:712]   --->   Operation 136 'trunc' 'trunc_ln712_4' <Predicate = true> <Delay = 0.00>
ST_3 : Operation 137 [1/1] (0.22ns)   --->   "%DNA_shr_five_1 = and i8 %trunc_ln712_4, i8 %select_ln710_2" [/home/deniz/Projects/SneakySnake/SneakySnake-HLS-HBM/hw/pipeline.cpp:712]   --->   Operation 137 'and' 'DNA_shr_five_1' <Predicate = true> <Delay = 0.22> <CoreInst = "LogicGate">   --->   Core 74 'LogicGate' <Latency = 0> <II = 1> <Delay = 0.22> <FuncUnit> <Opcode : 'and' 'or' 'xor'> <InPorts = 2> <OutPorts = 1>
ST_3 : Operation 138 [1/1] (0.70ns)   --->   "%add_ln707 = add i6 %indvar_flatten14_load, i6 1" [/home/deniz/Projects/SneakySnake/SneakySnake-HLS-HBM/hw/pipeline.cpp:707]   --->   Operation 138 'add' 'add_ln707' <Predicate = true> <Delay = 0.70> <CoreInst = "Adder">   --->   Core 1 'Adder' <Latency = 0> <II = 1> <Delay = 0.70> <FuncUnit> <Opcode : 'add' 'sub'> <InPorts = 2> <OutPorts = 1>
ST_3 : Operation 139 [1/1] (0.00ns)   --->   "%br_ln640 = br i1 %or_ln706, void %for.body.split.i, void %for.first.iter.for.body.i" [/home/deniz/Projects/SneakySnake/SneakySnake-HLS-HBM/hw/pipeline.cpp:640->/home/deniz/Projects/SneakySnake/SneakySnake-HLS-HBM/hw/pipeline.cpp:710]   --->   Operation 139 'br' 'br_ln640' <Predicate = true> <Delay = 0.00>
ST_3 : Operation 140 [1/1] (0.38ns)   --->   "%store_ln710 = store i8 %DNA_nsh_1, i8 %p_val26_i30" [/home/deniz/Projects/SneakySnake/SneakySnake-HLS-HBM/hw/pipeline.cpp:710]   --->   Operation 140 'store' 'store_ln710' <Predicate = (or_ln706)> <Delay = 0.38>
ST_3 : Operation 141 [1/1] (0.38ns)   --->   "%store_ln711 = store i8 %DNA_shl_one_1, i8 %p_val1628_i29" [/home/deniz/Projects/SneakySnake/SneakySnake-HLS-HBM/hw/pipeline.cpp:711]   --->   Operation 141 'store' 'store_ln711' <Predicate = (or_ln706)> <Delay = 0.38>
ST_3 : Operation 142 [1/1] (0.38ns)   --->   "%store_ln711 = store i8 %DNA_shl_two_1, i8 %p_val1730_i28" [/home/deniz/Projects/SneakySnake/SneakySnake-HLS-HBM/hw/pipeline.cpp:711]   --->   Operation 142 'store' 'store_ln711' <Predicate = (or_ln706)> <Delay = 0.38>
ST_3 : Operation 143 [1/1] (0.38ns)   --->   "%store_ln711 = store i8 %DNA_shl_three_1, i8 %p_val1832_i27" [/home/deniz/Projects/SneakySnake/SneakySnake-HLS-HBM/hw/pipeline.cpp:711]   --->   Operation 143 'store' 'store_ln711' <Predicate = (or_ln706)> <Delay = 0.38>
ST_3 : Operation 144 [1/1] (0.38ns)   --->   "%store_ln711 = store i8 %DNA_shl_four_1, i8 %p_val1934_i26" [/home/deniz/Projects/SneakySnake/SneakySnake-HLS-HBM/hw/pipeline.cpp:711]   --->   Operation 144 'store' 'store_ln711' <Predicate = (or_ln706)> <Delay = 0.38>
ST_3 : Operation 145 [1/1] (0.38ns)   --->   "%store_ln711 = store i8 %DNA_shl_five_1, i8 %p_val2036_i25" [/home/deniz/Projects/SneakySnake/SneakySnake-HLS-HBM/hw/pipeline.cpp:711]   --->   Operation 145 'store' 'store_ln711' <Predicate = (or_ln706)> <Delay = 0.38>
ST_3 : Operation 146 [1/1] (0.38ns)   --->   "%store_ln712 = store i8 %DNA_shr_one_1, i8 %p_val2138_i24" [/home/deniz/Projects/SneakySnake/SneakySnake-HLS-HBM/hw/pipeline.cpp:712]   --->   Operation 146 'store' 'store_ln712' <Predicate = (or_ln706)> <Delay = 0.38>
ST_3 : Operation 147 [1/1] (0.38ns)   --->   "%store_ln712 = store i8 %DNA_shr_two_1, i8 %p_val2240_i23" [/home/deniz/Projects/SneakySnake/SneakySnake-HLS-HBM/hw/pipeline.cpp:712]   --->   Operation 147 'store' 'store_ln712' <Predicate = (or_ln706)> <Delay = 0.38>
ST_3 : Operation 148 [1/1] (0.38ns)   --->   "%store_ln712 = store i8 %DNA_shr_three_1, i8 %p_val2342_i22" [/home/deniz/Projects/SneakySnake/SneakySnake-HLS-HBM/hw/pipeline.cpp:712]   --->   Operation 148 'store' 'store_ln712' <Predicate = (or_ln706)> <Delay = 0.38>
ST_3 : Operation 149 [1/1] (0.38ns)   --->   "%store_ln712 = store i8 %DNA_shr_four_1, i8 %p_val2444_i21" [/home/deniz/Projects/SneakySnake/SneakySnake-HLS-HBM/hw/pipeline.cpp:712]   --->   Operation 149 'store' 'store_ln712' <Predicate = (or_ln706)> <Delay = 0.38>
ST_3 : Operation 150 [1/1] (0.38ns)   --->   "%store_ln712 = store i8 %DNA_shr_five_1, i8 %p_val2546_i20" [/home/deniz/Projects/SneakySnake/SneakySnake-HLS-HBM/hw/pipeline.cpp:712]   --->   Operation 150 'store' 'store_ln712' <Predicate = (or_ln706)> <Delay = 0.38>
ST_3 : Operation 151 [1/1] (0.00ns)   --->   "%br_ln640 = br void %for.body.split.i" [/home/deniz/Projects/SneakySnake/SneakySnake-HLS-HBM/hw/pipeline.cpp:640->/home/deniz/Projects/SneakySnake/SneakySnake-HLS-HBM/hw/pipeline.cpp:710]   --->   Operation 151 'br' 'br_ln640' <Predicate = (or_ln706)> <Delay = 0.00>
ST_3 : Operation 152 [1/1] (0.00ns)   --->   "%global_count_332_load = load i2 %global_count_332" [/home/deniz/Projects/SneakySnake/SneakySnake-HLS-HBM/hw/pipeline.cpp:706]   --->   Operation 152 'load' 'global_count_332_load' <Predicate = true> <Delay = 0.00>
ST_3 : Operation 153 [1/1] (0.00ns)   --->   "%p_val2546_i20_load = load i8 %p_val2546_i20" [/home/deniz/Projects/SneakySnake/SneakySnake-HLS-HBM/hw/pipeline.cpp:673->/home/deniz/Projects/SneakySnake/SneakySnake-HLS-HBM/hw/pipeline.cpp:710]   --->   Operation 153 'load' 'p_val2546_i20_load' <Predicate = true> <Delay = 0.00>
ST_3 : Operation 154 [1/1] (0.00ns)   --->   "%p_val2444_i21_load = load i8 %p_val2444_i21" [/home/deniz/Projects/SneakySnake/SneakySnake-HLS-HBM/hw/pipeline.cpp:672->/home/deniz/Projects/SneakySnake/SneakySnake-HLS-HBM/hw/pipeline.cpp:710]   --->   Operation 154 'load' 'p_val2444_i21_load' <Predicate = true> <Delay = 0.00>
ST_3 : Operation 155 [1/1] (0.00ns)   --->   "%p_val2342_i22_load = load i8 %p_val2342_i22" [/home/deniz/Projects/SneakySnake/SneakySnake-HLS-HBM/hw/pipeline.cpp:671->/home/deniz/Projects/SneakySnake/SneakySnake-HLS-HBM/hw/pipeline.cpp:710]   --->   Operation 155 'load' 'p_val2342_i22_load' <Predicate = true> <Delay = 0.00>
ST_3 : Operation 156 [1/1] (0.00ns)   --->   "%p_val2240_i23_load = load i8 %p_val2240_i23" [/home/deniz/Projects/SneakySnake/SneakySnake-HLS-HBM/hw/pipeline.cpp:670->/home/deniz/Projects/SneakySnake/SneakySnake-HLS-HBM/hw/pipeline.cpp:710]   --->   Operation 156 'load' 'p_val2240_i23_load' <Predicate = true> <Delay = 0.00>
ST_3 : Operation 157 [1/1] (0.00ns)   --->   "%p_val2138_i24_load = load i8 %p_val2138_i24" [/home/deniz/Projects/SneakySnake/SneakySnake-HLS-HBM/hw/pipeline.cpp:669->/home/deniz/Projects/SneakySnake/SneakySnake-HLS-HBM/hw/pipeline.cpp:710]   --->   Operation 157 'load' 'p_val2138_i24_load' <Predicate = true> <Delay = 0.00>
ST_3 : Operation 158 [1/1] (0.00ns)   --->   "%p_val2036_i25_load = load i8 %p_val2036_i25" [/home/deniz/Projects/SneakySnake/SneakySnake-HLS-HBM/hw/pipeline.cpp:668->/home/deniz/Projects/SneakySnake/SneakySnake-HLS-HBM/hw/pipeline.cpp:710]   --->   Operation 158 'load' 'p_val2036_i25_load' <Predicate = true> <Delay = 0.00>
ST_3 : Operation 159 [1/1] (0.00ns)   --->   "%p_val1934_i26_load = load i8 %p_val1934_i26" [/home/deniz/Projects/SneakySnake/SneakySnake-HLS-HBM/hw/pipeline.cpp:667->/home/deniz/Projects/SneakySnake/SneakySnake-HLS-HBM/hw/pipeline.cpp:710]   --->   Operation 159 'load' 'p_val1934_i26_load' <Predicate = true> <Delay = 0.00>
ST_3 : Operation 160 [1/1] (0.00ns)   --->   "%p_val1832_i27_load = load i8 %p_val1832_i27" [/home/deniz/Projects/SneakySnake/SneakySnake-HLS-HBM/hw/pipeline.cpp:666->/home/deniz/Projects/SneakySnake/SneakySnake-HLS-HBM/hw/pipeline.cpp:710]   --->   Operation 160 'load' 'p_val1832_i27_load' <Predicate = true> <Delay = 0.00>
ST_3 : Operation 161 [1/1] (0.00ns)   --->   "%p_val1730_i28_load = load i8 %p_val1730_i28" [/home/deniz/Projects/SneakySnake/SneakySnake-HLS-HBM/hw/pipeline.cpp:665->/home/deniz/Projects/SneakySnake/SneakySnake-HLS-HBM/hw/pipeline.cpp:710]   --->   Operation 161 'load' 'p_val1730_i28_load' <Predicate = true> <Delay = 0.00>
ST_3 : Operation 162 [1/1] (0.00ns)   --->   "%p_val1628_i29_load = load i8 %p_val1628_i29" [/home/deniz/Projects/SneakySnake/SneakySnake-HLS-HBM/hw/pipeline.cpp:664->/home/deniz/Projects/SneakySnake/SneakySnake-HLS-HBM/hw/pipeline.cpp:710]   --->   Operation 162 'load' 'p_val1628_i29_load' <Predicate = true> <Delay = 0.00>
ST_3 : Operation 163 [1/1] (0.00ns)   --->   "%p_val26_i30_load = load i8 %p_val26_i30" [/home/deniz/Projects/SneakySnake/SneakySnake-HLS-HBM/hw/pipeline.cpp:663->/home/deniz/Projects/SneakySnake/SneakySnake-HLS-HBM/hw/pipeline.cpp:710]   --->   Operation 163 'load' 'p_val26_i30_load' <Predicate = true> <Delay = 0.00>
ST_3 : Operation 164 [1/1] (0.00ns)   --->   "%specpipeline_ln643 = specpipeline void @_ssdm_op_SpecPipeline, i32 4294967295, i32 0, i32 0, i32 0, void @empty_2" [/home/deniz/Projects/SneakySnake/SneakySnake-HLS-HBM/hw/pipeline.cpp:643->/home/deniz/Projects/SneakySnake/SneakySnake-HLS-HBM/hw/pipeline.cpp:710]   --->   Operation 164 'specpipeline' 'specpipeline_ln643' <Predicate = true> <Delay = 0.00>
ST_3 : Operation 165 [1/1] (1.03ns)   --->   "%max = call i4 @count_one_bit, i8 %p_val26_i30_load" [/home/deniz/Projects/SneakySnake/SneakySnake-HLS-HBM/hw/pipeline.cpp:644->/home/deniz/Projects/SneakySnake/SneakySnake-HLS-HBM/hw/pipeline.cpp:710]   --->   Operation 165 'call' 'max' <Predicate = true> <Delay = 1.03> <CoreType = "Generic">   --->   Generic Core
ST_3 : Operation 166 [1/1] (1.03ns)   --->   "%tmp_8_i = call i4 @count_one_bit, i8 %p_val1628_i29_load" [/home/deniz/Projects/SneakySnake/SneakySnake-HLS-HBM/hw/pipeline.cpp:645->/home/deniz/Projects/SneakySnake/SneakySnake-HLS-HBM/hw/pipeline.cpp:710]   --->   Operation 166 'call' 'tmp_8_i' <Predicate = true> <Delay = 1.03> <CoreType = "Generic">   --->   Generic Core
ST_3 : Operation 167 [1/1] (1.03ns)   --->   "%max_2 = call i4 @count_one_bit, i8 %p_val1730_i28_load" [/home/deniz/Projects/SneakySnake/SneakySnake-HLS-HBM/hw/pipeline.cpp:646->/home/deniz/Projects/SneakySnake/SneakySnake-HLS-HBM/hw/pipeline.cpp:710]   --->   Operation 167 'call' 'max_2' <Predicate = true> <Delay = 1.03> <CoreType = "Generic">   --->   Generic Core
ST_3 : Operation 168 [1/1] (1.03ns)   --->   "%tmp_i = call i4 @count_one_bit, i8 %p_val1832_i27_load" [/home/deniz/Projects/SneakySnake/SneakySnake-HLS-HBM/hw/pipeline.cpp:647->/home/deniz/Projects/SneakySnake/SneakySnake-HLS-HBM/hw/pipeline.cpp:710]   --->   Operation 168 'call' 'tmp_i' <Predicate = true> <Delay = 1.03> <CoreType = "Generic">   --->   Generic Core
ST_3 : Operation 169 [1/1] (1.03ns)   --->   "%max_5 = call i4 @count_one_bit, i8 %p_val1934_i26_load" [/home/deniz/Projects/SneakySnake/SneakySnake-HLS-HBM/hw/pipeline.cpp:648->/home/deniz/Projects/SneakySnake/SneakySnake-HLS-HBM/hw/pipeline.cpp:710]   --->   Operation 169 'call' 'max_5' <Predicate = true> <Delay = 1.03> <CoreType = "Generic">   --->   Generic Core
ST_3 : Operation 170 [1/1] (1.03ns)   --->   "%tmp_1_i = call i4 @count_one_bit, i8 %p_val2036_i25_load" [/home/deniz/Projects/SneakySnake/SneakySnake-HLS-HBM/hw/pipeline.cpp:649->/home/deniz/Projects/SneakySnake/SneakySnake-HLS-HBM/hw/pipeline.cpp:710]   --->   Operation 170 'call' 'tmp_1_i' <Predicate = true> <Delay = 1.03> <CoreType = "Generic">   --->   Generic Core
ST_3 : Operation 171 [1/1] (1.03ns)   --->   "%max_8 = call i4 @count_one_bit, i8 %p_val2138_i24_load" [/home/deniz/Projects/SneakySnake/SneakySnake-HLS-HBM/hw/pipeline.cpp:650->/home/deniz/Projects/SneakySnake/SneakySnake-HLS-HBM/hw/pipeline.cpp:710]   --->   Operation 171 'call' 'max_8' <Predicate = true> <Delay = 1.03> <CoreType = "Generic">   --->   Generic Core
ST_3 : Operation 172 [1/1] (1.03ns)   --->   "%tmp_2_i = call i4 @count_one_bit, i8 %p_val2240_i23_load" [/home/deniz/Projects/SneakySnake/SneakySnake-HLS-HBM/hw/pipeline.cpp:651->/home/deniz/Projects/SneakySnake/SneakySnake-HLS-HBM/hw/pipeline.cpp:710]   --->   Operation 172 'call' 'tmp_2_i' <Predicate = true> <Delay = 1.03> <CoreType = "Generic">   --->   Generic Core
ST_3 : Operation 173 [1/1] (1.03ns)   --->   "%max_12 = call i4 @count_one_bit, i8 %p_val2342_i22_load" [/home/deniz/Projects/SneakySnake/SneakySnake-HLS-HBM/hw/pipeline.cpp:652->/home/deniz/Projects/SneakySnake/SneakySnake-HLS-HBM/hw/pipeline.cpp:710]   --->   Operation 173 'call' 'max_12' <Predicate = true> <Delay = 1.03> <CoreType = "Generic">   --->   Generic Core
ST_3 : Operation 174 [1/1] (1.03ns)   --->   "%tmp_3_i = call i4 @count_one_bit, i8 %p_val2444_i21_load" [/home/deniz/Projects/SneakySnake/SneakySnake-HLS-HBM/hw/pipeline.cpp:653->/home/deniz/Projects/SneakySnake/SneakySnake-HLS-HBM/hw/pipeline.cpp:710]   --->   Operation 174 'call' 'tmp_3_i' <Predicate = true> <Delay = 1.03> <CoreType = "Generic">   --->   Generic Core
ST_3 : Operation 175 [1/1] (1.03ns)   --->   "%max_11 = call i4 @count_one_bit, i8 %p_val2546_i20_load" [/home/deniz/Projects/SneakySnake/SneakySnake-HLS-HBM/hw/pipeline.cpp:654->/home/deniz/Projects/SneakySnake/SneakySnake-HLS-HBM/hw/pipeline.cpp:710]   --->   Operation 175 'call' 'max_11' <Predicate = true> <Delay = 1.03> <CoreType = "Generic">   --->   Generic Core
ST_3 : Operation 176 [1/1] (0.70ns)   --->   "%icmp_ln318 = icmp_ugt  i4 %tmp_8_i, i4 %max" [/home/deniz/Projects/SneakySnake/SneakySnake-HLS-HBM/hw/pipeline.cpp:318->/home/deniz/Projects/SneakySnake/SneakySnake-HLS-HBM/hw/pipeline.cpp:657->/home/deniz/Projects/SneakySnake/SneakySnake-HLS-HBM/hw/pipeline.cpp:710]   --->   Operation 176 'icmp' 'icmp_ln318' <Predicate = true> <Delay = 0.70> <CoreInst = "Cmp">   --->   Core 9 'Cmp' <Latency = 0> <II = 1> <Delay = 0.70> <FuncUnit> <Opcode : 'seteq' 'setne' 'setle' 'setge' 'setlt' 'setgt'> <InPorts = 2> <OutPorts = 1>
ST_3 : Operation 177 [1/1] (0.35ns)   --->   "%max_1 = select i1 %icmp_ln318, i4 %tmp_8_i, i4 %max" [/home/deniz/Projects/SneakySnake/SneakySnake-HLS-HBM/hw/pipeline.cpp:318->/home/deniz/Projects/SneakySnake/SneakySnake-HLS-HBM/hw/pipeline.cpp:657->/home/deniz/Projects/SneakySnake/SneakySnake-HLS-HBM/hw/pipeline.cpp:710]   --->   Operation 177 'select' 'max_1' <Predicate = true> <Delay = 0.35> <CoreInst = "Sel">   --->   Core 73 'Sel' <Latency = 0> <II = 1> <Delay = 0.35> <FuncUnit> <Opcode : 'select'> <InPorts = 3> <OutPorts = 1>
ST_3 : Operation 178 [1/1] (0.70ns)   --->   "%icmp_ln318_1 = icmp_ugt  i4 %max_2, i4 %max_1" [/home/deniz/Projects/SneakySnake/SneakySnake-HLS-HBM/hw/pipeline.cpp:318->/home/deniz/Projects/SneakySnake/SneakySnake-HLS-HBM/hw/pipeline.cpp:657->/home/deniz/Projects/SneakySnake/SneakySnake-HLS-HBM/hw/pipeline.cpp:710]   --->   Operation 178 'icmp' 'icmp_ln318_1' <Predicate = true> <Delay = 0.70> <CoreInst = "Cmp">   --->   Core 9 'Cmp' <Latency = 0> <II = 1> <Delay = 0.70> <FuncUnit> <Opcode : 'seteq' 'setne' 'setle' 'setge' 'setlt' 'setgt'> <InPorts = 2> <OutPorts = 1>
ST_3 : Operation 179 [1/1] (0.35ns)   --->   "%max_3 = select i1 %icmp_ln318_1, i4 %max_2, i4 %max_1" [/home/deniz/Projects/SneakySnake/SneakySnake-HLS-HBM/hw/pipeline.cpp:318->/home/deniz/Projects/SneakySnake/SneakySnake-HLS-HBM/hw/pipeline.cpp:657->/home/deniz/Projects/SneakySnake/SneakySnake-HLS-HBM/hw/pipeline.cpp:710]   --->   Operation 179 'select' 'max_3' <Predicate = true> <Delay = 0.35> <CoreInst = "Sel">   --->   Core 73 'Sel' <Latency = 0> <II = 1> <Delay = 0.35> <FuncUnit> <Opcode : 'select'> <InPorts = 3> <OutPorts = 1>
ST_3 : Operation 180 [1/1] (0.70ns)   --->   "%icmp_ln318_2 = icmp_ugt  i4 %tmp_i, i4 %max_3" [/home/deniz/Projects/SneakySnake/SneakySnake-HLS-HBM/hw/pipeline.cpp:318->/home/deniz/Projects/SneakySnake/SneakySnake-HLS-HBM/hw/pipeline.cpp:657->/home/deniz/Projects/SneakySnake/SneakySnake-HLS-HBM/hw/pipeline.cpp:710]   --->   Operation 180 'icmp' 'icmp_ln318_2' <Predicate = true> <Delay = 0.70> <CoreInst = "Cmp">   --->   Core 9 'Cmp' <Latency = 0> <II = 1> <Delay = 0.70> <FuncUnit> <Opcode : 'seteq' 'setne' 'setle' 'setge' 'setlt' 'setgt'> <InPorts = 2> <OutPorts = 1>
ST_3 : Operation 181 [1/1] (0.35ns)   --->   "%max_4 = select i1 %icmp_ln318_2, i4 %tmp_i, i4 %max_3" [/home/deniz/Projects/SneakySnake/SneakySnake-HLS-HBM/hw/pipeline.cpp:318->/home/deniz/Projects/SneakySnake/SneakySnake-HLS-HBM/hw/pipeline.cpp:657->/home/deniz/Projects/SneakySnake/SneakySnake-HLS-HBM/hw/pipeline.cpp:710]   --->   Operation 181 'select' 'max_4' <Predicate = true> <Delay = 0.35> <CoreInst = "Sel">   --->   Core 73 'Sel' <Latency = 0> <II = 1> <Delay = 0.35> <FuncUnit> <Opcode : 'select'> <InPorts = 3> <OutPorts = 1>
ST_3 : Operation 182 [1/1] (0.70ns)   --->   "%icmp_ln318_3 = icmp_ugt  i4 %max_5, i4 %max_4" [/home/deniz/Projects/SneakySnake/SneakySnake-HLS-HBM/hw/pipeline.cpp:318->/home/deniz/Projects/SneakySnake/SneakySnake-HLS-HBM/hw/pipeline.cpp:657->/home/deniz/Projects/SneakySnake/SneakySnake-HLS-HBM/hw/pipeline.cpp:710]   --->   Operation 182 'icmp' 'icmp_ln318_3' <Predicate = true> <Delay = 0.70> <CoreInst = "Cmp">   --->   Core 9 'Cmp' <Latency = 0> <II = 1> <Delay = 0.70> <FuncUnit> <Opcode : 'seteq' 'setne' 'setle' 'setge' 'setlt' 'setgt'> <InPorts = 2> <OutPorts = 1>
ST_3 : Operation 183 [1/1] (0.35ns)   --->   "%max_6 = select i1 %icmp_ln318_3, i4 %max_5, i4 %max_4" [/home/deniz/Projects/SneakySnake/SneakySnake-HLS-HBM/hw/pipeline.cpp:318->/home/deniz/Projects/SneakySnake/SneakySnake-HLS-HBM/hw/pipeline.cpp:657->/home/deniz/Projects/SneakySnake/SneakySnake-HLS-HBM/hw/pipeline.cpp:710]   --->   Operation 183 'select' 'max_6' <Predicate = true> <Delay = 0.35> <CoreInst = "Sel">   --->   Core 73 'Sel' <Latency = 0> <II = 1> <Delay = 0.35> <FuncUnit> <Opcode : 'select'> <InPorts = 3> <OutPorts = 1>
ST_3 : Operation 184 [1/1] (0.70ns)   --->   "%icmp_ln318_4 = icmp_ugt  i4 %tmp_1_i, i4 %max_6" [/home/deniz/Projects/SneakySnake/SneakySnake-HLS-HBM/hw/pipeline.cpp:318->/home/deniz/Projects/SneakySnake/SneakySnake-HLS-HBM/hw/pipeline.cpp:657->/home/deniz/Projects/SneakySnake/SneakySnake-HLS-HBM/hw/pipeline.cpp:710]   --->   Operation 184 'icmp' 'icmp_ln318_4' <Predicate = true> <Delay = 0.70> <CoreInst = "Cmp">   --->   Core 9 'Cmp' <Latency = 0> <II = 1> <Delay = 0.70> <FuncUnit> <Opcode : 'seteq' 'setne' 'setle' 'setge' 'setlt' 'setgt'> <InPorts = 2> <OutPorts = 1>
ST_3 : Operation 185 [1/1] (0.35ns)   --->   "%max_7 = select i1 %icmp_ln318_4, i4 %tmp_1_i, i4 %max_6" [/home/deniz/Projects/SneakySnake/SneakySnake-HLS-HBM/hw/pipeline.cpp:318->/home/deniz/Projects/SneakySnake/SneakySnake-HLS-HBM/hw/pipeline.cpp:657->/home/deniz/Projects/SneakySnake/SneakySnake-HLS-HBM/hw/pipeline.cpp:710]   --->   Operation 185 'select' 'max_7' <Predicate = true> <Delay = 0.35> <CoreInst = "Sel">   --->   Core 73 'Sel' <Latency = 0> <II = 1> <Delay = 0.35> <FuncUnit> <Opcode : 'select'> <InPorts = 3> <OutPorts = 1>
ST_3 : Operation 186 [1/1] (0.70ns)   --->   "%icmp_ln318_5 = icmp_ugt  i4 %max_8, i4 %max_7" [/home/deniz/Projects/SneakySnake/SneakySnake-HLS-HBM/hw/pipeline.cpp:318->/home/deniz/Projects/SneakySnake/SneakySnake-HLS-HBM/hw/pipeline.cpp:657->/home/deniz/Projects/SneakySnake/SneakySnake-HLS-HBM/hw/pipeline.cpp:710]   --->   Operation 186 'icmp' 'icmp_ln318_5' <Predicate = true> <Delay = 0.70> <CoreInst = "Cmp">   --->   Core 9 'Cmp' <Latency = 0> <II = 1> <Delay = 0.70> <FuncUnit> <Opcode : 'seteq' 'setne' 'setle' 'setge' 'setlt' 'setgt'> <InPorts = 2> <OutPorts = 1>
ST_3 : Operation 187 [1/1] (0.35ns)   --->   "%max_9 = select i1 %icmp_ln318_5, i4 %max_8, i4 %max_7" [/home/deniz/Projects/SneakySnake/SneakySnake-HLS-HBM/hw/pipeline.cpp:318->/home/deniz/Projects/SneakySnake/SneakySnake-HLS-HBM/hw/pipeline.cpp:657->/home/deniz/Projects/SneakySnake/SneakySnake-HLS-HBM/hw/pipeline.cpp:710]   --->   Operation 187 'select' 'max_9' <Predicate = true> <Delay = 0.35> <CoreInst = "Sel">   --->   Core 73 'Sel' <Latency = 0> <II = 1> <Delay = 0.35> <FuncUnit> <Opcode : 'select'> <InPorts = 3> <OutPorts = 1>
ST_3 : Operation 188 [1/1] (0.70ns)   --->   "%icmp_ln318_6 = icmp_ugt  i4 %tmp_2_i, i4 %max_9" [/home/deniz/Projects/SneakySnake/SneakySnake-HLS-HBM/hw/pipeline.cpp:318->/home/deniz/Projects/SneakySnake/SneakySnake-HLS-HBM/hw/pipeline.cpp:657->/home/deniz/Projects/SneakySnake/SneakySnake-HLS-HBM/hw/pipeline.cpp:710]   --->   Operation 188 'icmp' 'icmp_ln318_6' <Predicate = true> <Delay = 0.70> <CoreInst = "Cmp">   --->   Core 9 'Cmp' <Latency = 0> <II = 1> <Delay = 0.70> <FuncUnit> <Opcode : 'seteq' 'setne' 'setle' 'setge' 'setlt' 'setgt'> <InPorts = 2> <OutPorts = 1>
ST_3 : Operation 189 [1/1] (0.35ns)   --->   "%max_10 = select i1 %icmp_ln318_6, i4 %tmp_2_i, i4 %max_9" [/home/deniz/Projects/SneakySnake/SneakySnake-HLS-HBM/hw/pipeline.cpp:318->/home/deniz/Projects/SneakySnake/SneakySnake-HLS-HBM/hw/pipeline.cpp:657->/home/deniz/Projects/SneakySnake/SneakySnake-HLS-HBM/hw/pipeline.cpp:710]   --->   Operation 189 'select' 'max_10' <Predicate = true> <Delay = 0.35> <CoreInst = "Sel">   --->   Core 73 'Sel' <Latency = 0> <II = 1> <Delay = 0.35> <FuncUnit> <Opcode : 'select'> <InPorts = 3> <OutPorts = 1>
ST_3 : Operation 190 [1/1] (0.70ns)   --->   "%icmp_ln318_7 = icmp_ugt  i4 %max_12, i4 %max_10" [/home/deniz/Projects/SneakySnake/SneakySnake-HLS-HBM/hw/pipeline.cpp:318->/home/deniz/Projects/SneakySnake/SneakySnake-HLS-HBM/hw/pipeline.cpp:657->/home/deniz/Projects/SneakySnake/SneakySnake-HLS-HBM/hw/pipeline.cpp:710]   --->   Operation 190 'icmp' 'icmp_ln318_7' <Predicate = true> <Delay = 0.70> <CoreInst = "Cmp">   --->   Core 9 'Cmp' <Latency = 0> <II = 1> <Delay = 0.70> <FuncUnit> <Opcode : 'seteq' 'setne' 'setle' 'setge' 'setlt' 'setgt'> <InPorts = 2> <OutPorts = 1>
ST_3 : Operation 191 [1/1] (0.35ns)   --->   "%max_13 = select i1 %icmp_ln318_7, i4 %max_12, i4 %max_10" [/home/deniz/Projects/SneakySnake/SneakySnake-HLS-HBM/hw/pipeline.cpp:318->/home/deniz/Projects/SneakySnake/SneakySnake-HLS-HBM/hw/pipeline.cpp:657->/home/deniz/Projects/SneakySnake/SneakySnake-HLS-HBM/hw/pipeline.cpp:710]   --->   Operation 191 'select' 'max_13' <Predicate = true> <Delay = 0.35> <CoreInst = "Sel">   --->   Core 73 'Sel' <Latency = 0> <II = 1> <Delay = 0.35> <FuncUnit> <Opcode : 'select'> <InPorts = 3> <OutPorts = 1>
ST_3 : Operation 192 [1/1] (0.70ns)   --->   "%icmp_ln318_8 = icmp_ugt  i4 %tmp_3_i, i4 %max_13" [/home/deniz/Projects/SneakySnake/SneakySnake-HLS-HBM/hw/pipeline.cpp:318->/home/deniz/Projects/SneakySnake/SneakySnake-HLS-HBM/hw/pipeline.cpp:657->/home/deniz/Projects/SneakySnake/SneakySnake-HLS-HBM/hw/pipeline.cpp:710]   --->   Operation 192 'icmp' 'icmp_ln318_8' <Predicate = true> <Delay = 0.70> <CoreInst = "Cmp">   --->   Core 9 'Cmp' <Latency = 0> <II = 1> <Delay = 0.70> <FuncUnit> <Opcode : 'seteq' 'setne' 'setle' 'setge' 'setlt' 'setgt'> <InPorts = 2> <OutPorts = 1>
ST_3 : Operation 193 [1/1] (0.35ns)   --->   "%max_14 = select i1 %icmp_ln318_8, i4 %tmp_3_i, i4 %max_13" [/home/deniz/Projects/SneakySnake/SneakySnake-HLS-HBM/hw/pipeline.cpp:318->/home/deniz/Projects/SneakySnake/SneakySnake-HLS-HBM/hw/pipeline.cpp:657->/home/deniz/Projects/SneakySnake/SneakySnake-HLS-HBM/hw/pipeline.cpp:710]   --->   Operation 193 'select' 'max_14' <Predicate = true> <Delay = 0.35> <CoreInst = "Sel">   --->   Core 73 'Sel' <Latency = 0> <II = 1> <Delay = 0.35> <FuncUnit> <Opcode : 'select'> <InPorts = 3> <OutPorts = 1>
ST_3 : Operation 194 [1/1] (0.70ns)   --->   "%icmp_ln318_9 = icmp_ugt  i4 %max_11, i4 %max_14" [/home/deniz/Projects/SneakySnake/SneakySnake-HLS-HBM/hw/pipeline.cpp:318->/home/deniz/Projects/SneakySnake/SneakySnake-HLS-HBM/hw/pipeline.cpp:657->/home/deniz/Projects/SneakySnake/SneakySnake-HLS-HBM/hw/pipeline.cpp:710]   --->   Operation 194 'icmp' 'icmp_ln318_9' <Predicate = true> <Delay = 0.70> <CoreInst = "Cmp">   --->   Core 9 'Cmp' <Latency = 0> <II = 1> <Delay = 0.70> <FuncUnit> <Opcode : 'seteq' 'setne' 'setle' 'setge' 'setlt' 'setgt'> <InPorts = 2> <OutPorts = 1>
ST_3 : Operation 195 [1/1] (0.35ns)   --->   "%max_16 = select i1 %icmp_ln318_9, i4 %max_11, i4 %max_14" [/home/deniz/Projects/SneakySnake/SneakySnake-HLS-HBM/hw/pipeline.cpp:318->/home/deniz/Projects/SneakySnake/SneakySnake-HLS-HBM/hw/pipeline.cpp:657->/home/deniz/Projects/SneakySnake/SneakySnake-HLS-HBM/hw/pipeline.cpp:710]   --->   Operation 195 'select' 'max_16' <Predicate = true> <Delay = 0.35> <CoreInst = "Sel">   --->   Core 73 'Sel' <Latency = 0> <II = 1> <Delay = 0.35> <FuncUnit> <Opcode : 'select'> <InPorts = 3> <OutPorts = 1>
ST_3 : Operation 196 [1/1] (0.00ns)   --->   "%trunc_ln658 = trunc i4 %max_16" [/home/deniz/Projects/SneakySnake/SneakySnake-HLS-HBM/hw/pipeline.cpp:658->/home/deniz/Projects/SneakySnake/SneakySnake-HLS-HBM/hw/pipeline.cpp:710]   --->   Operation 196 'trunc' 'trunc_ln658' <Predicate = true> <Delay = 0.00>
ST_3 : Operation 197 [1/1] (0.00ns) (grouped into TernaryAdder)   --->   "%add_ln658 = add i2 %trunc_ln658, i2 1" [/home/deniz/Projects/SneakySnake/SneakySnake-HLS-HBM/hw/pipeline.cpp:658->/home/deniz/Projects/SneakySnake/SneakySnake-HLS-HBM/hw/pipeline.cpp:710]   --->   Operation 197 'add' 'add_ln658' <Predicate = true> <Delay = 0.00> <CoreInst = "TAddSub">   --->   Core 10 'TAddSub' <Latency = 0> <II = 1> <Delay = 0.07> <IPBlock> <Opcode : '' 'add' 'sub'> <InPorts = 3> <OutPorts = 1> <Sync> <CReg>
ST_3 : Operation 198 [1/1] (0.27ns)   --->   "%select_ln706 = select i1 %icmp_ln64033, i2 0, i2 %global_count_332_load" [/home/deniz/Projects/SneakySnake/SneakySnake-HLS-HBM/hw/pipeline.cpp:706]   --->   Operation 198 'select' 'select_ln706' <Predicate = true> <Delay = 0.27> <CoreInst = "Sel">   --->   Core 73 'Sel' <Latency = 0> <II = 1> <Delay = 0.27> <FuncUnit> <Opcode : 'select'> <InPorts = 3> <OutPorts = 1>
ST_3 : Operation 199 [1/1] (0.14ns) (root node of TernaryAdder)   --->   "%global_count_3 = add i2 %select_ln706, i2 %add_ln658" [/home/deniz/Projects/SneakySnake/SneakySnake-HLS-HBM/hw/pipeline.cpp:658->/home/deniz/Projects/SneakySnake/SneakySnake-HLS-HBM/hw/pipeline.cpp:710]   --->   Operation 199 'add' 'global_count_3' <Predicate = true> <Delay = 0.14> <CoreInst = "TAddSub">   --->   Core 10 'TAddSub' <Latency = 0> <II = 1> <Delay = 0.07> <IPBlock> <Opcode : '' 'add' 'sub'> <InPorts = 3> <OutPorts = 1> <Sync> <CReg>
ST_3 : Operation 200 [1/1] (0.00ns)   --->   "%max_16cast = zext i4 %max_16" [/home/deniz/Projects/SneakySnake/SneakySnake-HLS-HBM/hw/pipeline.cpp:663->/home/deniz/Projects/SneakySnake/SneakySnake-HLS-HBM/hw/pipeline.cpp:710]   --->   Operation 200 'zext' 'max_16cast' <Predicate = true> <Delay = 0.00>
ST_3 : Operation 201 [1/1] (0.70ns)   --->   "%shl_ln663 = shl i8 %p_val26_i30_load, i8 %max_16cast" [/home/deniz/Projects/SneakySnake/SneakySnake-HLS-HBM/hw/pipeline.cpp:663->/home/deniz/Projects/SneakySnake/SneakySnake-HLS-HBM/hw/pipeline.cpp:710]   --->   Operation 201 'shl' 'shl_ln663' <Predicate = true> <Delay = 0.70> <CoreInst = "Shifter">   --->   Core 75 'Shifter' <Latency = 0> <II = 1> <Delay = 0.70> <FuncUnit> <Opcode : 'shl' 'lshr' 'ashr'> <InPorts = 2> <OutPorts = 1>
ST_3 : Operation 202 [1/1] (0.00ns)   --->   "%max_16cast161 = zext i4 %max_16" [/home/deniz/Projects/SneakySnake/SneakySnake-HLS-HBM/hw/pipeline.cpp:664->/home/deniz/Projects/SneakySnake/SneakySnake-HLS-HBM/hw/pipeline.cpp:710]   --->   Operation 202 'zext' 'max_16cast161' <Predicate = true> <Delay = 0.00>
ST_3 : Operation 203 [1/1] (0.70ns)   --->   "%shl_ln664 = shl i8 %p_val1628_i29_load, i8 %max_16cast161" [/home/deniz/Projects/SneakySnake/SneakySnake-HLS-HBM/hw/pipeline.cpp:664->/home/deniz/Projects/SneakySnake/SneakySnake-HLS-HBM/hw/pipeline.cpp:710]   --->   Operation 203 'shl' 'shl_ln664' <Predicate = true> <Delay = 0.70> <CoreInst = "Shifter">   --->   Core 75 'Shifter' <Latency = 0> <II = 1> <Delay = 0.70> <FuncUnit> <Opcode : 'shl' 'lshr' 'ashr'> <InPorts = 2> <OutPorts = 1>
ST_3 : Operation 204 [1/1] (0.00ns)   --->   "%max_16cast162 = zext i4 %max_16" [/home/deniz/Projects/SneakySnake/SneakySnake-HLS-HBM/hw/pipeline.cpp:665->/home/deniz/Projects/SneakySnake/SneakySnake-HLS-HBM/hw/pipeline.cpp:710]   --->   Operation 204 'zext' 'max_16cast162' <Predicate = true> <Delay = 0.00>
ST_3 : Operation 205 [1/1] (0.70ns)   --->   "%shl_ln665 = shl i8 %p_val1730_i28_load, i8 %max_16cast162" [/home/deniz/Projects/SneakySnake/SneakySnake-HLS-HBM/hw/pipeline.cpp:665->/home/deniz/Projects/SneakySnake/SneakySnake-HLS-HBM/hw/pipeline.cpp:710]   --->   Operation 205 'shl' 'shl_ln665' <Predicate = true> <Delay = 0.70> <CoreInst = "Shifter">   --->   Core 75 'Shifter' <Latency = 0> <II = 1> <Delay = 0.70> <FuncUnit> <Opcode : 'shl' 'lshr' 'ashr'> <InPorts = 2> <OutPorts = 1>
ST_3 : Operation 206 [1/1] (0.00ns)   --->   "%max_16cast163 = zext i4 %max_16" [/home/deniz/Projects/SneakySnake/SneakySnake-HLS-HBM/hw/pipeline.cpp:666->/home/deniz/Projects/SneakySnake/SneakySnake-HLS-HBM/hw/pipeline.cpp:710]   --->   Operation 206 'zext' 'max_16cast163' <Predicate = true> <Delay = 0.00>
ST_3 : Operation 207 [1/1] (0.70ns)   --->   "%shl_ln666 = shl i8 %p_val1832_i27_load, i8 %max_16cast163" [/home/deniz/Projects/SneakySnake/SneakySnake-HLS-HBM/hw/pipeline.cpp:666->/home/deniz/Projects/SneakySnake/SneakySnake-HLS-HBM/hw/pipeline.cpp:710]   --->   Operation 207 'shl' 'shl_ln666' <Predicate = true> <Delay = 0.70> <CoreInst = "Shifter">   --->   Core 75 'Shifter' <Latency = 0> <II = 1> <Delay = 0.70> <FuncUnit> <Opcode : 'shl' 'lshr' 'ashr'> <InPorts = 2> <OutPorts = 1>
ST_3 : Operation 208 [1/1] (0.00ns)   --->   "%max_16cast164 = zext i4 %max_16" [/home/deniz/Projects/SneakySnake/SneakySnake-HLS-HBM/hw/pipeline.cpp:667->/home/deniz/Projects/SneakySnake/SneakySnake-HLS-HBM/hw/pipeline.cpp:710]   --->   Operation 208 'zext' 'max_16cast164' <Predicate = true> <Delay = 0.00>
ST_3 : Operation 209 [1/1] (0.70ns)   --->   "%shl_ln667 = shl i8 %p_val1934_i26_load, i8 %max_16cast164" [/home/deniz/Projects/SneakySnake/SneakySnake-HLS-HBM/hw/pipeline.cpp:667->/home/deniz/Projects/SneakySnake/SneakySnake-HLS-HBM/hw/pipeline.cpp:710]   --->   Operation 209 'shl' 'shl_ln667' <Predicate = true> <Delay = 0.70> <CoreInst = "Shifter">   --->   Core 75 'Shifter' <Latency = 0> <II = 1> <Delay = 0.70> <FuncUnit> <Opcode : 'shl' 'lshr' 'ashr'> <InPorts = 2> <OutPorts = 1>
ST_3 : Operation 210 [1/1] (0.00ns)   --->   "%max_16cast165 = zext i4 %max_16" [/home/deniz/Projects/SneakySnake/SneakySnake-HLS-HBM/hw/pipeline.cpp:668->/home/deniz/Projects/SneakySnake/SneakySnake-HLS-HBM/hw/pipeline.cpp:710]   --->   Operation 210 'zext' 'max_16cast165' <Predicate = true> <Delay = 0.00>
ST_3 : Operation 211 [1/1] (0.70ns)   --->   "%shl_ln668 = shl i8 %p_val2036_i25_load, i8 %max_16cast165" [/home/deniz/Projects/SneakySnake/SneakySnake-HLS-HBM/hw/pipeline.cpp:668->/home/deniz/Projects/SneakySnake/SneakySnake-HLS-HBM/hw/pipeline.cpp:710]   --->   Operation 211 'shl' 'shl_ln668' <Predicate = true> <Delay = 0.70> <CoreInst = "Shifter">   --->   Core 75 'Shifter' <Latency = 0> <II = 1> <Delay = 0.70> <FuncUnit> <Opcode : 'shl' 'lshr' 'ashr'> <InPorts = 2> <OutPorts = 1>
ST_3 : Operation 212 [1/1] (0.00ns)   --->   "%max_16cast166 = zext i4 %max_16" [/home/deniz/Projects/SneakySnake/SneakySnake-HLS-HBM/hw/pipeline.cpp:669->/home/deniz/Projects/SneakySnake/SneakySnake-HLS-HBM/hw/pipeline.cpp:710]   --->   Operation 212 'zext' 'max_16cast166' <Predicate = true> <Delay = 0.00>
ST_3 : Operation 213 [1/1] (0.70ns)   --->   "%shl_ln669 = shl i8 %p_val2138_i24_load, i8 %max_16cast166" [/home/deniz/Projects/SneakySnake/SneakySnake-HLS-HBM/hw/pipeline.cpp:669->/home/deniz/Projects/SneakySnake/SneakySnake-HLS-HBM/hw/pipeline.cpp:710]   --->   Operation 213 'shl' 'shl_ln669' <Predicate = true> <Delay = 0.70> <CoreInst = "Shifter">   --->   Core 75 'Shifter' <Latency = 0> <II = 1> <Delay = 0.70> <FuncUnit> <Opcode : 'shl' 'lshr' 'ashr'> <InPorts = 2> <OutPorts = 1>
ST_3 : Operation 214 [1/1] (0.00ns)   --->   "%max_16cast167 = zext i4 %max_16" [/home/deniz/Projects/SneakySnake/SneakySnake-HLS-HBM/hw/pipeline.cpp:670->/home/deniz/Projects/SneakySnake/SneakySnake-HLS-HBM/hw/pipeline.cpp:710]   --->   Operation 214 'zext' 'max_16cast167' <Predicate = true> <Delay = 0.00>
ST_3 : Operation 215 [1/1] (0.70ns)   --->   "%shl_ln670 = shl i8 %p_val2240_i23_load, i8 %max_16cast167" [/home/deniz/Projects/SneakySnake/SneakySnake-HLS-HBM/hw/pipeline.cpp:670->/home/deniz/Projects/SneakySnake/SneakySnake-HLS-HBM/hw/pipeline.cpp:710]   --->   Operation 215 'shl' 'shl_ln670' <Predicate = true> <Delay = 0.70> <CoreInst = "Shifter">   --->   Core 75 'Shifter' <Latency = 0> <II = 1> <Delay = 0.70> <FuncUnit> <Opcode : 'shl' 'lshr' 'ashr'> <InPorts = 2> <OutPorts = 1>
ST_3 : Operation 216 [1/1] (0.00ns)   --->   "%max_16cast168 = zext i4 %max_16" [/home/deniz/Projects/SneakySnake/SneakySnake-HLS-HBM/hw/pipeline.cpp:671->/home/deniz/Projects/SneakySnake/SneakySnake-HLS-HBM/hw/pipeline.cpp:710]   --->   Operation 216 'zext' 'max_16cast168' <Predicate = true> <Delay = 0.00>
ST_3 : Operation 217 [1/1] (0.70ns)   --->   "%shl_ln671 = shl i8 %p_val2342_i22_load, i8 %max_16cast168" [/home/deniz/Projects/SneakySnake/SneakySnake-HLS-HBM/hw/pipeline.cpp:671->/home/deniz/Projects/SneakySnake/SneakySnake-HLS-HBM/hw/pipeline.cpp:710]   --->   Operation 217 'shl' 'shl_ln671' <Predicate = true> <Delay = 0.70> <CoreInst = "Shifter">   --->   Core 75 'Shifter' <Latency = 0> <II = 1> <Delay = 0.70> <FuncUnit> <Opcode : 'shl' 'lshr' 'ashr'> <InPorts = 2> <OutPorts = 1>
ST_3 : Operation 218 [1/1] (0.00ns)   --->   "%max_16cast169 = zext i4 %max_16" [/home/deniz/Projects/SneakySnake/SneakySnake-HLS-HBM/hw/pipeline.cpp:672->/home/deniz/Projects/SneakySnake/SneakySnake-HLS-HBM/hw/pipeline.cpp:710]   --->   Operation 218 'zext' 'max_16cast169' <Predicate = true> <Delay = 0.00>
ST_3 : Operation 219 [1/1] (0.70ns)   --->   "%shl_ln672 = shl i8 %p_val2444_i21_load, i8 %max_16cast169" [/home/deniz/Projects/SneakySnake/SneakySnake-HLS-HBM/hw/pipeline.cpp:672->/home/deniz/Projects/SneakySnake/SneakySnake-HLS-HBM/hw/pipeline.cpp:710]   --->   Operation 219 'shl' 'shl_ln672' <Predicate = true> <Delay = 0.70> <CoreInst = "Shifter">   --->   Core 75 'Shifter' <Latency = 0> <II = 1> <Delay = 0.70> <FuncUnit> <Opcode : 'shl' 'lshr' 'ashr'> <InPorts = 2> <OutPorts = 1>
ST_3 : Operation 220 [1/1] (0.00ns)   --->   "%max_16cast170 = zext i4 %max_16" [/home/deniz/Projects/SneakySnake/SneakySnake-HLS-HBM/hw/pipeline.cpp:673->/home/deniz/Projects/SneakySnake/SneakySnake-HLS-HBM/hw/pipeline.cpp:710]   --->   Operation 220 'zext' 'max_16cast170' <Predicate = true> <Delay = 0.00>
ST_3 : Operation 221 [1/1] (0.70ns)   --->   "%shl_ln673 = shl i8 %p_val2546_i20_load, i8 %max_16cast170" [/home/deniz/Projects/SneakySnake/SneakySnake-HLS-HBM/hw/pipeline.cpp:673->/home/deniz/Projects/SneakySnake/SneakySnake-HLS-HBM/hw/pipeline.cpp:710]   --->   Operation 221 'shl' 'shl_ln673' <Predicate = true> <Delay = 0.70> <CoreInst = "Shifter">   --->   Core 75 'Shifter' <Latency = 0> <II = 1> <Delay = 0.70> <FuncUnit> <Opcode : 'shl' 'lshr' 'ashr'> <InPorts = 2> <OutPorts = 1>
ST_3 : Operation 222 [1/1] (0.43ns)   --->   "%add_ln640 = add i2 %iter31_load, i2 1" [/home/deniz/Projects/SneakySnake/SneakySnake-HLS-HBM/hw/pipeline.cpp:640->/home/deniz/Projects/SneakySnake/SneakySnake-HLS-HBM/hw/pipeline.cpp:710]   --->   Operation 222 'add' 'add_ln640' <Predicate = true> <Delay = 0.43> <CoreInst = "Adder">   --->   Core 1 'Adder' <Latency = 0> <II = 1> <Delay = 0.43> <FuncUnit> <Opcode : 'add' 'sub'> <InPorts = 2> <OutPorts = 1>
ST_3 : Operation 223 [1/1] (0.27ns)   --->   "%iter = select i1 %icmp_ln64033, i2 1, i2 %add_ln640" [/home/deniz/Projects/SneakySnake/SneakySnake-HLS-HBM/hw/pipeline.cpp:640->/home/deniz/Projects/SneakySnake/SneakySnake-HLS-HBM/hw/pipeline.cpp:710]   --->   Operation 223 'select' 'iter' <Predicate = true> <Delay = 0.27> <CoreInst = "Sel">   --->   Core 73 'Sel' <Latency = 0> <II = 1> <Delay = 0.27> <FuncUnit> <Opcode : 'select'> <InPorts = 3> <OutPorts = 1>
ST_3 : Operation 224 [1/1] (0.43ns)   --->   "%global_count = add i2 %global_count_3, i2 %global_count_2" [/home/deniz/Projects/SneakySnake/SneakySnake-HLS-HBM/hw/pipeline.cpp:710]   --->   Operation 224 'add' 'global_count' <Predicate = true> <Delay = 0.43> <CoreInst = "Adder">   --->   Core 1 'Adder' <Latency = 0> <II = 1> <Delay = 0.43> <FuncUnit> <Opcode : 'add' 'sub'> <InPorts = 2> <OutPorts = 1>
ST_3 : Operation 225 [1/1] (0.43ns)   --->   "%icmp_ln640 = icmp_eq  i2 %iter, i2 3" [/home/deniz/Projects/SneakySnake/SneakySnake-HLS-HBM/hw/pipeline.cpp:640->/home/deniz/Projects/SneakySnake/SneakySnake-HLS-HBM/hw/pipeline.cpp:710]   --->   Operation 225 'icmp' 'icmp_ln640' <Predicate = true> <Delay = 0.43> <CoreInst = "Cmp">   --->   Core 9 'Cmp' <Latency = 0> <II = 1> <Delay = 0.43> <FuncUnit> <Opcode : 'seteq' 'setne' 'setle' 'setge' 'setlt' 'setgt'> <InPorts = 2> <OutPorts = 1>
ST_3 : Operation 226 [1/1] (0.70ns)   --->   "%i = add i4 %i_2, i4 1" [/home/deniz/Projects/SneakySnake/SneakySnake-HLS-HBM/hw/pipeline.cpp:707]   --->   Operation 226 'add' 'i' <Predicate = true> <Delay = 0.70> <CoreInst = "Adder">   --->   Core 1 'Adder' <Latency = 0> <II = 1> <Delay = 0.70> <FuncUnit> <Opcode : 'add' 'sub'> <InPorts = 2> <OutPorts = 1>
ST_3 : Operation 227 [1/1] (0.70ns)   --->   "%icmp_ln707 = icmp_eq  i6 %indvar_flatten14_load, i6 35" [/home/deniz/Projects/SneakySnake/SneakySnake-HLS-HBM/hw/pipeline.cpp:707]   --->   Operation 227 'icmp' 'icmp_ln707' <Predicate = true> <Delay = 0.70> <CoreInst = "Cmp">   --->   Core 9 'Cmp' <Latency = 0> <II = 1> <Delay = 0.70> <FuncUnit> <Opcode : 'seteq' 'setne' 'setle' 'setge' 'setlt' 'setgt'> <InPorts = 2> <OutPorts = 1>
ST_3 : Operation 228 [1/1] (0.38ns)   --->   "%store_ln663 = store i8 %shl_ln663, i8 %p_val26_i30" [/home/deniz/Projects/SneakySnake/SneakySnake-HLS-HBM/hw/pipeline.cpp:663->/home/deniz/Projects/SneakySnake/SneakySnake-HLS-HBM/hw/pipeline.cpp:710]   --->   Operation 228 'store' 'store_ln663' <Predicate = true> <Delay = 0.38>
ST_3 : Operation 229 [1/1] (0.38ns)   --->   "%store_ln664 = store i8 %shl_ln664, i8 %p_val1628_i29" [/home/deniz/Projects/SneakySnake/SneakySnake-HLS-HBM/hw/pipeline.cpp:664->/home/deniz/Projects/SneakySnake/SneakySnake-HLS-HBM/hw/pipeline.cpp:710]   --->   Operation 229 'store' 'store_ln664' <Predicate = true> <Delay = 0.38>
ST_3 : Operation 230 [1/1] (0.38ns)   --->   "%store_ln665 = store i8 %shl_ln665, i8 %p_val1730_i28" [/home/deniz/Projects/SneakySnake/SneakySnake-HLS-HBM/hw/pipeline.cpp:665->/home/deniz/Projects/SneakySnake/SneakySnake-HLS-HBM/hw/pipeline.cpp:710]   --->   Operation 230 'store' 'store_ln665' <Predicate = true> <Delay = 0.38>
ST_3 : Operation 231 [1/1] (0.38ns)   --->   "%store_ln666 = store i8 %shl_ln666, i8 %p_val1832_i27" [/home/deniz/Projects/SneakySnake/SneakySnake-HLS-HBM/hw/pipeline.cpp:666->/home/deniz/Projects/SneakySnake/SneakySnake-HLS-HBM/hw/pipeline.cpp:710]   --->   Operation 231 'store' 'store_ln666' <Predicate = true> <Delay = 0.38>
ST_3 : Operation 232 [1/1] (0.38ns)   --->   "%store_ln667 = store i8 %shl_ln667, i8 %p_val1934_i26" [/home/deniz/Projects/SneakySnake/SneakySnake-HLS-HBM/hw/pipeline.cpp:667->/home/deniz/Projects/SneakySnake/SneakySnake-HLS-HBM/hw/pipeline.cpp:710]   --->   Operation 232 'store' 'store_ln667' <Predicate = true> <Delay = 0.38>
ST_3 : Operation 233 [1/1] (0.38ns)   --->   "%store_ln668 = store i8 %shl_ln668, i8 %p_val2036_i25" [/home/deniz/Projects/SneakySnake/SneakySnake-HLS-HBM/hw/pipeline.cpp:668->/home/deniz/Projects/SneakySnake/SneakySnake-HLS-HBM/hw/pipeline.cpp:710]   --->   Operation 233 'store' 'store_ln668' <Predicate = true> <Delay = 0.38>
ST_3 : Operation 234 [1/1] (0.38ns)   --->   "%store_ln669 = store i8 %shl_ln669, i8 %p_val2138_i24" [/home/deniz/Projects/SneakySnake/SneakySnake-HLS-HBM/hw/pipeline.cpp:669->/home/deniz/Projects/SneakySnake/SneakySnake-HLS-HBM/hw/pipeline.cpp:710]   --->   Operation 234 'store' 'store_ln669' <Predicate = true> <Delay = 0.38>
ST_3 : Operation 235 [1/1] (0.38ns)   --->   "%store_ln670 = store i8 %shl_ln670, i8 %p_val2240_i23" [/home/deniz/Projects/SneakySnake/SneakySnake-HLS-HBM/hw/pipeline.cpp:670->/home/deniz/Projects/SneakySnake/SneakySnake-HLS-HBM/hw/pipeline.cpp:710]   --->   Operation 235 'store' 'store_ln670' <Predicate = true> <Delay = 0.38>
ST_3 : Operation 236 [1/1] (0.38ns)   --->   "%store_ln671 = store i8 %shl_ln671, i8 %p_val2342_i22" [/home/deniz/Projects/SneakySnake/SneakySnake-HLS-HBM/hw/pipeline.cpp:671->/home/deniz/Projects/SneakySnake/SneakySnake-HLS-HBM/hw/pipeline.cpp:710]   --->   Operation 236 'store' 'store_ln671' <Predicate = true> <Delay = 0.38>
ST_3 : Operation 237 [1/1] (0.38ns)   --->   "%store_ln672 = store i8 %shl_ln672, i8 %p_val2444_i21" [/home/deniz/Projects/SneakySnake/SneakySnake-HLS-HBM/hw/pipeline.cpp:672->/home/deniz/Projects/SneakySnake/SneakySnake-HLS-HBM/hw/pipeline.cpp:710]   --->   Operation 237 'store' 'store_ln672' <Predicate = true> <Delay = 0.38>
ST_3 : Operation 238 [1/1] (0.38ns)   --->   "%store_ln673 = store i8 %shl_ln673, i8 %p_val2546_i20" [/home/deniz/Projects/SneakySnake/SneakySnake-HLS-HBM/hw/pipeline.cpp:673->/home/deniz/Projects/SneakySnake/SneakySnake-HLS-HBM/hw/pipeline.cpp:710]   --->   Operation 238 'store' 'store_ln673' <Predicate = true> <Delay = 0.38>
ST_3 : Operation 239 [1/1] (0.38ns)   --->   "%store_ln707 = store i4 %i, i4 %i_134" [/home/deniz/Projects/SneakySnake/SneakySnake-HLS-HBM/hw/pipeline.cpp:707]   --->   Operation 239 'store' 'store_ln707' <Predicate = true> <Delay = 0.38>
ST_3 : Operation 240 [1/1] (0.38ns)   --->   "%store_ln658 = store i2 %global_count_3, i2 %global_count_332" [/home/deniz/Projects/SneakySnake/SneakySnake-HLS-HBM/hw/pipeline.cpp:658->/home/deniz/Projects/SneakySnake/SneakySnake-HLS-HBM/hw/pipeline.cpp:710]   --->   Operation 240 'store' 'store_ln658' <Predicate = true> <Delay = 0.38>
ST_3 : Operation 241 [1/1] (0.38ns)   --->   "%store_ln640 = store i2 %iter, i2 %iter31" [/home/deniz/Projects/SneakySnake/SneakySnake-HLS-HBM/hw/pipeline.cpp:640->/home/deniz/Projects/SneakySnake/SneakySnake-HLS-HBM/hw/pipeline.cpp:710]   --->   Operation 241 'store' 'store_ln640' <Predicate = true> <Delay = 0.38>
ST_3 : Operation 242 [1/1] (0.00ns)   --->   "%store_ln710 = store i2 %global_count, i2 %global_count_21218" [/home/deniz/Projects/SneakySnake/SneakySnake-HLS-HBM/hw/pipeline.cpp:710]   --->   Operation 242 'store' 'store_ln710' <Predicate = true> <Delay = 0.00>
ST_3 : Operation 243 [1/1] (0.38ns)   --->   "%store_ln707 = store i2 %global_count_2, i2 %global_count16" [/home/deniz/Projects/SneakySnake/SneakySnake-HLS-HBM/hw/pipeline.cpp:707]   --->   Operation 243 'store' 'store_ln707' <Predicate = true> <Delay = 0.38>
ST_3 : Operation 244 [1/1] (0.38ns)   --->   "%store_ln707 = store i4 %i_2, i4 %i15" [/home/deniz/Projects/SneakySnake/SneakySnake-HLS-HBM/hw/pipeline.cpp:707]   --->   Operation 244 'store' 'store_ln707' <Predicate = true> <Delay = 0.38>
ST_3 : Operation 245 [1/1] (0.38ns)   --->   "%store_ln707 = store i6 %add_ln707, i6 %indvar_flatten14" [/home/deniz/Projects/SneakySnake/SneakySnake-HLS-HBM/hw/pipeline.cpp:707]   --->   Operation 245 'store' 'store_ln707' <Predicate = true> <Delay = 0.38>
ST_3 : Operation 246 [1/1] (0.00ns)   --->   "%br_ln707 = br i1 %icmp_ln707, void %after_neighbohood.exit, void %for.end" [/home/deniz/Projects/SneakySnake/SneakySnake-HLS-HBM/hw/pipeline.cpp:707]   --->   Operation 246 'br' 'br_ln707' <Predicate = true> <Delay = 0.00>

State 4 <SV = 3> <Delay = 0.38>
ST_4 : Operation 247 [1/1] (0.00ns)   --->   "%zext_ln717 = zext i2 %global_count" [/home/deniz/Projects/SneakySnake/SneakySnake-HLS-HBM/hw/pipeline.cpp:717]   --->   Operation 247 'zext' 'zext_ln717' <Predicate = true> <Delay = 0.00>
ST_4 : Operation 248 [1/1] (0.38ns)   --->   "%ret_ln717 = ret i32 %zext_ln717" [/home/deniz/Projects/SneakySnake/SneakySnake-HLS-HBM/hw/pipeline.cpp:717]   --->   Operation 248 'ret' 'ret_ln717' <Predicate = true> <Delay = 0.38>


============================================================
+ Verbose Summary: Timing violations
============================================================
Target clock period: 50.000ns, clock uncertainty: 6.000ns.

 <State 1>: 3.025ns
The critical path consists of the following:
	wire read operation ('ReadSeq_read') on port 'ReadSeq' [43]  (1.000 ns)
	'call' operation 1408 bit ('call_ret', /home/deniz/Projects/SneakySnake/SneakySnake-HLS-HBM/hw/pipeline.cpp:701) to 'NeighborhoodMap_bit' [45]  (2.025 ns)

 <State 2>: 0.387ns
The critical path consists of the following:
	multiplexor before 'phi' operation 1 bit ('icmp_ln64033', /home/deniz/Projects/SneakySnake/SneakySnake-HLS-HBM/hw/pipeline.cpp:640->/home/deniz/Projects/SneakySnake/SneakySnake-HLS-HBM/hw/pipeline.cpp:710) with incoming values : ('icmp_ln640', /home/deniz/Projects/SneakySnake/SneakySnake-HLS-HBM/hw/pipeline.cpp:640->/home/deniz/Projects/SneakySnake/SneakySnake-HLS-HBM/hw/pipeline.cpp:710) [65]  (0.387 ns)

 <State 3>: 15.877ns
The critical path consists of the following:
	'phi' operation 1 bit ('icmp_ln64033', /home/deniz/Projects/SneakySnake/SneakySnake-HLS-HBM/hw/pipeline.cpp:640->/home/deniz/Projects/SneakySnake/SneakySnake-HLS-HBM/hw/pipeline.cpp:710) with incoming values : ('icmp_ln640', /home/deniz/Projects/SneakySnake/SneakySnake-HLS-HBM/hw/pipeline.cpp:640->/home/deniz/Projects/SneakySnake/SneakySnake-HLS-HBM/hw/pipeline.cpp:710) [65]  (0.000 ns)
	'select' operation 4 bit ('i', /home/deniz/Projects/SneakySnake/SneakySnake-HLS-HBM/hw/pipeline.cpp:707) [76]  (0.351 ns)
	'icmp' operation 1 bit ('icmp_ln710', /home/deniz/Projects/SneakySnake/SneakySnake-HLS-HBM/hw/pipeline.cpp:710) [79]  (0.706 ns)
	'select' operation 7 bit ('select_ln710_1', /home/deniz/Projects/SneakySnake/SneakySnake-HLS-HBM/hw/pipeline.cpp:710) [83]  (0.308 ns)
	'lshr' operation 128 bit ('lshr_ln710', /home/deniz/Projects/SneakySnake/SneakySnake-HLS-HBM/hw/pipeline.cpp:710) [85]  (1.175 ns)
	'and' operation 8 bit ('DNA_nsh', /home/deniz/Projects/SneakySnake/SneakySnake-HLS-HBM/hw/pipeline.cpp:710) [88]  (0.228 ns)
	'store' operation 0 bit ('store_ln710', /home/deniz/Projects/SneakySnake/SneakySnake-HLS-HBM/hw/pipeline.cpp:710) of variable 'DNA_nsh', /home/deniz/Projects/SneakySnake/SneakySnake-HLS-HBM/hw/pipeline.cpp:710 on local variable 'p_val26_i30' [142]  (0.387 ns)
	'load' operation 8 bit ('p_val26_i30_load', /home/deniz/Projects/SneakySnake/SneakySnake-HLS-HBM/hw/pipeline.cpp:663->/home/deniz/Projects/SneakySnake/SneakySnake-HLS-HBM/hw/pipeline.cpp:710) on local variable 'p_val26_i30' [166]  (0.000 ns)
	'call' operation 4 bit ('max', /home/deniz/Projects/SneakySnake/SneakySnake-HLS-HBM/hw/pipeline.cpp:644->/home/deniz/Projects/SneakySnake/SneakySnake-HLS-HBM/hw/pipeline.cpp:710) to 'count_one_bit' [168]  (1.039 ns)
	'icmp' operation 1 bit ('icmp_ln318', /home/deniz/Projects/SneakySnake/SneakySnake-HLS-HBM/hw/pipeline.cpp:318->/home/deniz/Projects/SneakySnake/SneakySnake-HLS-HBM/hw/pipeline.cpp:657->/home/deniz/Projects/SneakySnake/SneakySnake-HLS-HBM/hw/pipeline.cpp:710) [179]  (0.708 ns)
	'select' operation 4 bit ('max', /home/deniz/Projects/SneakySnake/SneakySnake-HLS-HBM/hw/pipeline.cpp:318->/home/deniz/Projects/SneakySnake/SneakySnake-HLS-HBM/hw/pipeline.cpp:657->/home/deniz/Projects/SneakySnake/SneakySnake-HLS-HBM/hw/pipeline.cpp:710) [180]  (0.351 ns)
	'icmp' operation 1 bit ('icmp_ln318_1', /home/deniz/Projects/SneakySnake/SneakySnake-HLS-HBM/hw/pipeline.cpp:318->/home/deniz/Projects/SneakySnake/SneakySnake-HLS-HBM/hw/pipeline.cpp:657->/home/deniz/Projects/SneakySnake/SneakySnake-HLS-HBM/hw/pipeline.cpp:710) [181]  (0.708 ns)
	'select' operation 4 bit ('max', /home/deniz/Projects/SneakySnake/SneakySnake-HLS-HBM/hw/pipeline.cpp:318->/home/deniz/Projects/SneakySnake/SneakySnake-HLS-HBM/hw/pipeline.cpp:657->/home/deniz/Projects/SneakySnake/SneakySnake-HLS-HBM/hw/pipeline.cpp:710) [182]  (0.351 ns)
	'icmp' operation 1 bit ('icmp_ln318_2', /home/deniz/Projects/SneakySnake/SneakySnake-HLS-HBM/hw/pipeline.cpp:318->/home/deniz/Projects/SneakySnake/SneakySnake-HLS-HBM/hw/pipeline.cpp:657->/home/deniz/Projects/SneakySnake/SneakySnake-HLS-HBM/hw/pipeline.cpp:710) [183]  (0.708 ns)
	'select' operation 4 bit ('max', /home/deniz/Projects/SneakySnake/SneakySnake-HLS-HBM/hw/pipeline.cpp:318->/home/deniz/Projects/SneakySnake/SneakySnake-HLS-HBM/hw/pipeline.cpp:657->/home/deniz/Projects/SneakySnake/SneakySnake-HLS-HBM/hw/pipeline.cpp:710) [184]  (0.351 ns)
	'icmp' operation 1 bit ('icmp_ln318_3', /home/deniz/Projects/SneakySnake/SneakySnake-HLS-HBM/hw/pipeline.cpp:318->/home/deniz/Projects/SneakySnake/SneakySnake-HLS-HBM/hw/pipeline.cpp:657->/home/deniz/Projects/SneakySnake/SneakySnake-HLS-HBM/hw/pipeline.cpp:710) [185]  (0.708 ns)
	'select' operation 4 bit ('max', /home/deniz/Projects/SneakySnake/SneakySnake-HLS-HBM/hw/pipeline.cpp:318->/home/deniz/Projects/SneakySnake/SneakySnake-HLS-HBM/hw/pipeline.cpp:657->/home/deniz/Projects/SneakySnake/SneakySnake-HLS-HBM/hw/pipeline.cpp:710) [186]  (0.351 ns)
	'icmp' operation 1 bit ('icmp_ln318_4', /home/deniz/Projects/SneakySnake/SneakySnake-HLS-HBM/hw/pipeline.cpp:318->/home/deniz/Projects/SneakySnake/SneakySnake-HLS-HBM/hw/pipeline.cpp:657->/home/deniz/Projects/SneakySnake/SneakySnake-HLS-HBM/hw/pipeline.cpp:710) [187]  (0.708 ns)
	'select' operation 4 bit ('max', /home/deniz/Projects/SneakySnake/SneakySnake-HLS-HBM/hw/pipeline.cpp:318->/home/deniz/Projects/SneakySnake/SneakySnake-HLS-HBM/hw/pipeline.cpp:657->/home/deniz/Projects/SneakySnake/SneakySnake-HLS-HBM/hw/pipeline.cpp:710) [188]  (0.351 ns)
	'icmp' operation 1 bit ('icmp_ln318_5', /home/deniz/Projects/SneakySnake/SneakySnake-HLS-HBM/hw/pipeline.cpp:318->/home/deniz/Projects/SneakySnake/SneakySnake-HLS-HBM/hw/pipeline.cpp:657->/home/deniz/Projects/SneakySnake/SneakySnake-HLS-HBM/hw/pipeline.cpp:710) [189]  (0.708 ns)
	'select' operation 4 bit ('max', /home/deniz/Projects/SneakySnake/SneakySnake-HLS-HBM/hw/pipeline.cpp:318->/home/deniz/Projects/SneakySnake/SneakySnake-HLS-HBM/hw/pipeline.cpp:657->/home/deniz/Projects/SneakySnake/SneakySnake-HLS-HBM/hw/pipeline.cpp:710) [190]  (0.351 ns)
	'icmp' operation 1 bit ('icmp_ln318_6', /home/deniz/Projects/SneakySnake/SneakySnake-HLS-HBM/hw/pipeline.cpp:318->/home/deniz/Projects/SneakySnake/SneakySnake-HLS-HBM/hw/pipeline.cpp:657->/home/deniz/Projects/SneakySnake/SneakySnake-HLS-HBM/hw/pipeline.cpp:710) [191]  (0.708 ns)
	'select' operation 4 bit ('max', /home/deniz/Projects/SneakySnake/SneakySnake-HLS-HBM/hw/pipeline.cpp:318->/home/deniz/Projects/SneakySnake/SneakySnake-HLS-HBM/hw/pipeline.cpp:657->/home/deniz/Projects/SneakySnake/SneakySnake-HLS-HBM/hw/pipeline.cpp:710) [192]  (0.351 ns)
	'icmp' operation 1 bit ('icmp_ln318_7', /home/deniz/Projects/SneakySnake/SneakySnake-HLS-HBM/hw/pipeline.cpp:318->/home/deniz/Projects/SneakySnake/SneakySnake-HLS-HBM/hw/pipeline.cpp:657->/home/deniz/Projects/SneakySnake/SneakySnake-HLS-HBM/hw/pipeline.cpp:710) [193]  (0.708 ns)
	'select' operation 4 bit ('max', /home/deniz/Projects/SneakySnake/SneakySnake-HLS-HBM/hw/pipeline.cpp:318->/home/deniz/Projects/SneakySnake/SneakySnake-HLS-HBM/hw/pipeline.cpp:657->/home/deniz/Projects/SneakySnake/SneakySnake-HLS-HBM/hw/pipeline.cpp:710) [194]  (0.351 ns)
	'icmp' operation 1 bit ('icmp_ln318_8', /home/deniz/Projects/SneakySnake/SneakySnake-HLS-HBM/hw/pipeline.cpp:318->/home/deniz/Projects/SneakySnake/SneakySnake-HLS-HBM/hw/pipeline.cpp:657->/home/deniz/Projects/SneakySnake/SneakySnake-HLS-HBM/hw/pipeline.cpp:710) [195]  (0.708 ns)
	'select' operation 4 bit ('max', /home/deniz/Projects/SneakySnake/SneakySnake-HLS-HBM/hw/pipeline.cpp:318->/home/deniz/Projects/SneakySnake/SneakySnake-HLS-HBM/hw/pipeline.cpp:657->/home/deniz/Projects/SneakySnake/SneakySnake-HLS-HBM/hw/pipeline.cpp:710) [196]  (0.351 ns)
	'icmp' operation 1 bit ('icmp_ln318_9', /home/deniz/Projects/SneakySnake/SneakySnake-HLS-HBM/hw/pipeline.cpp:318->/home/deniz/Projects/SneakySnake/SneakySnake-HLS-HBM/hw/pipeline.cpp:657->/home/deniz/Projects/SneakySnake/SneakySnake-HLS-HBM/hw/pipeline.cpp:710) [197]  (0.708 ns)
	'select' operation 4 bit ('max', /home/deniz/Projects/SneakySnake/SneakySnake-HLS-HBM/hw/pipeline.cpp:318->/home/deniz/Projects/SneakySnake/SneakySnake-HLS-HBM/hw/pipeline.cpp:657->/home/deniz/Projects/SneakySnake/SneakySnake-HLS-HBM/hw/pipeline.cpp:710) [198]  (0.351 ns)
	'shl' operation 8 bit ('shl_ln663', /home/deniz/Projects/SneakySnake/SneakySnake-HLS-HBM/hw/pipeline.cpp:663->/home/deniz/Projects/SneakySnake/SneakySnake-HLS-HBM/hw/pipeline.cpp:710) [204]  (0.706 ns)
	'store' operation 0 bit ('store_ln663', /home/deniz/Projects/SneakySnake/SneakySnake-HLS-HBM/hw/pipeline.cpp:663->/home/deniz/Projects/SneakySnake/SneakySnake-HLS-HBM/hw/pipeline.cpp:710) of variable 'shl_ln663', /home/deniz/Projects/SneakySnake/SneakySnake-HLS-HBM/hw/pipeline.cpp:663->/home/deniz/Projects/SneakySnake/SneakySnake-HLS-HBM/hw/pipeline.cpp:710 on local variable 'p_val26_i30' [231]  (0.387 ns)

 <State 4>: 0.387ns
The critical path consists of the following:


============================================================
+ Verbose Summary: Binding
============================================================
N/A
* FSMD analyzer results:
  - Output states:
 - Input state : 
  - Chain level:
	State 1
	State 2
	State 3
	State 4


============================================================
+ Verbose Summary: Datapath Resource usage 
============================================================
N/A
