

================================================================
== Vitis HLS Report for 'Loop_VITIS_LOOP_709_1_proc'
================================================================
* Date:           Sat May 17 16:08:37 2025

* Version:        2024.2 (Build 5238294 on Nov  8 2024)
* Project:        SneakySnake_bit
* Solution:       hls (Vitis Kernel Flow Target)
* Product family: virtexuplus
* Target device:  xcvu9p-flga2104-2-i


================================================================
== Performance Estimates
================================================================
+ Timing: 
    * Summary: 
    +--------+----------+----------+------------+
    |  Clock |  Target  | Estimated| Uncertainty|
    +--------+----------+----------+------------+
    |ap_clk  |  11.00 ns|  9.478 ns|     1.32 ns|
    +--------+----------+----------+------------+

+ Latency: 
    * Summary: 
    +---------+---------+----------+----------+-----+-----+------------------------------------------------+
    |  Latency (cycles) |  Latency (absolute) |  Interval |                    Pipeline                    |
    |   min   |   max   |    min   |    max   | min | max |                      Type                      |
    +---------+---------+----------+----------+-----+-----+------------------------------------------------+
    |       18|       18|  0.198 us|  0.198 us|   17|   17|  loop auto-rewind stp (delay=5 clock cycles(s))|
    +---------+---------+----------+----------+-----+-----+------------------------------------------------+

    + Detail: 
        * Instance: 
        +------------------------------+-------------------+---------+---------+-----------+-----------+-----+-----+---------+
        |                              |                   |  Latency (cycles) |   Latency (absolute)  |  Interval | Pipeline|
        |           Instance           |       Module      |   min   |   max   |    min    |    max    | min | max |   Type  |
        +------------------------------+-------------------+---------+---------+-----------+-----------+-----+-----+---------+
        |grp_after_neighbohood_fu_142  |after_neighbohood  |        3|        3|  33.000 ns|  33.000 ns|    1|    1|      yes|
        +------------------------------+-------------------+---------+---------+-----------+-----------+-----+-----+---------+

        * Loop: 
        +--------------------+---------+---------+----------+-----------+-----------+------+----------+
        |                    |  Latency (cycles) | Iteration|  Initiation Interval  | Trip |          |
        |      Loop Name     |   min   |   max   |  Latency |  achieved |   target  | Count| Pipelined|
        +--------------------+---------+---------+----------+-----------+-----------+------+----------+
        |- VITIS_LOOP_709_1  |       16|       16|         6|          1|          1|    12|       yes|
        +--------------------+---------+---------+----------+-----------+-----------+------+----------+



================================================================
== Utilization Estimates
================================================================
* Summary: 
+---------------------+---------+------+---------+---------+-----+
|         Name        | BRAM_18K|  DSP |    FF   |   LUT   | URAM|
+---------------------+---------+------+---------+---------+-----+
|DSP                  |        -|     -|        -|        -|    -|
|Expression           |        -|     -|        0|     6167|    -|
|FIFO                 |        -|     -|        -|        -|    -|
|Instance             |        -|     -|      325|     3235|    -|
|Memory               |        -|     -|        -|        -|    -|
|Multiplexer          |        -|     -|        0|       54|    -|
|Register             |        -|     -|      113|        -|    -|
+---------------------+---------+------+---------+---------+-----+
|Total                |        0|     0|      438|     9456|    0|
+---------------------+---------+------+---------+---------+-----+
|Available SLR        |     1440|  2280|   788160|   394080|  320|
+---------------------+---------+------+---------+---------+-----+
|Utilization SLR (%)  |        0|     0|       ~0|        2|    0|
+---------------------+---------+------+---------+---------+-----+
|Available            |     4320|  6840|  2364480|  1182240|  960|
+---------------------+---------+------+---------+---------+-----+
|Utilization (%)      |        0|     0|       ~0|       ~0|    0|
+---------------------+---------+------+---------+---------+-----+

+ Detail: 
    * Instance: 
    +------------------------------+-------------------+---------+----+-----+------+-----+
    |           Instance           |       Module      | BRAM_18K| DSP|  FF |  LUT | URAM|
    +------------------------------+-------------------+---------+----+-----+------+-----+
    |grp_after_neighbohood_fu_142  |after_neighbohood  |        0|   0|  325|  3235|    0|
    +------------------------------+-------------------+---------+----+-----+------+-----+
    |Total                         |                   |        0|   0|  325|  3235|    0|
    +------------------------------+-------------------+---------+----+-----+------+-----+

    * DSP: 
    N/A

    * Memory: 
    N/A

    * FIFO: 
    N/A

    * Expression: 
    +------------------------------------------+----------+----+---+-----+------------+------------+
    |               Variable Name              | Operation| DSP| FF| LUT | Bitwidth P0| Bitwidth P1|
    +------------------------------------------+----------+----+---+-----+------------+------------+
    |global_count_fu_604_p2                    |         +|   0|  0|    9|           2|           2|
    |i_fu_584_p2                               |         +|   0|  0|   12|           4|           1|
    |and_ln712_fu_238_p2                       |       and|   0|  0|    8|           8|           8|
    |and_ln713_1_fu_306_p2                     |       and|   0|  0|    8|           8|           8|
    |and_ln713_2_fu_340_p2                     |       and|   0|  0|    8|           8|           8|
    |and_ln713_3_fu_374_p2                     |       and|   0|  0|    8|           8|           8|
    |and_ln713_4_fu_408_p2                     |       and|   0|  0|    8|           8|           8|
    |and_ln713_fu_272_p2                       |       and|   0|  0|    8|           8|           8|
    |and_ln714_1_fu_476_p2                     |       and|   0|  0|    8|           8|           8|
    |and_ln714_2_fu_510_p2                     |       and|   0|  0|    8|           8|           8|
    |and_ln714_3_fu_544_p2                     |       and|   0|  0|    8|           8|           8|
    |and_ln714_4_fu_578_p2                     |       and|   0|  0|    8|           8|           8|
    |and_ln714_fu_442_p2                       |       and|   0|  0|    8|           8|           8|
    |ap_condition_210                          |       and|   0|  0|    2|           1|           1|
    |ap_condition_212                          |       and|   0|  0|    2|           1|           1|
    |icmp_ln709_fu_590_p2                      |      icmp|   0|  0|   12|           4|           4|
    |icmp_ln712_fu_178_p2                      |      icmp|   0|  0|   14|           7|           1|
    |lshr_ln712_fu_220_p2                      |      lshr|   0|  0|  423|         128|         128|
    |lshr_ln713_1_fu_296_p2                    |      lshr|   0|  0|  423|         128|         128|
    |lshr_ln713_2_fu_330_p2                    |      lshr|   0|  0|  423|         128|         128|
    |lshr_ln713_3_fu_364_p2                    |      lshr|   0|  0|  423|         128|         128|
    |lshr_ln713_4_fu_398_p2                    |      lshr|   0|  0|  423|         128|         128|
    |lshr_ln713_fu_262_p2                      |      lshr|   0|  0|  423|         128|         128|
    |lshr_ln714_1_fu_466_p2                    |      lshr|   0|  0|  423|         128|         128|
    |lshr_ln714_2_fu_500_p2                    |      lshr|   0|  0|  423|         128|         128|
    |lshr_ln714_3_fu_534_p2                    |      lshr|   0|  0|  423|         128|         128|
    |lshr_ln714_4_fu_568_p2                    |      lshr|   0|  0|  423|         128|         128|
    |lshr_ln714_fu_432_p2                      |      lshr|   0|  0|  423|         128|         128|
    |ap_block_pp0_stage0_11001                 |        or|   0|  0|    2|           1|           1|
    |ap_block_pp0_stage0_11001_ignoreCallOp91  |        or|   0|  0|    2|           1|           1|
    |select_ln712_1_fu_208_p3                  |    select|   0|  0|    7|           1|           7|
    |select_ln712_2_fu_230_p3                  |    select|   0|  0|    2|           1|           2|
    |select_ln712_fu_200_p3                    |    select|   0|  0|  123|           1|         128|
    |select_ln713_1_fu_288_p3                  |    select|   0|  0|  123|           1|         128|
    |select_ln713_2_fu_322_p3                  |    select|   0|  0|  123|           1|         128|
    |select_ln713_3_fu_356_p3                  |    select|   0|  0|  123|           1|         128|
    |select_ln713_4_fu_390_p3                  |    select|   0|  0|  123|           1|         128|
    |select_ln713_fu_254_p3                    |    select|   0|  0|  123|           1|         128|
    |select_ln714_1_fu_458_p3                  |    select|   0|  0|  123|           1|         128|
    |select_ln714_2_fu_492_p3                  |    select|   0|  0|  123|           1|         128|
    |select_ln714_3_fu_526_p3                  |    select|   0|  0|  123|           1|         128|
    |select_ln714_4_fu_560_p3                  |    select|   0|  0|  123|           1|         128|
    |select_ln714_fu_424_p3                    |    select|   0|  0|  123|           1|         128|
    |ap_enable_pp0                             |       xor|   0|  0|    2|           1|           2|
    |xor_ln712_fu_194_p2                       |       xor|   0|  0|    7|           7|           2|
    +------------------------------------------+----------+----+---+-----+------------+------------+
    |Total                                     |          |   0|  0| 6167|        1538|        2929|
    +------------------------------------------+----------+----+---+-----+------------+------------+

    * Multiplexer: 
    +----------------------------------+----+-----------+-----+-----------+
    |               Name               | LUT| Input Size| Bits| Total Bits|
    +----------------------------------+----+-----------+-----+-----------+
    |ap_done_int                       |   9|          2|    1|          2|
    |ap_loop_exit_ready_pp0_iter5_reg  |   9|          2|    1|          2|
    |ap_return                         |   9|          2|    2|          4|
    |ap_sig_allocacmp_i1_load          |   9|          2|    4|          8|
    |global_count2_fu_72               |   9|          2|    2|          4|
    |i1_fu_68                          |   9|          2|    4|          8|
    +----------------------------------+----+-----------+-----+-----------+
    |Total                             |  54|         12|   14|         28|
    +----------------------------------+----+-----------+-----+-----------+

    * Register: 
    +--------------------------------------------------+---+----+-----+-----------+
    |                       Name                       | FF| LUT| Bits| Const Bits|
    +--------------------------------------------------+---+----+-----+-----------+
    |and_ln712_reg_629                                 |  8|   0|    8|          0|
    |and_ln713_1_reg_639                               |  8|   0|    8|          0|
    |and_ln713_2_reg_644                               |  8|   0|    8|          0|
    |and_ln713_3_reg_649                               |  8|   0|    8|          0|
    |and_ln713_4_reg_654                               |  8|   0|    8|          0|
    |and_ln713_reg_634                                 |  8|   0|    8|          0|
    |and_ln714_1_reg_664                               |  8|   0|    8|          0|
    |and_ln714_2_reg_669                               |  8|   0|    8|          0|
    |and_ln714_3_reg_674                               |  8|   0|    8|          0|
    |and_ln714_4_reg_679                               |  8|   0|    8|          0|
    |and_ln714_reg_659                                 |  8|   0|    8|          0|
    |ap_CS_fsm                                         |  1|   0|    1|          0|
    |ap_condition_exit_pp0_iter0_stage0_pp0_iter1_reg  |  1|   0|    1|          0|
    |ap_condition_exit_pp0_iter0_stage0_pp0_iter2_reg  |  1|   0|    1|          0|
    |ap_condition_exit_pp0_iter0_stage0_pp0_iter3_reg  |  1|   0|    1|          0|
    |ap_condition_exit_pp0_iter0_stage0_pp0_iter4_reg  |  1|   0|    1|          0|
    |ap_condition_exit_pp0_iter0_stage0_pp0_iter5_reg  |  1|   0|    1|          0|
    |ap_done_reg                                       |  1|   0|    1|          0|
    |ap_enable_reg_pp0_iter1                           |  1|   0|    1|          0|
    |ap_enable_reg_pp0_iter2                           |  1|   0|    1|          0|
    |ap_enable_reg_pp0_iter3                           |  1|   0|    1|          0|
    |ap_enable_reg_pp0_iter4                           |  1|   0|    1|          0|
    |ap_enable_reg_pp0_iter5                           |  1|   0|    1|          0|
    |ap_loop_exit_ready_pp0_iter1_reg                  |  1|   0|    1|          0|
    |ap_loop_exit_ready_pp0_iter2_reg                  |  1|   0|    1|          0|
    |ap_loop_exit_ready_pp0_iter3_reg                  |  1|   0|    1|          0|
    |ap_loop_exit_ready_pp0_iter4_reg                  |  1|   0|    1|          0|
    |ap_loop_exit_ready_pp0_iter5_reg                  |  1|   0|    1|          0|
    |ap_return_preg                                    |  2|   0|    2|          0|
    |global_count2_fu_72                               |  2|   0|    2|          0|
    |i1_fu_68                                          |  4|   0|    4|          0|
    +--------------------------------------------------+---+----+-----+-----------+
    |Total                                             |113|   0|  113|          0|
    +--------------------------------------------------+---+----+-----+-----------+



================================================================
== Interface
================================================================
* Summary: 
+-------------+-----+-----+------------+----------------------------+--------------+
|  RTL Ports  | Dir | Bits|  Protocol  |        Source Object       |    C Type    |
+-------------+-----+-----+------------+----------------------------+--------------+
|ap_continue  |   in|    1|  ap_ctrl_hs|  Loop_VITIS_LOOP_709_1_proc|  return value|
|ap_clk       |   in|    1|  ap_ctrl_hs|  Loop_VITIS_LOOP_709_1_proc|  return value|
|ap_rst       |   in|    1|  ap_ctrl_hs|  Loop_VITIS_LOOP_709_1_proc|  return value|
|ap_start     |   in|    1|  ap_ctrl_hs|  Loop_VITIS_LOOP_709_1_proc|  return value|
|ap_done      |  out|    1|  ap_ctrl_hs|  Loop_VITIS_LOOP_709_1_proc|  return value|
|ap_idle      |  out|    1|  ap_ctrl_hs|  Loop_VITIS_LOOP_709_1_proc|  return value|
|ap_ready     |  out|    1|  ap_ctrl_hs|  Loop_VITIS_LOOP_709_1_proc|  return value|
|ap_return    |  out|    2|  ap_ctrl_hs|  Loop_VITIS_LOOP_709_1_proc|  return value|
|p_read       |   in|  128|     ap_none|                      p_read|        scalar|
|p_read1      |   in|  128|     ap_none|                     p_read1|        scalar|
|p_read2      |   in|  128|     ap_none|                     p_read2|        scalar|
|p_read3      |   in|  128|     ap_none|                     p_read3|        scalar|
|p_read4      |   in|  128|     ap_none|                     p_read4|        scalar|
|p_read5      |   in|  128|     ap_none|                     p_read5|        scalar|
|p_read6      |   in|  128|     ap_none|                     p_read6|        scalar|
|p_read7      |   in|  128|     ap_none|                     p_read7|        scalar|
|p_read8      |   in|  128|     ap_none|                     p_read8|        scalar|
|p_read9      |   in|  128|     ap_none|                     p_read9|        scalar|
|p_read10     |   in|  128|     ap_none|                    p_read10|        scalar|
+-------------+-----+-----+------------+----------------------------+--------------+

