

================================================================
== Vitis HLS Report for 'NeighborhoodMap_bit'
================================================================
* Date:           Fri May  9 17:46:15 2025

* Version:        2024.2 (Build 5238294 on Nov  8 2024)
* Project:        SneakySnake_bit
* Solution:       hls (Vitis Kernel Flow Target)
* Product family: virtexuplus
* Target device:  xcvu9p-flga2104-2-i


================================================================
== Performance Estimates
================================================================
+ Timing: 
    * Summary: 
    +--------+----------+----------+------------+
    |  Clock |  Target  | Estimated| Uncertainty|
    +--------+----------+----------+------------+
    |ap_clk  |  11.00 ns|  2.118 ns|     1.32 ns|
    +--------+----------+----------+------------+

+ Latency: 
    * Summary: 
    +---------+---------+----------+----------+-----+-----+---------+
    |  Latency (cycles) |  Latency (absolute) |  Interval | Pipeline|
    |   min   |   max   |    min   |    max   | min | max |   Type  |
    +---------+---------+----------+----------+-----+-----+---------+
    |      131|      131|  1.441 us|  1.441 us|  131|  131|       no|
    +---------+---------+----------+----------+-----+-----+---------+

    + Detail: 
        * Instance: 
        +-----------------------------------------------------------+------------------------------------------------+---------+---------+----------+----------+-----+-----+------------------------------------------------+
        |                                                           |                                                |  Latency (cycles) |  Latency (absolute) |  Interval |                    Pipeline                    |
        |                          Instance                         |                     Module                     |   min   |   max   |    min   |    max   | min | max |                      Type                      |
        +-----------------------------------------------------------+------------------------------------------------+---------+---------+----------+----------+-----+-----+------------------------------------------------+
        |grp_NeighborhoodMap_bit_Pipeline_VITIS_LOOP_380_1_fu_158   |NeighborhoodMap_bit_Pipeline_VITIS_LOOP_380_1   |      129|      129|  1.419 us|  1.419 us|  128|  128|  loop auto-rewind stp (delay=0 clock cycles(s))|
        |grp_NeighborhoodMap_bit_Pipeline_VITIS_LOOP_400_2_fu_164   |NeighborhoodMap_bit_Pipeline_VITIS_LOOP_400_2   |      129|      129|  1.419 us|  1.419 us|  128|  128|  loop auto-rewind stp (delay=0 clock cycles(s))|
        |grp_NeighborhoodMap_bit_Pipeline_VITIS_LOOP_419_3_fu_170   |NeighborhoodMap_bit_Pipeline_VITIS_LOOP_419_3   |      129|      129|  1.419 us|  1.419 us|  128|  128|  loop auto-rewind stp (delay=0 clock cycles(s))|
        |grp_NeighborhoodMap_bit_Pipeline_VITIS_LOOP_438_4_fu_176   |NeighborhoodMap_bit_Pipeline_VITIS_LOOP_438_4   |      129|      129|  1.419 us|  1.419 us|  128|  128|  loop auto-rewind stp (delay=0 clock cycles(s))|
        |grp_NeighborhoodMap_bit_Pipeline_VITIS_LOOP_462_5_fu_182   |NeighborhoodMap_bit_Pipeline_VITIS_LOOP_462_5   |      129|      129|  1.419 us|  1.419 us|  128|  128|  loop auto-rewind stp (delay=0 clock cycles(s))|
        |grp_NeighborhoodMap_bit_Pipeline_VITIS_LOOP_488_6_fu_188   |NeighborhoodMap_bit_Pipeline_VITIS_LOOP_488_6   |      129|      129|  1.419 us|  1.419 us|  128|  128|  loop auto-rewind stp (delay=0 clock cycles(s))|
        |grp_NeighborhoodMap_bit_Pipeline_VITIS_LOOP_516_7_fu_194   |NeighborhoodMap_bit_Pipeline_VITIS_LOOP_516_7   |      129|      129|  1.419 us|  1.419 us|  128|  128|  loop auto-rewind stp (delay=0 clock cycles(s))|
        |grp_NeighborhoodMap_bit_Pipeline_VITIS_LOOP_534_8_fu_200   |NeighborhoodMap_bit_Pipeline_VITIS_LOOP_534_8   |      129|      129|  1.419 us|  1.419 us|  128|  128|  loop auto-rewind stp (delay=0 clock cycles(s))|
        |grp_NeighborhoodMap_bit_Pipeline_VITIS_LOOP_556_9_fu_206   |NeighborhoodMap_bit_Pipeline_VITIS_LOOP_556_9   |      129|      129|  1.419 us|  1.419 us|  128|  128|  loop auto-rewind stp (delay=0 clock cycles(s))|
        |grp_NeighborhoodMap_bit_Pipeline_VITIS_LOOP_580_10_fu_212  |NeighborhoodMap_bit_Pipeline_VITIS_LOOP_580_10  |      129|      129|  1.419 us|  1.419 us|  128|  128|  loop auto-rewind stp (delay=0 clock cycles(s))|
        |grp_NeighborhoodMap_bit_Pipeline_VITIS_LOOP_607_11_fu_218  |NeighborhoodMap_bit_Pipeline_VITIS_LOOP_607_11  |      129|      129|  1.419 us|  1.419 us|  128|  128|  loop auto-rewind stp (delay=0 clock cycles(s))|
        +-----------------------------------------------------------+------------------------------------------------+---------+---------+----------+----------+-----+-----+------------------------------------------------+

        * Loop: 
        N/A



================================================================
== Utilization Estimates
================================================================
* Summary: 
+---------------------+---------+------+---------+---------+-----+
|         Name        | BRAM_18K|  DSP |    FF   |   LUT   | URAM|
+---------------------+---------+------+---------+---------+-----+
|DSP                  |        -|     -|        -|        -|    -|
|Expression           |        -|     -|        0|     2820|    -|
|FIFO                 |        -|     -|        -|        -|    -|
|Instance             |        -|     -|     1595|     4191|    -|
|Memory               |        -|     -|        -|        -|    -|
|Multiplexer          |        -|     -|        0|       29|    -|
|Register             |        -|     -|     2831|        -|    -|
+---------------------+---------+------+---------+---------+-----+
|Total                |        0|     0|     4426|     7040|    0|
+---------------------+---------+------+---------+---------+-----+
|Available SLR        |     1440|  2280|   788160|   394080|  320|
+---------------------+---------+------+---------+---------+-----+
|Utilization SLR (%)  |        0|     0|       ~0|        1|    0|
+---------------------+---------+------+---------+---------+-----+
|Available            |     4320|  6840|  2364480|  1182240|  960|
+---------------------+---------+------+---------+---------+-----+
|Utilization (%)      |        0|     0|       ~0|       ~0|    0|
+---------------------+---------+------+---------+---------+-----+

+ Detail: 
    * Instance: 
    +-----------------------------------------------------------+------------------------------------------------+---------+----+-----+-----+-----+
    |                          Instance                         |                     Module                     | BRAM_18K| DSP|  FF | LUT | URAM|
    +-----------------------------------------------------------+------------------------------------------------+---------+----+-----+-----+-----+
    |grp_NeighborhoodMap_bit_Pipeline_VITIS_LOOP_380_1_fu_158   |NeighborhoodMap_bit_Pipeline_VITIS_LOOP_380_1   |        0|   0|  145|  381|    0|
    |grp_NeighborhoodMap_bit_Pipeline_VITIS_LOOP_400_2_fu_164   |NeighborhoodMap_bit_Pipeline_VITIS_LOOP_400_2   |        0|   0|  145|  381|    0|
    |grp_NeighborhoodMap_bit_Pipeline_VITIS_LOOP_419_3_fu_170   |NeighborhoodMap_bit_Pipeline_VITIS_LOOP_419_3   |        0|   0|  145|  381|    0|
    |grp_NeighborhoodMap_bit_Pipeline_VITIS_LOOP_438_4_fu_176   |NeighborhoodMap_bit_Pipeline_VITIS_LOOP_438_4   |        0|   0|  145|  381|    0|
    |grp_NeighborhoodMap_bit_Pipeline_VITIS_LOOP_462_5_fu_182   |NeighborhoodMap_bit_Pipeline_VITIS_LOOP_462_5   |        0|   0|  145|  381|    0|
    |grp_NeighborhoodMap_bit_Pipeline_VITIS_LOOP_488_6_fu_188   |NeighborhoodMap_bit_Pipeline_VITIS_LOOP_488_6   |        0|   0|  145|  381|    0|
    |grp_NeighborhoodMap_bit_Pipeline_VITIS_LOOP_516_7_fu_194   |NeighborhoodMap_bit_Pipeline_VITIS_LOOP_516_7   |        0|   0|  145|  381|    0|
    |grp_NeighborhoodMap_bit_Pipeline_VITIS_LOOP_534_8_fu_200   |NeighborhoodMap_bit_Pipeline_VITIS_LOOP_534_8   |        0|   0|  145|  381|    0|
    |grp_NeighborhoodMap_bit_Pipeline_VITIS_LOOP_556_9_fu_206   |NeighborhoodMap_bit_Pipeline_VITIS_LOOP_556_9   |        0|   0|  145|  381|    0|
    |grp_NeighborhoodMap_bit_Pipeline_VITIS_LOOP_580_10_fu_212  |NeighborhoodMap_bit_Pipeline_VITIS_LOOP_580_10  |        0|   0|  145|  381|    0|
    |grp_NeighborhoodMap_bit_Pipeline_VITIS_LOOP_607_11_fu_218  |NeighborhoodMap_bit_Pipeline_VITIS_LOOP_607_11  |        0|   0|  145|  381|    0|
    +-----------------------------------------------------------+------------------------------------------------+---------+----+-----+-----+-----+
    |Total                                                      |                                                |        0|   0| 1595| 4191|    0|
    +-----------------------------------------------------------+------------------------------------------------+---------+----+-----+-----+-----+

    * DSP: 
    N/A

    * Memory: 
    N/A

    * FIFO: 
    N/A

    * Expression: 
    +---------------------------------+----------+----+---+-----+------------+------------+
    |          Variable Name          | Operation| DSP| FF| LUT | Bitwidth P0| Bitwidth P1|
    +---------------------------------+----------+----+---+-----+------------+------------+
    |ap_block_state1                  |        or|   0|  0|    2|           1|           1|
    |ap_block_state2_on_subcall_done  |        or|   0|  0|    2|           1|           1|
    |DNA_10_fu_373_p2                 |       xor|   0|  0|  256|         256|         256|
    |DNA_11_fu_394_p2                 |       xor|   0|  0|  256|         256|         256|
    |DNA_1_fu_224_p2                  |       xor|   0|  0|  256|         256|         256|
    |DNA_2_fu_237_p2                  |       xor|   0|  0|  256|         256|         256|
    |DNA_3_fu_250_p2                  |       xor|   0|  0|  256|         256|         256|
    |DNA_4_fu_310_p2                  |       xor|   0|  0|  256|         256|         256|
    |DNA_5_fu_331_p2                  |       xor|   0|  0|  256|         256|         256|
    |DNA_6_fu_263_p2                  |       xor|   0|  0|  256|         256|         256|
    |DNA_7_fu_276_p2                  |       xor|   0|  0|  256|         256|         256|
    |DNA_8_fu_289_p2                  |       xor|   0|  0|  256|         256|         256|
    |DNA_9_fu_352_p2                  |       xor|   0|  0|  256|         256|         256|
    +---------------------------------+----------+----+---+-----+------------+------------+
    |Total                            |          |   0|  0| 2820|        2818|        2818|
    +---------------------------------+----------+----+---+-----+------------+------------+

    * Multiplexer: 
    +-----------+----+-----------+-----+-----------+
    |    Name   | LUT| Input Size| Bits| Total Bits|
    +-----------+----+-----------+-----+-----------+
    |ap_NS_fsm  |  20|          4|    1|          4|
    |ap_done    |   9|          2|    1|          2|
    +-----------+----+-----------+-----+-----------+
    |Total      |  29|          6|    2|          6|
    +-----------+----+-----------+-----+-----------+

    * Register: 
    +------------------------------------------------------------------------+-----+----+-----+-----------+
    |                                  Name                                  |  FF | LUT| Bits| Const Bits|
    +------------------------------------------------------------------------+-----+----+-----+-----------+
    |DNA_10_reg_819                                                          |  256|   0|  256|          0|
    |DNA_11_reg_824                                                          |  256|   0|  256|          0|
    |DNA_1_reg_774                                                           |  256|   0|  256|          0|
    |DNA_2_reg_779                                                           |  256|   0|  256|          0|
    |DNA_3_reg_784                                                           |  256|   0|  256|          0|
    |DNA_4_reg_804                                                           |  256|   0|  256|          0|
    |DNA_5_reg_809                                                           |  256|   0|  256|          0|
    |DNA_6_reg_789                                                           |  256|   0|  256|          0|
    |DNA_7_reg_794                                                           |  256|   0|  256|          0|
    |DNA_8_reg_799                                                           |  256|   0|  256|          0|
    |DNA_9_reg_814                                                           |  256|   0|  256|          0|
    |ap_CS_fsm                                                               |    3|   0|    3|          0|
    |ap_done_reg                                                             |    1|   0|    1|          0|
    |grp_NeighborhoodMap_bit_Pipeline_VITIS_LOOP_380_1_fu_158_ap_start_reg   |    1|   0|    1|          0|
    |grp_NeighborhoodMap_bit_Pipeline_VITIS_LOOP_400_2_fu_164_ap_start_reg   |    1|   0|    1|          0|
    |grp_NeighborhoodMap_bit_Pipeline_VITIS_LOOP_419_3_fu_170_ap_start_reg   |    1|   0|    1|          0|
    |grp_NeighborhoodMap_bit_Pipeline_VITIS_LOOP_438_4_fu_176_ap_start_reg   |    1|   0|    1|          0|
    |grp_NeighborhoodMap_bit_Pipeline_VITIS_LOOP_462_5_fu_182_ap_start_reg   |    1|   0|    1|          0|
    |grp_NeighborhoodMap_bit_Pipeline_VITIS_LOOP_488_6_fu_188_ap_start_reg   |    1|   0|    1|          0|
    |grp_NeighborhoodMap_bit_Pipeline_VITIS_LOOP_516_7_fu_194_ap_start_reg   |    1|   0|    1|          0|
    |grp_NeighborhoodMap_bit_Pipeline_VITIS_LOOP_534_8_fu_200_ap_start_reg   |    1|   0|    1|          0|
    |grp_NeighborhoodMap_bit_Pipeline_VITIS_LOOP_556_9_fu_206_ap_start_reg   |    1|   0|    1|          0|
    |grp_NeighborhoodMap_bit_Pipeline_VITIS_LOOP_580_10_fu_212_ap_start_reg  |    1|   0|    1|          0|
    |grp_NeighborhoodMap_bit_Pipeline_VITIS_LOOP_607_11_fu_218_ap_start_reg  |    1|   0|    1|          0|
    +------------------------------------------------------------------------+-----+----+-----+-----------+
    |Total                                                                   | 2831|   0| 2831|          0|
    +------------------------------------------------------------------------+-----+----+-----+-----------+



================================================================
== Interface
================================================================
* Summary: 
+--------------+-----+-----+------------+---------------------+--------------+
|   RTL Ports  | Dir | Bits|  Protocol  |    Source Object    |    C Type    |
+--------------+-----+-----+------------+---------------------+--------------+
|ap_clk        |   in|    1|  ap_ctrl_hs|  NeighborhoodMap_bit|  return value|
|ap_rst        |   in|    1|  ap_ctrl_hs|  NeighborhoodMap_bit|  return value|
|ap_start      |   in|    1|  ap_ctrl_hs|  NeighborhoodMap_bit|  return value|
|ap_done       |  out|    1|  ap_ctrl_hs|  NeighborhoodMap_bit|  return value|
|ap_continue   |   in|    1|  ap_ctrl_hs|  NeighborhoodMap_bit|  return value|
|ap_idle       |  out|    1|  ap_ctrl_hs|  NeighborhoodMap_bit|  return value|
|ap_ready      |  out|    1|  ap_ctrl_hs|  NeighborhoodMap_bit|  return value|
|ap_return_0   |  out|  128|  ap_ctrl_hs|  NeighborhoodMap_bit|  return value|
|ap_return_1   |  out|  128|  ap_ctrl_hs|  NeighborhoodMap_bit|  return value|
|ap_return_2   |  out|  128|  ap_ctrl_hs|  NeighborhoodMap_bit|  return value|
|ap_return_3   |  out|  128|  ap_ctrl_hs|  NeighborhoodMap_bit|  return value|
|ap_return_4   |  out|  128|  ap_ctrl_hs|  NeighborhoodMap_bit|  return value|
|ap_return_5   |  out|  128|  ap_ctrl_hs|  NeighborhoodMap_bit|  return value|
|ap_return_6   |  out|  128|  ap_ctrl_hs|  NeighborhoodMap_bit|  return value|
|ap_return_7   |  out|  128|  ap_ctrl_hs|  NeighborhoodMap_bit|  return value|
|ap_return_8   |  out|  128|  ap_ctrl_hs|  NeighborhoodMap_bit|  return value|
|ap_return_9   |  out|  128|  ap_ctrl_hs|  NeighborhoodMap_bit|  return value|
|ap_return_10  |  out|  128|  ap_ctrl_hs|  NeighborhoodMap_bit|  return value|
|ReadSeq       |   in|  256|     ap_none|              ReadSeq|       pointer|
|RefSeq        |   in|  256|     ap_none|               RefSeq|       pointer|
+--------------+-----+-----+------------+---------------------+--------------+

